--------- beginning of /dev/log/main
I/qemu-props( 1130): connected to 'boot-properties' qemud service.
I/qemu-props( 1130): receiving..
I/qemu-props( 1130): received: qemu.sf.fake_camera=none
I/qemu-props( 1130): receiving..
I/qemu-props( 1130): received: ro.opengles.version=131072
I/qemu-props( 1130): receiving..
I/qemu-props( 1130): received: dalvik.vm.heapsize=512m
I/qemu-props( 1130): receiving..
I/qemu-props( 1130): received: qemu.hw.mainkeys=0
I/qemu-props( 1130): receiving..
I/qemu-props( 1130): received: qemu.sf.lcd_density=480
I/qemu-props( 1130): receiving..
I/qemu-props( 1130): exiting (5 properties set).
I/installd( 1138): installd firing up
I/DEBUG   ( 1132): debuggerd: Apr 20 2016 03:48:14
I/Netd    ( 1131): Netd 1.0 starting
W/InterfaceController( 1131): Warning (dlopen failed: library "/system/lib/libnetcmdiface.so" not found) while opening the net interface command library
--------- beginning of /dev/log/system
I/Vold    ( 1129): Vold 2.1 (the revenge) firing up
D/Vold    ( 1129): Volume sdcard state changing -1 (Initializing) -> 0 (No-Media)
D/Vold    ( 1129): Volume sdcard state changing 0 (No-Media) -> 2 (Pending)
I/SurfaceFlinger( 1134): SurfaceFlinger is starting
I/SurfaceFlinger( 1134): SurfaceFlinger's main thread ready to run. Initializing graphics H/W...
E/libEGL  ( 1134): load_driver(/system/lib/egl/libGLES_emulation.so): dlopen failed: library "/system/lib/egl/libGLES_emulation.so" not found
D/libEGL  ( 1134): loaded /system/lib/egl/libEGL_emulation.so
D/libEGL  ( 1134): loaded /system/lib/egl/libGLESv1_CM_emulation.so
D/libEGL  ( 1134): loaded /system/lib/egl/libGLESv2_emulation.so
D/        ( 1134): HostConnection::get() New Host Connection established 0xb8baccb0, tid 1134
E/SurfaceFlinger( 1134): hwcomposer module not found
W/SurfaceFlinger( 1134): getting VSYNC period from fb HAL: 16666666
W/SurfaceFlinger( 1134): no suitable EGLConfig found, trying a simpler query
I/SurfaceFlinger( 1134): EGL informations:
I/SurfaceFlinger( 1134): vendor    : Android
I/SurfaceFlinger( 1134): version   : 1.4 Android META-EGL
I/SurfaceFlinger( 1134): extensions: EGL_KHR_get_all_proc_addresses EGL_ANDROID_presentation_time EGL_KHR_image_base EGL_KHR_gl_texture_2D_image EGL_KHR_fence_sync EGL_ANDROID_image_native_buffer 
I/SurfaceFlinger( 1134): Client API: OpenGL_ES
I/SurfaceFlinger( 1134): EGLSurface: 8-8-8-8, config=0x2
I/SurfaceFlinger( 1134): OpenGL ES informations:
I/SurfaceFlinger( 1134): vendor    : Google (Intel)
I/SurfaceFlinger( 1134): renderer  : Android Emulator OpenGL ES Translator (Intel(R) HD Graphics)
I/SurfaceFlinger( 1134): version   : OpenGL ES 2.0 (4.4.0 - Build 10.18.15.4263)
I/SurfaceFlinger( 1134): extensions: GL_EXT_debug_marker GL_OES_EGL_image GL_OES_EGL_image_external GL_OES_depth24 GL_OES_depth32 GL_OES_element_index_uint GL_OES_texture_float GL_OES_texture_float_linear GL_OES_compressed_paletted_texture GL_OES_compressed_ETC1_RGB8_texture GL_OES_depth_texture GL_OES_texture_half_float GL_OES_texture_half_float_linear GL_OES_packed_depth_stencil GL_OES_vertex_half_float GL_OES_texture_npot GL_OES_rgb8_rgba8 ANDROID_EMU_CHECKSUM_HELPER_v1 
I/SurfaceFlinger( 1134): GL_MAX_TEXTURE_SIZE = 16384
I/SurfaceFlinger( 1134): GL_MAX_VIEWPORT_DIMS = 16384
E/cutils-trace( 1134): Error opening trace file: Permission denied (13)
W/SurfaceFlinger( 1134): power module not found
W/SurfaceFlinger( 1134): power module not found
D/SurfaceFlinger( 1134): Screen acquired, type=0 flinger=0xb8bab820
I/mediaserver( 1137): ServiceManager: 0xb9399d40
I/AudioFlinger( 1137): Using default 3000 mSec as standby time.
I/CameraService( 1137): CameraService started (pid=1137)
D/EmulatedCamera_QemuClient( 1137): Emulated camera list: 
I/CameraService( 1137): Loaded "Emulated Camera Module" camera module
I/AudioPolicyManagerBase( 1137): loadAudioPolicyConfig() loaded /system/etc/audio_policy.conf
E/AudioFlinger( 1137): int android::load_audio_interface(const char*, audio_hw_device_t**) couldn't load audio hw module audio.primary (No such file or directory)
I/AudioFlinger( 1137): loadHwModule() error -2 loading module primary 
W/AudioPolicyManagerBase( 1137): could not open HW module primary
E/AudioFlinger( 1137): int android::load_audio_interface(const char*, audio_hw_device_t**) couldn't load audio hw module audio.r_submix (No such file or directory)
I/AudioFlinger( 1137): loadHwModule() error -2 loading module r_submix 
W/AudioPolicyManagerBase( 1137): could not open HW module r_submix
E/AudioPolicyManagerBase( 1137): Not output found for attached devices 00000002
E/AudioPolicyManagerBase( 1137): Failed to open primary output
E/AudioPolicyManagerBase( 1137): getDeviceForStrategy() speaker device not found for STRATEGY_SONIFICATION
E/AudioPolicyManagerBase( 1137): getDeviceForStrategy() speaker device not found for STRATEGY_SONIFICATION
E/AudioPolicyService( 1137): couldn't init_check the audio policy (No such device)
E/SurfaceFlinger( 1134): ro.sf.lcd_density must be defined as a build property
E/libEGL  ( 1206): load_driver(/system/lib/egl/libGLES_emulation.so): dlopen failed: library "/system/lib/egl/libGLES_emulation.so" not found
D/libEGL  ( 1206): loaded /system/lib/egl/libEGL_emulation.so
D/libEGL  ( 1206): loaded /system/lib/egl/libGLESv1_CM_emulation.so
D/libEGL  ( 1206): loaded /system/lib/egl/libGLESv2_emulation.so
D/        ( 1206): HostConnection::get() New Host Connection established 0xb872ac60, tid 1253
E/cutils-trace( 1206): Error opening trace file: Permission denied (13)
D/        ( 1134): HostConnection::get() New Host Connection established 0xb8bb0380, tid 1170
D/        ( 1134): HostConnection::get() New Host Connection established 0xb8bb31b0, tid 1172
D/AndroidRuntime( 1135): 
D/AndroidRuntime( 1135): >>>>>> AndroidRuntime START com.android.internal.os.ZygoteInit <<<<<<
W/linker  ( 1135): libdvm.so has text relocations. This is wasting memory and is a security risk. Please fix.
D/AndroidRuntime( 1135): CheckJNI is ON
D/dalvikvm( 1135): Trying to load lib libjavacore.so 0x0
D/dalvikvm( 1135): Added shared lib libjavacore.so 0x0
D/dalvikvm( 1135): Trying to load lib libnativehelper.so 0x0
D/dalvikvm( 1135): Added shared lib libnativehelper.so 0x0
D/dalvikvm( 1135): No JNI_OnLoad found in libnativehelper.so 0x0, skipping init
I/iptables( 1131): iptables v1.4.11.1: can't initialize iptables table `nat': Table does not exist (do you need to insmod?)
I/iptables( 1131): Perhaps iptables or your kernel needs to be upgraded.
I/iptables( 1131): iptables terminated by exit(3)
E/Netd    ( 1131): exec() res=0, status=768 for /system/bin/iptables -t nat -N oem_nat_pre 
I/iptables( 1131): iptables v1.4.11.1: can't initialize iptables table `nat': Table does not exist (do you need to insmod?)
I/iptables( 1131): Perhaps iptables or your kernel needs to be upgraded.
I/iptables( 1131): iptables terminated by exit(3)
E/Netd    ( 1131): exec() res=0, status=768 for /system/bin/iptables -t nat -A PREROUTING -j oem_nat_pre 
I/iptables( 1131): iptables v1.4.11.1: can't initialize iptables table `nat': Table does not exist (do you need to insmod?)
I/iptables( 1131): Perhaps iptables or your kernel needs to be upgraded.
I/iptables( 1131): iptables terminated by exit(3)
E/Netd    ( 1131): exec() res=0, status=768 for /system/bin/iptables -t nat -N natctrl_nat_POSTROUTING 
I/iptables( 1131): iptables v1.4.11.1: can't initialize iptables table `nat': Table does not exist (do you need to insmod?)
I/iptables( 1131): Perhaps iptables or your kernel needs to be upgraded.
I/iptables( 1131): iptables terminated by exit(3)
E/Netd    ( 1131): exec() res=0, status=768 for /system/bin/iptables -t nat -A POSTROUTING -j natctrl_nat_POSTROUTING 
I/iptables( 1131): iptables v1.4.11.1: can't initialize iptables table `nat': Table does not exist (do you need to insmod?)
I/iptables( 1131): Perhaps iptables or your kernel needs to be upgraded.
I/iptables( 1131): iptables terminated by exit(3)
E/Netd    ( 1131): exec() res=0, status=768 for /system/bin/iptables -t nat -N st_nat_POSTROUTING 
I/iptables( 1131): iptables v1.4.11.1: can't initialize iptables table `nat': Table does not exist (do you need to insmod?)
I/iptables( 1131): Perhaps iptables or your kernel needs to be upgraded.
I/iptables( 1131): iptables terminated by exit(3)
E/Netd    ( 1131): exec() res=0, status=768 for /system/bin/iptables -t nat -A POSTROUTING -j st_nat_POSTROUTING 
V/NatController( 1131): runCmd(/system/bin/iptables -F natctrl_FORWARD) res=0
V/NatController( 1131): runCmd(/system/bin/iptables -A natctrl_FORWARD -j DROP) res=0
D/dalvikvm( 1135): Note: class Landroid/app/ActivityManagerNative; has 179 unimplemented (abstract) methods
V/NatController( 1131): runCmd(/system/bin/iptables -t nat -F natctrl_nat_POSTROUTING) res=3
E/memtrack( 1135): Couldn't load memtrack module (No such file or directory)
E/android.os.Debug( 1135): failed to load memtrack module: -2
I/iptables( 1131): iptables: No chain/target/match by that name.
I/iptables( 1131): iptables terminated by exit(1)
E/BandwidthController( 1131): runIptablesCmd(): res=1 status=256 failed /system/bin/iptables -A bw_INPUT -m owner --socket-exists
I/SamplingProfilerIntegration( 1135): Profiling disabled.
I/ip6tables( 1131): ip6tables: No chain/target/match by that name.
I/ip6tables( 1131): ip6tables terminated by exit(1)
E/BandwidthController( 1131): runIptablesCmd(): res=1 status=256 failed /system/bin/ip6tables -A bw_INPUT -m owner --socket-exists
I/Zygote  ( 1135): Preloading classes...
E/cutils-trace( 1135): Error opening trace file: Permission denied (13)
D/dalvikvm( 1135): WAIT_FOR_CONCURRENT_GC blocked 1ms
D/dalvikvm( 1135): GC_EXPLICIT freed 38K, 8% free 511K/552K, paused 0ms+0ms, total 4ms
I/iptables( 1131): iptables: No chain/target/match by that name.
I/iptables( 1131): iptables terminated by exit(1)
E/Netd    ( 1131): exec() res=0, status=256 for /system/bin/iptables -t mangle -A st_mangle_OUTPUT -m owner --uid-owner vpn -j RETURN 
D/dalvikvm( 1135): GC_EXPLICIT freed 2K, 4% free 584K/604K, paused 1ms+1ms, total 7ms
I/ip6tables( 1131): ip6tables: No chain/target/match by that name.
I/ip6tables( 1131): ip6tables terminated by exit(1)
E/Netd    ( 1131): exec() res=0, status=256 for /system/bin/ip6tables -t mangle -A st_mangle_OUTPUT -m owner --uid-owner vpn -j RETURN 
D/MDnsDS  ( 1131): MDnsSdListener::Hander starting up
D/MDnsDS  ( 1131): MDnsSdListener starting to monitor
D/MDnsDS  ( 1131): Going to poll with pollCount 1
D/dalvikvm( 1135): GC_EXPLICIT freed 15K, 4% free 628K/648K, paused 0ms+1ms, total 3ms
D/dalvikvm( 1135): WAIT_FOR_CONCURRENT_GC blocked 1ms
D/dalvikvm( 1135): GC_EXPLICIT freed 20K, 4% free 692K/716K, paused 1ms+0ms, total 4ms
D/dalvikvm( 1135): GC_EXPLICIT freed 27K, 4% free 727K/756K, paused 0ms+1ms, total 3ms
D/dalvikvm( 1135): GC_EXPLICIT freed 33K, 5% free 748K/784K, paused 3ms+0ms, total 7ms
D/dalvikvm( 1135): GC_EXPLICIT freed 9K, 2% free 800K/812K, paused 1ms+1ms, total 5ms
D/dalvikvm( 1135): GC_EXPLICIT freed 29K, 4% free 827K/860K, paused 0ms+0ms, total 3ms
D/TextLayoutCache( 1135): Using debug level = 0 - Debug Enabled = 0
D/dalvikvm( 1135): GC_EXPLICIT freed 18K, 3% free 867K/888K, paused 1ms+0ms, total 9ms
I/dalvikvm( 1135): threadid=1: recursive native library load attempt (/system/lib/libmedia_jni.so)
D/MtpDeviceJNI( 1135): register_android_mtp_MtpDevice
I/dalvikvm( 1135): threadid=1: recursive native library load attempt (/system/lib/libmedia_jni.so)
I/dalvikvm( 1135): threadid=1: recursive native library load attempt (/system/lib/libmedia_jni.so)
I/dalvikvm( 1135): threadid=1: recursive native library load attempt (/system/lib/libmedia_jni.so)
D/dalvikvm( 1135): GC_EXPLICIT freed 18K, 3% free 902K/924K, paused 1ms+0ms, total 4ms
W/dalvikvm( 1135): Exception Ljava/lang/UnsatisfiedLinkError; thrown while initializing Landroid/media/videoeditor/MediaArtistNativeHelper;
W/Zygote  ( 1135): Class not found for preloading: android.media.videoeditor.MediaArtistNativeHelper
D/dalvikvm( 1135): GC_EXPLICIT freed 24K, 3% free 934K/960K, paused 0ms+1ms, total 3ms
D/dalvikvm( 1135): GC_EXPLICIT freed 17K, 3% free 970K/992K, paused 0ms+1ms, total 5ms
D/dalvikvm( 1135): GC_EXPLICIT freed 25K, 3% free 1013K/1044K, paused 0ms+0ms, total 6ms
E/EmojiFactory_jni( 1135): Failed to load libemoji.so: dlopen failed: library "libemoji.so" not found
D/dalvikvm( 1135): WAIT_FOR_CONCURRENT_GC blocked 2ms
D/dalvikvm( 1135): GC_EXPLICIT freed 16K, 2% free 1057K/1076K, paused 0ms+1ms, total 3ms
D/dalvikvm( 1135): WAIT_FOR_CONCURRENT_GC blocked 1ms
D/dalvikvm( 1135): GC_EXPLICIT freed 24K, 3% free 1352K/1380K, paused 1ms+1ms, total 8ms
D/dalvikvm( 1135): GC_EXPLICIT freed 34K, 3% free 1376K/1412K, paused 1ms+0ms, total 11ms
D/dalvikvm( 1135): GC_EXPLICIT freed 29K, 3% free 1400K/1432K, paused 0ms+1ms, total 10ms
D/dalvikvm( 1135): GC_EXPLICIT freed 37K, 3% free 1417K/1456K, paused 4ms+0ms, total 21ms
I/LibraryLoader( 1135): loading: webviewchromium
I/LibraryLoader( 1135): loaded: webviewchromium
D/dalvikvm( 1135): GC_EXPLICIT freed 14K, 2% free 1459K/1476K, paused 1ms+3ms, total 10ms
D/dalvikvm( 1135): WAIT_FOR_CONCURRENT_GC blocked 1ms
D/dalvikvm( 1135): GC_EXPLICIT freed 24K, 2% free 1488K/1516K, paused 1ms+0ms, total 9ms
D/dalvikvm( 1135): GC_EXPLICIT freed 79K, 6% free 1535K/1620K, paused 1ms+1ms, total 7ms
D/dalvikvm( 1135): GC_EXPLICIT freed 36K, 5% free 1554K/1620K, paused 3ms+1ms, total 8ms
D/dalvikvm( 1135): GC_EXPLICIT freed 30K, 3% free 1580K/1620K, paused 1ms+2ms, total 11ms
D/dalvikvm( 1135): GC_EXPLICIT freed 17K, 2% free 1640K/1660K, paused 0ms+1ms, total 7ms
D/dalvikvm( 1135): GC_EXPLICIT freed 24K, 2% free 1674K/1704K, paused 1ms+5ms, total 21ms
D/dalvikvm( 1135): GC_EXPLICIT freed 30K, 2% free 1698K/1732K, paused 3ms+7ms, total 19ms
D/dalvikvm( 1135): GC_FOR_ALLOC freed 249K, 12% free 1961K/2212K, paused 10ms, total 12ms
D/dalvikvm( 1135): GC_EXPLICIT freed 187K, 9% free 2070K/2264K, paused 3ms+2ms, total 20ms
D/dalvikvm( 1135): GC_EXPLICIT freed 36K, 8% free 2089K/2264K, paused 1ms+1ms, total 17ms
D/dalvikvm( 1135): GC_EXPLICIT freed 26K, 7% free 2121K/2272K, paused 1ms+1ms, total 22ms
W/Zygote  ( 1135): Class not found for preloading: java.lang.UnsafeByteSequence
D/dalvikvm( 1135): GC_EXPLICIT freed 37K, 6% free 2142K/2272K, paused 5ms+1ms, total 20ms
D/dalvikvm( 1135): GC_EXPLICIT freed 39K, 5% free 2160K/2272K, paused 1ms+1ms, total 21ms
D/dalvikvm( 1135): GC_EXPLICIT freed 42K, 5% free 2173K/2272K, paused 3ms+1ms, total 15ms
I/System  ( 1135): Loaded time zone names for "" in 218ms (211ms in ICU)
I/System  ( 1135): Loaded time zone names for "en_US" in 104ms (99ms in ICU)
D/dalvikvm( 1135): GC_EXPLICIT freed 189K, 8% free 2338K/2532K, paused 1ms+1ms, total 20ms
D/dalvikvm( 1135): GC_EXPLICIT freed 14K, 6% free 2399K/2532K, paused 1ms+1ms, total 19ms
D/dalvikvm( 1135): GC_EXPLICIT freed 29K, 5% free 2424K/2532K, paused 1ms+1ms, total 22ms
D/dalvikvm( 1135): GC_EXPLICIT freed 34K, 4% free 2444K/2532K, paused 3ms+1ms, total 28ms
D/dalvikvm( 1135): WAIT_FOR_CONCURRENT_GC blocked 1ms
D/dalvikvm( 1135): GC_EXPLICIT freed 33K, 3% free 2466K/2532K, paused 2ms+1ms, total 14ms
D/dalvikvm( 1135): GC_EXPLICIT freed 27K, 2% free 2494K/2536K, paused 1ms+1ms, total 12ms
I/Zygote  ( 1135): ...preloaded 2776 classes in 6353ms.
D/dalvikvm( 1135): WAIT_FOR_CONCURRENT_GC blocked 1ms
D/dalvikvm( 1135): GC_EXPLICIT freed 17K, 2% free 2492K/2536K, paused 1ms+1ms, total 37ms
I/Zygote  ( 1135): Preloading resources...
W/Resources( 1135): Preloaded drawable resource #0x1080096 (android:drawable/toast_frame) that varies with configuration!!
D/dalvikvm( 1135): GC_EXPLICIT freed 1K, 2% free 2581K/2620K, paused 1ms+1ms, total 12ms
W/Resources( 1135): Preloaded drawable resource #0x1080105 (android:drawable/btn_check_on_pressed_holo_light) that varies with configuration!!
W/Resources( 1135): Preloaded drawable resource #0x1080104 (android:drawable/btn_check_on_pressed_holo_dark) that varies with configuration!!
D/dalvikvm( 1135): WAIT_FOR_CONCURRENT_GC blocked 3ms
D/dalvikvm( 1135): GC_EXPLICIT freed 155K, 8% free 2501K/2700K, paused 1ms+0ms, total 14ms
W/Resources( 1135): Preloaded drawable resource #0x1080102 (android:drawable/btn_check_on_holo_light) that varies with configuration!!
W/Resources( 1135): Preloaded drawable resource #0x1080101 (android:drawable/btn_check_on_holo_dark) that varies with configuration!!
D/dalvikvm( 1135): GC_EXPLICIT freed 75K, 8% free 2501K/2700K, paused 1ms+1ms, total 10ms
W/Resources( 1135): Preloaded drawable resource #0x10800ff (android:drawable/btn_check_on_focused_holo_light) that varies with configuration!!
W/Resources( 1135): Preloaded drawable resource #0x10800fe (android:drawable/btn_check_on_focused_holo_dark) that varies with configuration!!
D/dalvikvm( 1135): WAIT_FOR_CONCURRENT_GC blocked 2ms
D/dalvikvm( 1135): GC_EXPLICIT freed 75K, 8% free 2501K/2700K, paused 1ms+1ms, total 10ms
W/Resources( 1135): Preloaded drawable resource #0x10800fd (android:drawable/btn_check_on_disabled_holo_light) that varies with configuration!!
W/Resources( 1135): Preloaded drawable resource #0x10800fc (android:drawable/btn_check_on_disabled_holo_dark) that varies with configuration!!
D/dalvikvm( 1135): GC_EXPLICIT freed 75K, 8% free 2502K/2700K, paused 10ms+0ms, total 26ms
W/Resources( 1135): Preloaded drawable resource #0x10800fb (android:drawable/btn_check_on_disabled_focused_holo_light) that varies with configuration!!
W/Resources( 1135): Preloaded drawable resource #0x10800fa (android:drawable/btn_check_on_disabled_focused_holo_dark) that varies with configuration!!
D/dalvikvm( 1135): GC_EXPLICIT freed 75K, 8% free 2502K/2700K, paused 0ms+0ms, total 10ms
W/Resources( 1135): Preloaded drawable resource #0x10800f2 (android:drawable/btn_check_off_pressed_holo_light) that varies with configuration!!
W/Resources( 1135): Preloaded drawable resource #0x10800f1 (android:drawable/btn_check_off_pressed_holo_dark) that varies with configuration!!
D/dalvikvm( 1135): WAIT_FOR_CONCURRENT_GC blocked 1ms
D/dalvikvm( 1135): GC_EXPLICIT freed 75K, 8% free 2502K/2700K, paused 1ms+1ms, total 30ms
W/Resources( 1135): Preloaded drawable resource #0x10800ed (android:drawable/btn_check_off_holo_light) that varies with configuration!!
W/Resources( 1135): Preloaded drawable resource #0x10800ec (android:drawable/btn_check_off_holo_dark) that varies with configuration!!
D/dalvikvm( 1135): GC_EXPLICIT freed 75K, 8% free 2503K/2700K, paused 1ms+1ms, total 12ms
W/Resources( 1135): Preloaded drawable resource #0x10800ea (android:drawable/btn_check_off_focused_holo_light) that varies with configuration!!
W/Resources( 1135): Preloaded drawable resource #0x10800e9 (android:drawable/btn_check_off_focused_holo_dark) that varies with configuration!!
D/dalvikvm( 1135): GC_EXPLICIT freed 75K, 8% free 2503K/2700K, paused 9ms+8ms, total 28ms
W/Resources( 1135): Preloaded drawable resource #0x10800e8 (android:drawable/btn_check_off_disabled_holo_light) that varies with configuration!!
W/Resources( 1135): Preloaded drawable resource #0x10800e7 (android:drawable/btn_check_off_disabled_holo_dark) that varies with configuration!!
D/dalvikvm( 1135): GC_EXPLICIT freed 75K, 8% free 2503K/2700K, paused 1ms+1ms, total 10ms
W/Resources( 1135): Preloaded drawable resource #0x10800e6 (android:drawable/btn_check_off_disabled_focused_holo_light) that varies with configuration!!
W/Resources( 1135): Preloaded drawable resource #0x10800e5 (android:drawable/btn_check_off_disabled_focused_holo_dark) that varies with configuration!!
D/dalvikvm( 1135): GC_EXPLICIT freed 75K, 8% free 2504K/2700K, paused 1ms+1ms, total 11ms
W/Resources( 1135): Preloaded drawable resource #0x1080102 (android:drawable/btn_check_on_holo_light) that varies with configuration!!
W/Resources( 1135): Preloaded drawable resource #0x10800ed (android:drawable/btn_check_off_holo_light) that varies with configuration!!
W/Resources( 1135): Preloaded drawable resource #0x1080105 (android:drawable/btn_check_on_pressed_holo_light) that varies with configuration!!
W/Resources( 1135): Preloaded drawable resource #0x10800f2 (android:drawable/btn_check_off_pressed_holo_light) that varies with configuration!!
W/Resources( 1135): Preloaded drawable resource #0x10800ff (android:drawable/btn_check_on_focused_holo_light) that varies with configuration!!
W/Resources( 1135): Preloaded drawable resource #0x10800ea (android:drawable/btn_check_off_focused_holo_light) that varies with configuration!!
W/Resources( 1135): Preloaded drawable resource #0x10800ed (android:drawable/btn_check_off_holo_light) that varies with configuration!!
W/Resources( 1135): Preloaded drawable resource #0x1080102 (android:drawable/btn_check_on_holo_light) that varies with configuration!!
W/Resources( 1135): Preloaded drawable resource #0x10800fd (android:drawable/btn_check_on_disabled_holo_light) that varies with configuration!!
W/Resources( 1135): Preloaded drawable resource #0x10800e8 (android:drawable/btn_check_off_disabled_holo_light) that varies with configuration!!
W/Resources( 1135): Preloaded drawable resource #0x10800fb (android:drawable/btn_check_on_disabled_focused_holo_light) that varies with configuration!!
W/Resources( 1135): Preloaded drawable resource #0x10800e6 (android:drawable/btn_check_off_disabled_focused_holo_light) that varies with configuration!!
W/Resources( 1135): Preloaded drawable resource #0x10800e8 (android:drawable/btn_check_off_disabled_holo_light) that varies with configuration!!
W/Resources( 1135): Preloaded drawable resource #0x10800fd (android:drawable/btn_check_on_disabled_holo_light) that varies with configuration!!
W/Resources( 1135): Preloaded drawable resource #0x10800dc (android:drawable/btn_check_holo_light) that varies with configuration!!
D/dalvikvm( 1135): GC_EXPLICIT freed 526K, 19% free 2508K/3060K, paused 1ms+4ms, total 23ms
W/Resources( 1135): Preloaded drawable resource #0x1080101 (android:drawable/btn_check_on_holo_dark) that varies with configuration!!
W/Resources( 1135): Preloaded drawable resource #0x10800ec (android:drawable/btn_check_off_holo_dark) that varies with configuration!!
W/Resources( 1135): Preloaded drawable resource #0x1080104 (android:drawable/btn_check_on_pressed_holo_dark) that varies with configuration!!
W/Resources( 1135): Preloaded drawable resource #0x10800f1 (android:drawable/btn_check_off_pressed_holo_dark) that varies with configuration!!
W/Resources( 1135): Preloaded drawable resource #0x10800fe (android:drawable/btn_check_on_focused_holo_dark) that varies with configuration!!
W/Resources( 1135): Preloaded drawable resource #0x10800e9 (android:drawable/btn_check_off_focused_holo_dark) that varies with configuration!!
W/Resources( 1135): Preloaded drawable resource #0x10800ec (android:drawable/btn_check_off_holo_dark) that varies with configuration!!
W/Resources( 1135): Preloaded drawable resource #0x1080101 (android:drawable/btn_check_on_holo_dark) that varies with configuration!!
W/Resources( 1135): Preloaded drawable resource #0x10800fc (android:drawable/btn_check_on_disabled_holo_dark) that varies with configuration!!
W/Resources( 1135): Preloaded drawable resource #0x10800e7 (android:drawable/btn_check_off_disabled_holo_dark) that varies with configuration!!
W/Resources( 1135): Preloaded drawable resource #0x10800fa (android:drawable/btn_check_on_disabled_focused_holo_dark) that varies with configuration!!
W/Resources( 1135): Preloaded drawable resource #0x10800e5 (android:drawable/btn_check_off_disabled_focused_holo_dark) that varies with configuration!!
W/Resources( 1135): Preloaded drawable resource #0x10800e7 (android:drawable/btn_check_off_disabled_holo_dark) that varies with configuration!!
W/Resources( 1135): Preloaded drawable resource #0x10800fc (android:drawable/btn_check_on_disabled_holo_dark) that varies with configuration!!
W/Resources( 1135): Preloaded drawable resource #0x10800db (android:drawable/btn_check_holo_dark) that varies with configuration!!
D/dalvikvm( 1135): GC_EXPLICIT freed 529K, 19% free 2508K/3060K, paused 0ms+1ms, total 30ms
W/Resources( 1135): Preloaded drawable resource #0x1080195 (android:drawable/btn_radio_on_pressed_holo_light) that varies with configuration!!
W/Resources( 1135): Preloaded drawable resource #0x1080194 (android:drawable/btn_radio_on_pressed_holo_dark) that varies with configuration!!
D/dalvikvm( 1135): GC_EXPLICIT freed 78K, 19% free 2505K/3060K, paused 1ms+1ms, total 26ms
W/Resources( 1135): Preloaded drawable resource #0x1080192 (android:drawable/btn_radio_on_holo_light) that varies with configuration!!
W/Resources( 1135): Preloaded drawable resource #0x1080191 (android:drawable/btn_radio_on_holo_dark) that varies with configuration!!
D/dalvikvm( 1135): GC_EXPLICIT freed 75K, 19% free 2506K/3060K, paused 1ms+1ms, total 13ms
W/Resources( 1135): Preloaded drawable resource #0x108018f (android:drawable/btn_radio_on_focused_holo_light) that varies with configuration!!
W/Resources( 1135): Preloaded drawable resource #0x108018e (android:drawable/btn_radio_on_focused_holo_dark) that varies with configuration!!
D/dalvikvm( 1135): GC_EXPLICIT freed 75K, 19% free 2506K/3060K, paused 0ms+1ms, total 25ms
W/Resources( 1135): Preloaded drawable resource #0x108018d (android:drawable/btn_radio_on_disabled_holo_light) that varies with configuration!!
W/Resources( 1135): Preloaded drawable resource #0x108018c (android:drawable/btn_radio_on_disabled_holo_dark) that varies with configuration!!
D/dalvikvm( 1135): WAIT_FOR_CONCURRENT_GC blocked 1ms
D/dalvikvm( 1135): GC_EXPLICIT freed 75K, 19% free 2507K/3060K, paused 8ms+1ms, total 18ms
W/Resources( 1135): Preloaded drawable resource #0x108018b (android:drawable/btn_radio_on_disabled_focused_holo_light) that varies with configuration!!
W/Resources( 1135): Preloaded drawable resource #0x108018a (android:drawable/btn_radio_on_disabled_focused_holo_dark) that varies with configuration!!
D/dalvikvm( 1135): GC_EXPLICIT freed 75K, 19% free 2507K/3060K, paused 1ms+1ms, total 20ms
W/Resources( 1135): Preloaded drawable resource #0x1080187 (android:drawable/btn_radio_off_pressed_holo_light) that varies with configuration!!
W/Resources( 1135): Preloaded drawable resource #0x1080186 (android:drawable/btn_radio_off_pressed_holo_dark) that varies with configuration!!
D/dalvikvm( 1135): GC_EXPLICIT freed 75K, 19% free 2507K/3060K, paused 6ms+7ms, total 26ms
W/Resources( 1135): Preloaded drawable resource #0x1080184 (android:drawable/btn_radio_off_holo_light) that varies with configuration!!
W/Resources( 1135): Preloaded drawable resource #0x1080183 (android:drawable/btn_radio_off_holo_dark) that varies with configuration!!
D/dalvikvm( 1135): GC_EXPLICIT freed 75K, 19% free 2507K/3060K, paused 1ms+1ms, total 12ms
W/Resources( 1135): Preloaded drawable resource #0x1080181 (android:drawable/btn_radio_off_focused_holo_light) that varies with configuration!!
W/Resources( 1135): Preloaded drawable resource #0x1080180 (android:drawable/btn_radio_off_focused_holo_dark) that varies with configuration!!
D/dalvikvm( 1135): GC_EXPLICIT freed 75K, 19% free 2508K/3060K, paused 1ms+1ms, total 13ms
W/Resources( 1135): Preloaded drawable resource #0x108017f (android:drawable/btn_radio_off_disabled_holo_light) that varies with configuration!!
W/Resources( 1135): Preloaded drawable resource #0x108017e (android:drawable/btn_radio_off_disabled_holo_dark) that varies with configuration!!
D/dalvikvm( 1135): GC_EXPLICIT freed 75K, 19% free 2508K/3060K, paused 1ms+1ms, total 13ms
W/Resources( 1135): Preloaded drawable resource #0x108017d (android:drawable/btn_radio_off_disabled_focused_holo_light) that varies with configuration!!
W/Resources( 1135): Preloaded drawable resource #0x108017c (android:drawable/btn_radio_off_disabled_focused_holo_dark) that varies with configuration!!
D/dalvikvm( 1135): WAIT_FOR_CONCURRENT_GC blocked 1ms
D/dalvikvm( 1135): GC_EXPLICIT freed 75K, 19% free 2508K/3060K, paused 4ms+3ms, total 24ms
W/Resources( 1135): Preloaded drawable resource #0x1080128 (android:drawable/btn_default_pressed_holo_light) that varies with configuration!!
W/Resources( 1135): Preloaded drawable resource #0x1080127 (android:drawable/btn_default_pressed_holo_dark) that varies with configuration!!
D/dalvikvm( 1135): GC_EXPLICIT freed 3K, 17% free 2567K/3060K, paused 1ms+1ms, total 12ms
W/Resources( 1135): Preloaded drawable resource #0x1080124 (android:drawable/btn_default_normal_holo_light) that varies with configuration!!
W/Resources( 1135): Preloaded drawable resource #0x1080123 (android:drawable/btn_default_normal_holo_dark) that varies with configuration!!
D/dalvikvm( 1135): GC_EXPLICIT freed 62K, 17% free 2568K/3060K, paused 1ms+1ms, total 24ms
W/Resources( 1135): Preloaded drawable resource #0x108011c (android:drawable/btn_default_focused_holo_light) that varies with configuration!!
W/Resources( 1135): Preloaded drawable resource #0x108011b (android:drawable/btn_default_focused_holo_dark) that varies with configuration!!
D/dalvikvm( 1135): WAIT_FOR_CONCURRENT_GC blocked 1ms
D/dalvikvm( 1135): GC_EXPLICIT freed 32K, 16% free 2597K/3060K, paused 1ms+3ms, total 17ms
W/Resources( 1135): Preloaded drawable resource #0x1080119 (android:drawable/btn_default_disabled_holo_light) that varies with configuration!!
W/Resources( 1135): Preloaded drawable resource #0x1080118 (android:drawable/btn_default_disabled_holo_dark) that varies with configuration!!
D/dalvikvm( 1135): GC_EXPLICIT freed 62K, 16% free 2598K/3060K, paused 1ms+1ms, total 24ms
W/Resources( 1135): Preloaded drawable resource #0x1080116 (android:drawable/btn_default_disabled_focused_holo_light) that varies with configuration!!
W/Resources( 1135): Preloaded drawable resource #0x1080115 (android:drawable/btn_default_disabled_focused_holo_dark) that varies with configuration!!
D/dalvikvm( 1135): GC_EXPLICIT freed 62K, 16% free 2598K/3060K, paused 1ms+1ms, total 14ms
W/Resources( 1135): Preloaded drawable resource #0x1080123 (android:drawable/btn_default_normal_holo_dark) that varies with configuration!!
W/Resources( 1135): Preloaded drawable resource #0x1080118 (android:drawable/btn_default_disabled_holo_dark) that varies with configuration!!
W/Resources( 1135): Preloaded drawable resource #0x1080127 (android:drawable/btn_default_pressed_holo_dark) that varies with configuration!!
W/Resources( 1135): Preloaded drawable resource #0x108011b (android:drawable/btn_default_focused_holo_dark) that varies with configuration!!
W/Resources( 1135): Preloaded drawable resource #0x1080123 (android:drawable/btn_default_normal_holo_dark) that varies with configuration!!
W/Resources( 1135): Preloaded drawable resource #0x1080115 (android:drawable/btn_default_disabled_focused_holo_dark) that varies with configuration!!
W/Resources( 1135): Preloaded drawable resource #0x1080118 (android:drawable/btn_default_disabled_holo_dark) that varies with configuration!!
W/Resources( 1135): Preloaded drawable resource #0x108011d (android:drawable/btn_default_holo_dark) that varies with configuration!!
D/dalvikvm( 1135): GC_EXPLICIT freed 70K, 11% free 2747K/3060K, paused 1ms+1ms, total 22ms
W/Resources( 1135): Preloaded drawable resource #0x1080124 (android:drawable/btn_default_normal_holo_light) that varies with configuration!!
W/Resources( 1135): Preloaded drawable resource #0x1080119 (android:drawable/btn_default_disabled_holo_light) that varies with configuration!!
W/Resources( 1135): Preloaded drawable resource #0x1080128 (android:drawable/btn_default_pressed_holo_light) that varies with configuration!!
W/Resources( 1135): Preloaded drawable resource #0x108011c (android:drawable/btn_default_focused_holo_light) that varies with configuration!!
W/Resources( 1135): Preloaded drawable resource #0x1080124 (android:drawable/btn_default_normal_holo_light) that varies with configuration!!
W/Resources( 1135): Preloaded drawable resource #0x1080116 (android:drawable/btn_default_disabled_focused_holo_light) that varies with configuration!!
W/Resources( 1135): Preloaded drawable resource #0x1080119 (android:drawable/btn_default_disabled_holo_light) that varies with configuration!!
W/Resources( 1135): Preloaded drawable resource #0x108011e (android:drawable/btn_default_holo_light) that varies with configuration!!
D/dalvikvm( 1135): WAIT_FOR_CONCURRENT_GC blocked 1ms
D/dalvikvm( 1135): GC_EXPLICIT freed 248K, 12% free 2718K/3060K, paused 1ms+1ms, total 12ms
W/Resources( 1135): Preloaded drawable resource #0x10801d1 (android:drawable/btn_star_off_normal_holo_light) that varies with configuration!!
W/Resources( 1135): Preloaded drawable resource #0x10801db (android:drawable/btn_star_on_normal_holo_light) that varies with configuration!!
D/dalvikvm( 1135): GC_EXPLICIT freed 282K, 18% free 2511K/3060K, paused 3ms+1ms, total 18ms
W/Resources( 1135): Preloaded drawable resource #0x10801d7 (android:drawable/btn_star_on_disabled_holo_light) that varies with configuration!!
W/Resources( 1135): Preloaded drawable resource #0x10801cd (android:drawable/btn_star_off_disabled_holo_light) that varies with configuration!!
D/dalvikvm( 1135): GC_EXPLICIT freed 75K, 18% free 2511K/3060K, paused 1ms+1ms, total 15ms
W/Resources( 1135): Preloaded drawable resource #0x10801dd (android:drawable/btn_star_on_pressed_holo_light) that varies with configuration!!
W/Resources( 1135): Preloaded drawable resource #0x10801d3 (android:drawable/btn_star_off_pressed_holo_light) that varies with configuration!!
D/dalvikvm( 1135): GC_EXPLICIT freed 75K, 18% free 2512K/3060K, paused 1ms+1ms, total 28ms
W/Resources( 1135): Preloaded drawable resource #0x10801d9 (android:drawable/btn_star_on_focused_holo_light) that varies with configuration!!
W/Resources( 1135): Preloaded drawable resource #0x10801cf (android:drawable/btn_star_off_focused_holo_light) that varies with configuration!!
D/dalvikvm( 1135): GC_EXPLICIT freed 75K, 18% free 2513K/3060K, paused 3ms+3ms, total 15ms
W/Resources( 1135): Preloaded drawable resource #0x10801d5 (android:drawable/btn_star_on_disabled_focused_holo_light) that varies with configuration!!
W/Resources( 1135): Preloaded drawable resource #0x10801cb (android:drawable/btn_star_off_disabled_focused_holo_light) that varies with configuration!!
D/dalvikvm( 1135): WAIT_FOR_CONCURRENT_GC blocked 2ms
D/dalvikvm( 1135): GC_EXPLICIT freed 75K, 18% free 2513K/3060K, paused 1ms+6ms, total 23ms
W/Resources( 1135): Preloaded drawable resource #0x10801d1 (android:drawable/btn_star_off_normal_holo_light) that varies with configuration!!
W/Resources( 1135): Preloaded drawable resource #0x10801db (android:drawable/btn_star_on_normal_holo_light) that varies with configuration!!
W/Resources( 1135): Preloaded drawable resource #0x10801d7 (android:drawable/btn_star_on_disabled_holo_light) that varies with configuration!!
W/Resources( 1135): Preloaded drawable resource #0x10801cd (android:drawable/btn_star_off_disabled_holo_light) that varies with configuration!!
W/Resources( 1135): Preloaded drawable resource #0x10801dd (android:drawable/btn_star_on_pressed_holo_light) that varies with configuration!!
W/Resources( 1135): Preloaded drawable resource #0x10801d3 (android:drawable/btn_star_off_pressed_holo_light) that varies with configuration!!
W/Resources( 1135): Preloaded drawable resource #0x10801d9 (android:drawable/btn_star_on_focused_holo_light) that varies with configuration!!
W/Resources( 1135): Preloaded drawable resource #0x10801cf (android:drawable/btn_star_off_focused_holo_light) that varies with configuration!!
W/Resources( 1135): Preloaded drawable resource #0x10801d5 (android:drawable/btn_star_on_disabled_focused_holo_light) that varies with configuration!!
W/Resources( 1135): Preloaded drawable resource #0x10801d7 (android:drawable/btn_star_on_disabled_holo_light) that varies with configuration!!
W/Resources( 1135): Preloaded drawable resource #0x10801cb (android:drawable/btn_star_off_disabled_focused_holo_light) that varies with configuration!!
W/Resources( 1135): Preloaded drawable resource #0x10801cd (android:drawable/btn_star_off_disabled_holo_light) that varies with configuration!!
W/Resources( 1135): Preloaded drawable resource #0x10801d1 (android:drawable/btn_star_off_normal_holo_light) that varies with configuration!!
W/Resources( 1135): Preloaded drawable resource #0x10801db (android:drawable/btn_star_on_normal_holo_light) that varies with configuration!!
W/Resources( 1135): Preloaded drawable resource #0x10801c8 (android:drawable/btn_star_holo_light) that varies with configuration!!
D/dalvikvm( 1135): GC_EXPLICIT freed 526K, 19% free 2517K/3100K, paused 1ms+1ms, total 24ms
W/Resources( 1135): Preloaded drawable resource #0x10801d0 (android:drawable/btn_star_off_normal_holo_dark) that varies with configuration!!
W/Resources( 1135): Preloaded drawable resource #0x10801da (android:drawable/btn_star_on_normal_holo_dark) that varies with configuration!!
D/dalvikvm( 1135): GC_EXPLICIT freed 78K, 19% free 2514K/3100K, paused 1ms+2ms, total 16ms
W/Resources( 1135): Preloaded drawable resource #0x10801d6 (android:drawable/btn_star_on_disabled_holo_dark) that varies with configuration!!
W/Resources( 1135): Preloaded drawable resource #0x10801cc (android:drawable/btn_star_off_disabled_holo_dark) that varies with configuration!!
D/dalvikvm( 1135): WAIT_FOR_CONCURRENT_GC blocked 2ms
D/dalvikvm( 1135): GC_EXPLICIT freed 75K, 19% free 2514K/3100K, paused 4ms+1ms, total 23ms
W/Resources( 1135): Preloaded drawable resource #0x10801dc (android:drawable/btn_star_on_pressed_holo_dark) that varies with configuration!!
W/Resources( 1135): Preloaded drawable resource #0x10801d2 (android:drawable/btn_star_off_pressed_holo_dark) that varies with configuration!!
D/dalvikvm( 1135): GC_EXPLICIT freed 75K, 19% free 2514K/3100K, paused 1ms+1ms, total 16ms
W/Resources( 1135): Preloaded drawable resource #0x10801d8 (android:drawable/btn_star_on_focused_holo_dark) that varies with configuration!!
W/Resources( 1135): Preloaded drawable resource #0x10801ce (android:drawable/btn_star_off_focused_holo_dark) that varies with configuration!!
D/dalvikvm( 1135): WAIT_FOR_CONCURRENT_GC blocked 1ms
D/dalvikvm( 1135): GC_EXPLICIT freed 75K, 19% free 2514K/3100K, paused 6ms+1ms, total 29ms
W/Resources( 1135): Preloaded drawable resource #0x10801d4 (android:drawable/btn_star_on_disabled_focused_holo_dark) that varies with configuration!!
W/Resources( 1135): Preloaded drawable resource #0x10801ca (android:drawable/btn_star_off_disabled_focused_holo_dark) that varies with configuration!!
D/dalvikvm( 1135): GC_EXPLICIT freed 75K, 19% free 2515K/3100K, paused 1ms+1ms, total 11ms
W/Resources( 1135): Preloaded drawable resource #0x10801d0 (android:drawable/btn_star_off_normal_holo_dark) that varies with configuration!!
W/Resources( 1135): Preloaded drawable resource #0x10801da (android:drawable/btn_star_on_normal_holo_dark) that varies with configuration!!
W/Resources( 1135): Preloaded drawable resource #0x10801d6 (android:drawable/btn_star_on_disabled_holo_dark) that varies with configuration!!
W/Resources( 1135): Preloaded drawable resource #0x10801cc (android:drawable/btn_star_off_disabled_holo_dark) that varies with configuration!!
W/Resources( 1135): Preloaded drawable resource #0x10801dc (android:drawable/btn_star_on_pressed_holo_dark) that varies with configuration!!
W/Resources( 1135): Preloaded drawable resource #0x10801d2 (android:drawable/btn_star_off_pressed_holo_dark) that varies with configuration!!
W/Resources( 1135): Preloaded drawable resource #0x10801d8 (android:drawable/btn_star_on_focused_holo_dark) that varies with configuration!!
W/Resources( 1135): Preloaded drawable resource #0x10801ce (android:drawable/btn_star_off_focused_holo_dark) that varies with configuration!!
W/Resources( 1135): Preloaded drawable resource #0x10801d4 (android:drawable/btn_star_on_disabled_focused_holo_dark) that varies with configuration!!
W/Resources( 1135): Preloaded drawable resource #0x10801d6 (android:drawable/btn_star_on_disabled_holo_dark) that varies with configuration!!
W/Resources( 1135): Preloaded drawable resource #0x10801ca (android:drawable/btn_star_off_disabled_focused_holo_dark) that varies with configuration!!
W/Resources( 1135): Preloaded drawable resource #0x10801cc (android:drawable/btn_star_off_disabled_holo_dark) that varies with configuration!!
W/Resources( 1135): Preloaded drawable resource #0x10801d0 (android:drawable/btn_star_off_normal_holo_dark) that varies with configuration!!
W/Resources( 1135): Preloaded drawable resource #0x10801da (android:drawable/btn_star_on_normal_holo_dark) that varies with configuration!!
W/Resources( 1135): Preloaded drawable resource #0x10801c7 (android:drawable/btn_star_holo_dark) that varies with configuration!!
D/dalvikvm( 1135): WAIT_FOR_CONCURRENT_GC blocked 1ms
D/dalvikvm( 1135): GC_EXPLICIT freed 526K, 19% free 2519K/3100K, paused 1ms+1ms, total 13ms
W/Resources( 1135): Preloaded drawable resource #0x10801f7 (android:drawable/btn_toggle_on_pressed_holo_light) that varies with configuration!!
W/Resources( 1135): Preloaded drawable resource #0x10801f6 (android:drawable/btn_toggle_on_pressed_holo_dark) that varies with configuration!!
D/dalvikvm( 1135): GC_EXPLICIT freed 3K, 17% free 2578K/3100K, paused 7ms+1ms, total 18ms
W/Resources( 1135): Preloaded drawable resource #0x10801f5 (android:drawable/btn_toggle_on_normal_holo_light) that varies with configuration!!
W/Resources( 1135): Preloaded drawable resource #0x10801f4 (android:drawable/btn_toggle_on_normal_holo_dark) that varies with configuration!!
D/dalvikvm( 1135): GC_EXPLICIT freed 65K, 17% free 2575K/3100K, paused 1ms+1ms, total 27ms
W/Resources( 1135): Preloaded drawable resource #0x10801f3 (android:drawable/btn_toggle_on_focused_holo_light) that varies with configuration!!
W/Resources( 1135): Preloaded drawable resource #0x10801f2 (android:drawable/btn_toggle_on_focused_holo_dark) that varies with configuration!!
D/dalvikvm( 1135): GC_EXPLICIT freed 62K, 17% free 2575K/3100K, paused 1ms+1ms, total 13ms
W/Resources( 1135): Preloaded drawable resource #0x10801f1 (android:drawable/btn_toggle_on_disabled_holo_light) that varies with configuration!!
W/Resources( 1135): Preloaded drawable resource #0x10801f0 (android:drawable/btn_toggle_on_disabled_holo_dark) that varies with configuration!!
D/dalvikvm( 1135): WAIT_FOR_CONCURRENT_GC blocked 1ms
D/dalvikvm( 1135): GC_EXPLICIT freed 62K, 17% free 2575K/3100K, paused 5ms+1ms, total 20ms
W/Resources( 1135): Preloaded drawable resource #0x10801ef (android:drawable/btn_toggle_on_disabled_focused_holo_light) that varies with configuration!!
W/Resources( 1135): Preloaded drawable resource #0x10801ee (android:drawable/btn_toggle_on_disabled_focused_holo_dark) that varies with configuration!!
D/dalvikvm( 1135): GC_EXPLICIT freed 62K, 17% free 2575K/3100K, paused 1ms+1ms, total 16ms
W/Resources( 1135): Preloaded drawable resource #0x10801ec (android:drawable/btn_toggle_off_pressed_holo_light) that varies with configuration!!
W/Resources( 1135): Preloaded drawable resource #0x10801eb (android:drawable/btn_toggle_off_pressed_holo_dark) that varies with configuration!!
D/dalvikvm( 1135): WAIT_FOR_CONCURRENT_GC blocked 1ms
D/dalvikvm( 1135): GC_EXPLICIT freed 62K, 17% free 2576K/3100K, paused 1ms+1ms, total 13ms
W/Resources( 1135): Preloaded drawable resource #0x10801ea (android:drawable/btn_toggle_off_normal_holo_light) that varies with configuration!!
W/Resources( 1135): Preloaded drawable resource #0x10801e9 (android:drawable/btn_toggle_off_normal_holo_dark) that varies with configuration!!
D/dalvikvm( 1135): GC_EXPLICIT freed 62K, 17% free 2576K/3100K, paused 1ms+5ms, total 21ms
W/Resources( 1135): Preloaded drawable resource #0x10801e8 (android:drawable/btn_toggle_off_focused_holo_light) that varies with configuration!!
W/Resources( 1135): Preloaded drawable resource #0x10801e7 (android:drawable/btn_toggle_off_focused_holo_dark) that varies with configuration!!
D/dalvikvm( 1135): GC_EXPLICIT freed 62K, 17% free 2576K/3100K, paused 0ms+1ms, total 12ms
W/Resources( 1135): Preloaded drawable resource #0x10801e6 (android:drawable/btn_toggle_off_disabled_holo_light) that varies with configuration!!
W/Resources( 1135): Preloaded drawable resource #0x10801e5 (android:drawable/btn_toggle_off_disabled_holo_dark) that varies with configuration!!
D/dalvikvm( 1135): GC_EXPLICIT freed 62K, 17% free 2577K/3100K, paused 1ms+5ms, total 40ms
W/Resources( 1135): Preloaded drawable resource #0x10801e4 (android:drawable/btn_toggle_off_disabled_focused_holo_light) that varies with configuration!!
W/Resources( 1135): Preloaded drawable resource #0x10801e3 (android:drawable/btn_toggle_off_disabled_focused_holo_dark) that varies with configuration!!
D/dalvikvm( 1135): GC_EXPLICIT freed 62K, 17% free 2577K/3100K, paused 1ms+1ms, total 13ms
W/Resources( 1135): Preloaded drawable resource #0x10801f5 (android:drawable/btn_toggle_on_normal_holo_light) that varies with configuration!!
W/Resources( 1135): Preloaded drawable resource #0x10801f1 (android:drawable/btn_toggle_on_disabled_holo_light) that varies with configuration!!
W/Resources( 1135): Preloaded drawable resource #0x10801f7 (android:drawable/btn_toggle_on_pressed_holo_light) that varies with configuration!!
W/Resources( 1135): Preloaded drawable resource #0x10801f3 (android:drawable/btn_toggle_on_focused_holo_light) that varies with configuration!!
W/Resources( 1135): Preloaded drawable resource #0x10801f5 (android:drawable/btn_toggle_on_normal_holo_light) that varies with configuration!!
W/Resources( 1135): Preloaded drawable resource #0x10801ef (android:drawable/btn_toggle_on_disabled_focused_holo_light) that varies with configuration!!
W/Resources( 1135): Preloaded drawable resource #0x10801f1 (android:drawable/btn_toggle_on_disabled_holo_light) that varies with configuration!!
W/Resources( 1135): Preloaded drawable resource #0x10801ea (android:drawable/btn_toggle_off_normal_holo_light) that varies with configuration!!
W/Resources( 1135): Preloaded drawable resource #0x10801e6 (android:drawable/btn_toggle_off_disabled_holo_light) that varies with configuration!!
W/Resources( 1135): Preloaded drawable resource #0x10801ec (android:drawable/btn_toggle_off_pressed_holo_light) that varies with configuration!!
W/Resources( 1135): Preloaded drawable resource #0x10801e8 (android:drawable/btn_toggle_off_focused_holo_light) that varies with configuration!!
W/Resources( 1135): Preloaded drawable resource #0x10801ea (android:drawable/btn_toggle_off_normal_holo_light) that varies with configuration!!
W/Resources( 1135): Preloaded drawable resource #0x10801e4 (android:drawable/btn_toggle_off_disabled_focused_holo_light) that varies with configuration!!
W/Resources( 1135): Preloaded drawable resource #0x10801e6 (android:drawable/btn_toggle_off_disabled_holo_light) that varies with configuration!!
W/Resources( 1135): Preloaded drawable resource #0x10801e1 (android:drawable/btn_toggle_holo_light) that varies with configuration!!
D/dalvikvm( 1135): GC_EXPLICIT freed 81K, 6% free 2934K/3100K, paused 3ms+1ms, total 28ms
W/Resources( 1135): Preloaded drawable resource #0x10801f4 (android:drawable/btn_toggle_on_normal_holo_dark) that varies with configuration!!
W/Resources( 1135): Preloaded drawable resource #0x10801f0 (android:drawable/btn_toggle_on_disabled_holo_dark) that varies with configuration!!
W/Resources( 1135): Preloaded drawable resource #0x10801f6 (android:drawable/btn_toggle_on_pressed_holo_dark) that varies with configuration!!
W/Resources( 1135): Preloaded drawable resource #0x10801f2 (android:drawable/btn_toggle_on_focused_holo_dark) that varies with configuration!!
W/Resources( 1135): Preloaded drawable resource #0x10801f4 (android:drawable/btn_toggle_on_normal_holo_dark) that varies with configuration!!
W/Resources( 1135): Preloaded drawable resource #0x10801ee (android:drawable/btn_toggle_on_disabled_focused_holo_dark) that varies with configuration!!
W/Resources( 1135): Preloaded drawable resource #0x10801f0 (android:drawable/btn_toggle_on_disabled_holo_dark) that varies with configuration!!
W/Resources( 1135): Preloaded drawable resource #0x10801e9 (android:drawable/btn_toggle_off_normal_holo_dark) that varies with configuration!!
W/Resources( 1135): Preloaded drawable resource #0x10801e5 (android:drawable/btn_toggle_off_disabled_holo_dark) that varies with configuration!!
W/Resources( 1135): Preloaded drawable resource #0x10801eb (android:drawable/btn_toggle_off_pressed_holo_dark) that varies with configuration!!
W/Resources( 1135): Preloaded drawable resource #0x10801e7 (android:drawable/btn_toggle_off_focused_holo_dark) that varies with configuration!!
W/Resources( 1135): Preloaded drawable resource #0x10801e9 (android:drawable/btn_toggle_off_normal_holo_dark) that varies with configuration!!
W/Resources( 1135): Preloaded drawable resource #0x10801e3 (android:drawable/btn_toggle_off_disabled_focused_holo_dark) that varies with configuration!!
W/Resources( 1135): Preloaded drawable resource #0x10801e5 (android:drawable/btn_toggle_off_disabled_holo_dark) that varies with configuration!!
W/Resources( 1135): Preloaded drawable resource #0x10801e0 (android:drawable/btn_toggle_holo_dark) that varies with configuration!!
D/dalvikvm( 1135): GC_EXPLICIT freed 438K, 15% free 2935K/3420K, paused 1ms+1ms, total 15ms
W/Resources( 1135): Preloaded drawable resource #0x108064c (android:drawable/textfield_multiline_default_holo_light) that varies with configuration!!
