D/MobileDataStateTracker( 1551): cbs: Received state=DISCONNECTED, old=DISCONNECTED, reason=simLoaded
D/MobileDataStateTracker( 1551): default: Broadcast received: android.intent.action.ANY_DATA_STATE apnType=default
D/MobileDataStateTracker( 1551): default: Received state=CONNECTING, old=DISCONNECTED, reason=simLoaded
D/MobileDataStateTracker( 1551): default: setDetailed state, old =IDLE and new state=CONNECTING
D/MobileDataStateTracker( 1551): fota: Broadcast received: android.intent.action.ANY_DATA_STATE apnType=fota
D/MobileDataStateTracker( 1551): fota: Received state=DISCONNECTED, old=DISCONNECTED, reason=simLoaded
D/MobileDataStateTracker( 1551): ia: Broadcast received: android.intent.action.ANY_DATA_STATE apnType=ia
D/MobileDataStateTracker( 1551): ia: Received state=DISCONNECTED, old=DISCONNECTED, reason=simLoaded
D/dalvikvm( 1657): GC_CONCURRENT freed 461K, 13% free 3649K/4180K, paused 42ms+8ms, total 352ms
D/MobileDataStateTracker( 1551): supl: Broadcast received: android.intent.action.ANY_DATA_STATE apnType=supl
D/MobileDataStateTracker( 1551): supl: Received state=DISCONNECTED, old=DISCONNECTED, reason=simLoaded
D/MobileDataStateTracker( 1551): hipri: Broadcast received: android.intent.action.ANY_DATA_STATE apnType=hipri
D/MobileDataStateTracker( 1551): hipri: Received state=DISCONNECTED, old=DISCONNECTED, reason=simLoaded
D/MobileDataStateTracker( 1551): ims: Broadcast received: android.intent.action.ANY_DATA_STATE apnType=ims
D/MobileDataStateTracker( 1551): ims: Received state=DISCONNECTED, old=DISCONNECTED, reason=simLoaded
D/MobileDataStateTracker( 1551): mms: Broadcast received: android.intent.action.ANY_DATA_STATE apnType=mms
D/dalvikvm( 1551): GC_FOR_ALLOC freed 221K, 13% free 5951K/6772K, paused 190ms, total 206ms
D/MobileDataStateTracker( 1551): mms: Received state=DISCONNECTED, old=DISCONNECTED, reason=simLoaded
D/MobileDataStateTracker( 1551): cbs: Broadcast received: android.intent.action.ANY_DATA_STATE apnType=cbs
D/MobileDataStateTracker( 1551): cbs: Received state=DISCONNECTED, old=DISCONNECTED, reason=simLoaded
D/MobileDataStateTracker( 1551): default: Broadcast received: android.intent.action.ANY_DATA_STATE apnType=default
D/MobileDataStateTracker( 1551): default: Received state=CONNECTED, old=CONNECTING, reason=connected
D/MobileDataStateTracker( 1551): default: setDetailed state, old =CONNECTING and new state=CONNECTED
D/ConnectivityService( 1551): ConnectivityChange for mobile: CONNECTED/CONNECTED
D/ConnectivityService( 1551): ConnectivityChange checkMobileProvisioning for TYPE_MOBILE or ProvisioningNetwork
D/ConnectivityService( 1551): checkMobileProvisioning: E suggestedTimeOutMs=60000
D/ConnectivityService( 1551): setProvNotificationVisible: E visible=false networkType=5 extraInfo=null url=null
D/ConnectivityService( 1551): checkMobileProvisioning: params={ url=http://clients3.google.com/generate_204 mTimeOutMs=60000 mCb=com.android.server.ConnectivityService$5@95238718}
D/ConnectivityService( 1551): checkMobileProvisioning: X
D/MobileDataStateTracker( 1551): default: isProvisioningNetwork: retVal=false
D/ConnectivityService( 1551): [CheckMp] isMobileOk: isDefaultProvisioning=false
D/Nat464Xlat( 1551): requiresClat: netType=0, hasIPv4Address=true
D/MobileDataStateTracker( 1551): hipri: isProvisioningNetwork: retVal=false
D/ConnectivityService( 1551): [CheckMp] isMobileOk: isHipriProvisioning=false
D/ConnectivityService( 1551): [CheckMp] isMobileOk: start hipri url=http://clients3.google.com/generate_204
W/Launcher.Model( 1677): LoaderTask running with no launcher (loadAllAppsByBatch)
D/ConnectivityService( 1551): startUsingNetworkFeature reconnecting to 0: enableHIPRI
D/ConnectivityService( 1551): startUsingNetworkFeature X: return APN_REQUEST_STARTED
D/ConnectivityService( 1551): [CheckMp] isMobileOk: hipri started
D/ConnectivityService( 1551): [CheckMp] isMobileOk: not connected ni=NetworkInfo: type: mobile_hipri[UMTS], state: DISCONNECTED/IDLE, reason: (unspecified), extra: (none), roaming: false, failover: false, isAvailable: true, isConnectedToProvisioningNetwork: false
D/MobileDataStateTracker( 1551): hipri: Broadcast received: android.intent.action.ANY_DATA_STATE apnType=hipri
D/MobileDataStateTracker( 1551): hipri: Received state=CONNECTING, old=DISCONNECTED, reason=dataEnabled
D/MobileDataStateTracker( 1551): hipri: setDetailed state, old =IDLE and new state=CONNECTING
D/MobileDataStateTracker( 1551): fota: Broadcast received: android.intent.action.ANY_DATA_STATE apnType=fota
D/MobileDataStateTracker( 1551): fota: Received state=DISCONNECTED, old=DISCONNECTED, reason=dataEnabled
D/MobileDataStateTracker( 1551): ia: Broadcast received: android.intent.action.ANY_DATA_STATE apnType=ia
D/MobileDataStateTracker( 1551): ia: Received state=DISCONNECTED, old=DISCONNECTED, reason=dataEnabled
D/MobileDataStateTracker( 1551): supl: Broadcast received: android.intent.action.ANY_DATA_STATE apnType=supl
D/MobileDataStateTracker( 1551): supl: Received state=DISCONNECTED, old=DISCONNECTED, reason=dataEnabled
D/MobileDataStateTracker( 1551): ims: Broadcast received: android.intent.action.ANY_DATA_STATE apnType=ims
D/MobileDataStateTracker( 1551): ims: Received state=DISCONNECTED, old=DISCONNECTED, reason=dataEnabled
D/MobileDataStateTracker( 1551): mms: Broadcast received: android.intent.action.ANY_DATA_STATE apnType=mms
D/MobileDataStateTracker( 1551): mms: Received state=DISCONNECTED, old=DISCONNECTED, reason=dataEnabled
D/MobileDataStateTracker( 1551): cbs: Broadcast received: android.intent.action.ANY_DATA_STATE apnType=cbs
D/MobileDataStateTracker( 1551): cbs: Received state=DISCONNECTED, old=DISCONNECTED, reason=dataEnabled
D/dalvikvm( 1551): GC_FOR_ALLOC freed 214K, 12% free 5993K/6772K, paused 116ms, total 160ms
I/dalvikvm-heap( 1551): Grow heap (frag case) to 5.988MB for 63152-byte allocation
D/dalvikvm( 1551): GC_FOR_ALLOC freed 3K, 12% free 6052K/6836K, paused 120ms, total 121ms
D/ConnectivityService( 1551): [CheckMp] isMobileOk: not connected ni=NetworkInfo: type: mobile_hipri[UMTS], state: CONNECTING/CONNECTING, reason: dataEnabled, extra: epc.tmobile.com, roaming: false, failover: false, isAvailable: true, isConnectedToProvisioningNetwork: false
D/MobileDataStateTracker( 1551): hipri: Broadcast received: android.intent.action.ANY_DATA_STATE apnType=hipri
D/MobileDataStateTracker( 1551): hipri: Received state=CONNECTED, old=CONNECTING, reason=dataEnabled
D/MobileDataStateTracker( 1551): hipri: setDetailed state, old =CONNECTING and new state=CONNECTED
D/ConnectivityService( 1551): ConnectivityChange for mobile_hipri: CONNECTED/CONNECTED
I/WindowManager( 1551): Screen frozen for +9s642ms due to Window{95280928 u0 com.android.launcher/com.android.launcher2.Launcher}
D/MobileDataStateTracker( 1551): hipri: isProvisioningNetwork: retVal=false
D/ConnectivityService( 1551): [CheckMp] isMobileOk: isProvisioningNetwork is false, continue
D/Nat464Xlat( 1551): requiresClat: netType=5, hasIPv4Address=true
D/ConnectivityService( 1551): [CheckMp] isMobileOk: addresses=clients3.google.com/74.125.23.138,clients3.google.com/74.125.23.102,clients3.google.com/74.125.23.139,clients3.google.com/74.125.23.113,clients3.google.com/74.125.23.100,clients3.google.com/74.125.23.101
D/ConnectivityService( 1551): [CheckMp] isMobileOk: linkHasIpv4=true linkHasIpv6=false
D/Launcher.Model( 1677): Reload apps on config change. curr_mcc:310 prevmcc:0
I/Choreographer( 1677): Skipped 74 frames!  The application may be doing too much work on its main thread.
D/ConnectivityService( 1551): requestRouteToHostAddress ok=true
D/ConnectivityService( 1551): [CheckMp] isMobileOk: wait to establish route to hostAddr=clients3.google.com/74.125.23.113
D/Tethering( 1551): MasterInitialState.processMessage what=3
D/CaptivePortalTracker( 1551): NoActiveNetworkState{ when=-2ms what=1 obj=NetworkInfo: type: mobile[UMTS], state: CONNECTED/CONNECTED, reason: connected, extra: epc.tmobile.com, roaming: false, failover: false, isAvailable: true, isConnectedToProvisioningNetwork: false target=com.android.internal.util.StateMachine$SmHandler }
D/CaptivePortalTracker( 1551): NoActiveNetworkState not a wifi connectivity change, ignore
D/dalvikvm( 1677): GC_CONCURRENT freed 7369K, 55% free 6205K/13648K, paused 57ms+9ms, total 190ms
D/dalvikvm( 1551): GC_EXPLICIT freed 369K, 13% free 5929K/6792K, paused 3ms+6ms, total 253ms
D/dalvikvm( 1677): GC_FOR_ALLOC freed 905K, 59% free 5617K/13648K, paused 39ms, total 41ms
I/dalvikvm-heap( 1677): Grow heap (frag case) to 7.527MB for 2073612-byte allocation
I/Choreographer( 1601): Skipped 1310 frames!  The application may be doing too much work on its main thread.
V/KeyguardTouchDelegate( 1601): Connected to keyguard
V/KeyguardServiceDelegate( 1551): **** SHOWN CALLED ****
I/SurfaceFlinger( 1134): Boot is finished (53458 ms)
D/dalvikvm( 1677): GC_CONCURRENT freed 40K, 45% free 7602K/13648K, paused 7ms+48ms, total 307ms
D/CaptivePortalTracker( 1551): NoActiveNetworkState{ when=-4ms what=1 obj=NetworkInfo: type: mobile_hipri[UMTS], state: CONNECTED/CONNECTED, reason: dataEnabled, extra: epc.tmobile.com, roaming: false, failover: false, isAvailable: true, isConnectedToProvisioningNetwork: false target=com.android.internal.util.StateMachine$SmHandler }
D/CaptivePortalTracker( 1551): NoActiveNetworkState not a wifi connectivity change, ignore
D/Tethering( 1551): MasterInitialState.processMessage what=3
D/dalvikvm( 1677): GC_FOR_ALLOC freed 15K, 45% free 7588K/13648K, paused 64ms, total 64ms
I/dalvikvm-heap( 1677): Grow heap (frag case) to 9.452MB for 2073612-byte allocation
D/dalvikvm( 1677): GC_FOR_ALLOC freed <1K, 30% free 9613K/13648K, paused 27ms, total 66ms
D/ConnectivityService( 1551): [CheckMp] isMobileOk: newUrl=https://74.125.23.113/generate_204
W/ActivityThread( 1551): ClassLoader.loadClass: The class loader returned by Thread.getContextClassLoader() may fail for processes that host multiple applications. You should explicitly specify a context class loader. For example: Thread.setContextClassLoader(getClass().getClassLoader());
D/dalvikvm( 1677): GC_CONCURRENT freed 0K, 30% free 9613K/13648K, paused 18ms+1ms, total 80ms
D/OpenGLRenderer( 1601): Enabling debug mode 0
D/dalvikvm( 1677): GC_CONCURRENT freed <1K, 15% free 11639K/13648K, paused 6ms+1ms, total 68ms
I/Choreographer( 1677): Skipped 105 frames!  The application may be doing too much work on its main thread.
I/ActivityManager( 1551): Waited long enough for: ServiceRecord{951f69c0 u0 com.android.music/.MediaPlaybackService}
D/PhoneStatusBar( 1601): mSettingsPanelGravity = 55
I/Choreographer( 1601): Skipped 129 frames!  The application may be doing too much work on its main thread.
I/ActivityManager( 1551): Start proc com.android.dialer for broadcast com.android.dialer/.calllog.CallLogReceiver: pid=1815 uid=10004 gids={50004, 3003, 1028, 1015}
D/ExtensionsFactory( 1815): No custom extensions.
D/dalvikvm( 1657): GC_CONCURRENT freed 388K, 13% free 3645K/4180K, paused 11ms+1ms, total 233ms
E/BluetoothAdapter( 1551): Bluetooth binder is null
E/BluetoothAdapter( 1551): Bluetooth binder is null
E/SoundPool( 1551): error loading /system/media/audio/ui/Effect_Tick.ogg
W/AudioService( 1551): Soundpool could not load file: /system/media/audio/ui/Effect_Tick.ogg
E/SoundPool( 1551): error loading /system/media/audio/ui/Effect_Tick.ogg
W/AudioService( 1551): Soundpool could not load file: /system/media/audio/ui/Effect_Tick.ogg
E/SoundPool( 1551): error loading /system/media/audio/ui/Effect_Tick.ogg
W/AudioService( 1551): Soundpool could not load file: /system/media/audio/ui/Effect_Tick.ogg
E/SoundPool( 1551): error loading /system/media/audio/ui/Effect_Tick.ogg
W/AudioService( 1551): Soundpool could not load file: /system/media/audio/ui/Effect_Tick.ogg
E/SoundPool( 1551): error loading /system/media/audio/ui/Effect_Tick.ogg
W/AudioService( 1551): Soundpool could not load file: /system/media/audio/ui/Effect_Tick.ogg
E/SoundPool( 1551): error loading /system/media/audio/ui/KeypressStandard.ogg
W/AudioService( 1551): Soundpool could not load file: /system/media/audio/ui/KeypressStandard.ogg
E/SoundPool( 1551): error loading /system/media/audio/ui/KeypressSpacebar.ogg
W/AudioService( 1551): Soundpool could not load file: /system/media/audio/ui/KeypressSpacebar.ogg
E/SoundPool( 1551): error loading /system/media/audio/ui/KeypressDelete.ogg
W/AudioService( 1551): Soundpool could not load file: /system/media/audio/ui/KeypressDelete.ogg
E/SoundPool( 1551): error loading /system/media/audio/ui/KeypressReturn.ogg
W/AudioService( 1551): Soundpool could not load file: /system/media/audio/ui/KeypressReturn.ogg
E/SoundPool( 1551): error loading /system/media/audio/ui/KeypressInvalid.ogg
W/AudioService( 1551): Soundpool could not load file: /system/media/audio/ui/KeypressInvalid.ogg
V/WiredAccessoryManager( 1551): init()
W/AudioService( 1551): onLoadSoundEffects(), Error -1 while loading samples
I/RecoverySystem( 1551): No recovery log file
I/ActivityManager( 1551): Start proc com.android.providers.calendar for broadcast com.android.providers.calendar/.CalendarReceiver: pid=1836 uid=10001 gids={50001, 3003, 1028, 1015}
I/PowerManagerService( 1551): Boot animation finished.
I/BootReceiver( 1551): Copying audit failures to DropBox
I/BootReceiver( 1551): Checking for fsck errors
I/Choreographer( 1601): Skipped 138 frames!  The application may be doing too much work on its main thread.
I/CalendarProvider2( 1836): Created com.android.providers.calendar.CalendarAlarmManager@94fda730(com.android.providers.calendar.CalendarProvider2@94fd1d60)
I/ActivityManager( 1551): Start proc com.android.mms for broadcast com.android.mms/.transaction.MmsSystemEventReceiver: pid=1857 uid=10009 gids={50009, 3003, 1028, 1015}
D/CountryDetector( 1551): The first listener is added
V/MmsConfig( 1857): mnc/mcc: 310260
V/MmsConfig( 1857): tag: bool value: enabledMMS - true
V/MmsConfig( 1857): tag: int value: maxMessageSize - 307200
V/MmsConfig( 1857): tag: int value: maxImageHeight - 480
V/MmsConfig( 1857): tag: int value: maxImageWidth - 640
V/MmsConfig( 1857): tag: int value: defaultSMSMessagesPerThread - 10000
V/MmsConfig( 1857): tag: int value: defaultMMSMessagesPerThread - 1000
V/MmsConfig( 1857): tag: int value: minMessageCountPerThread - 10
V/MmsConfig( 1857): tag: int value: maxMessageCountPerThread - 5000
V/MmsConfig( 1857): tag: string value: uaProfUrl - http://www.google.com/oha/rdf/ua-profile-kila.xml
V/MmsConfig( 1857): tag: int value: recipientLimit - -1
V/MmsConfig( 1857): tag: bool value: enableMultipartSMS - true
V/MmsConfig( 1857): tag: int value: smsToMmsTextThreshold - -1
V/MmsConfig( 1857): tag: bool value: enableSlideDuration - true
V/MmsConfig( 1857): tag: int value: maxMessageTextSize - -1
D/dalvikvm( 1677): GC_FOR_ALLOC freed 726K, 9% free 12610K/13732K, paused 26ms, total 33ms
W/MediaProvider( 1777): no database for scanned volume external
D/dalvikvm( 1777): GC_CONCURRENT freed 188K, 8% free 3307K/3564K, paused 1ms+2ms, total 18ms
D/dalvikvm( 1857): GC_CONCURRENT freed 105K, 6% free 3407K/3588K, paused 1ms+1ms, total 66ms
I/CalendarProvider2( 1836): Sending notification intent: Intent { act=android.intent.action.PROVIDER_CHANGED dat=content://com.android.calendar }
W/ContentResolver( 1836): Failed to get type for: content://com.android.calendar (Unknown URL content://com.android.calendar)
V/MediaScanner( 1777): pruneDeadThumbnailFiles... android.database.sqlite.SQLiteCursor@95003de8
I/ActivityManager( 1551): Delay finish: com.android.mms/.transaction.SmsReceiver
V/MediaScanner( 1777): /pruneDeadThumbnailFiles... android.database.sqlite.SQLiteCursor@95003de8
D/Mms:app ( 1857): cancelNotification
D/MmsSmsDatabaseHelper( 1657): [MmsSmsDb] tableName: threads hasAutoIncrement: CREATE TABLE threads (_id INTEGER PRIMARY KEY AUTOINCREMENT,date INTEGER DEFAULT 0,message_count INTEGER DEFAULT 0,recipient_ids TEXT,snippet TEXT,snippet_cs INTEGER DEFAULT 0,read INTEGER DEFAULT 1,type INTEGER DEFAULT 0,error INTEGER DEFAULT 0,has_attachment INTEGER DEFAULT 0) result: true
D/MmsSmsDatabaseHelper( 1657): [MmsSmsDb] tableName: canonical_addresses hasAutoIncrement: CREATE TABLE canonical_addresses (_id INTEGER PRIMARY KEY AUTOINCREMENT,address TEXT) result: true
D/MmsSmsDatabaseHelper( 1657): [MmsSmsDb] tableName: part hasAutoIncrement: CREATE TABLE part (_id INTEGER PRIMARY KEY AUTOINCREMENT,mid INTEGER,seq INTEGER DEFAULT 0,ct TEXT,name TEXT,chset INTEGER,cd TEXT,fn TEXT,cid TEXT,cl TEXT,ctt_s INTEGER,ctt_t TEXT,_data TEXT,text TEXT) result: true
D/MmsSmsDatabaseHelper( 1657): [MmsSmsDb] tableName: pdu hasAutoIncrement: CREATE TABLE pdu (_id INTEGER PRIMARY KEY AUTOINCREMENT,thread_id INTEGER,date INTEGER,date_sent INTEGER DEFAULT 0,msg_box INTEGER,read INTEGER DEFAULT 0,m_id TEXT,sub TEXT,sub_cs INTEGER,ct_t TEXT,ct_l TEXT,exp INTEGER,m_cls TEXT,m_type INTEGER,v INTEGER,m_size INTEGER,pri INTEGER,rr INTEGER,rpt_a INTEGER,resp_st INTEGER,st INTEGER,tr_id TEXT,retr_st INTEGER,retr_txt TEXT,retr_txt_cs INTEGER,read_status INTEGER,ct_cls INTEGER,resp_txt TEXT,d_tm INTEGER,d_rpt INTEGER,locked INTEGER DEFAULT 0,seen INTEGER DEFAULT 0,text_only INTEGER DEFAULT 0) result: true
D/MmsSmsDatabaseHelper( 1657): [getWritableDatabase] hasAutoIncrementThreads: true hasAutoIncrementAddresses: true hasAutoIncrementPart: true hasAutoIncrementPdu: true
D/dalvikvm( 1677): GC_FOR_ALLOC freed 785K, 9% free 13423K/14648K, paused 25ms, total 30ms
I/ActivityManager( 1551): Resuming delayed broadcast
I/ActivityManager( 1551): Start proc com.android.calendar for broadcast com.android.calendar/.alerts.AlertReceiver: pid=1886 uid=10016 gids={50016, 3003}
D/Mms:app ( 1857): cancelNotification
D/ExtensionsFactory( 1886): No custom extensions.
D/AlertReceiver( 1886): onReceive: a=android.intent.action.BOOT_COMPLETED Intent { act=android.intent.action.BOOT_COMPLETED flg=0x8000010 cmp=com.android.calendar/.alerts.AlertReceiver (has extras) }
D/AlertUtils( 1886): Flushing old alerts from shared prefs table
I/ActivityManager( 1551): Start proc com.android.deskclock for broadcast com.android.deskclock/.AlarmInitReceiver: pid=1905 uid=10020 gids={50020, 1028}
D/AlertService( 1886): 0 Action = android.intent.action.BOOT_COMPLETED
D/AlertService( 1886): Scheduling next alarm with AlarmScheduler. sEventReminderReceived: null
D/AlarmScheduler( 1886): No events found starting within 1 week.
V/AlarmClock( 1905): AlarmInitReceiver android.intent.action.BOOT_COMPLETED
V/AlarmClock( 1905): AlarmInitReceiver - Reset timers and clear stopwatch data
I/AlarmClock( 1905): Displaying next alarm time: ''
V/AlarmClock( 1905): AlarmInitReceiver finished
I/ActivityManager( 1551): Start proc com.android.email for broadcast com.android.email/.service.EmailBroadcastReceiver: pid=1923 uid=10024 gids={50024, 3003, 1028, 1015}
D/ActivityThread( 1923): Loading provider com.android.email.provider;com.android.email.notifier: com.android.email.provider.EmailProvider
D/ActivityThread( 1923): Loading provider com.android.email.provider;com.android.email.notifier: com.android.email.provider.EmailProvider
D/dalvikvm( 1551): GC_CONCURRENT freed 444K, 11% free 6069K/6792K, paused 2ms+8ms, total 96ms
I/LauncherIconVisibilityManager( 1636): Boot has been completed
I/LauncherIconVisibilityManager( 1636): Activity has already been disabled: ComponentInfo{com.android.inputmethod.latin/com.android.inputmethod.latin.setup.SetupActivity}
D/dalvikvm( 1923): GC_CONCURRENT freed 200K, 8% free 3315K/3596K, paused 18ms+12ms, total 62ms
I/ActivityManager( 1551): Start proc com.zhihu.android for broadcast com.zhihu.android/com.avos.avoscloud.AVBroadcastReceiver: pid=1942 uid=10052 gids={50052, 1028, 1015, 3003}
D/dalvikvm( 1942): Trying to load lib /data/app-lib/com.zhihu.android-1/libwebp.so 0x94fc8d90
D/dalvikvm( 1942): Added shared lib /data/app-lib/com.zhihu.android-1/libwebp.so 0x94fc8d90
D/dalvikvm( 1942): No JNI_OnLoad found in /data/app-lib/com.zhihu.android-1/libwebp.so 0x94fc8d90, skipping init
I/MultiDex( 1942): VM with version 1.6.0 does not have multidex support
I/MultiDex( 1942): install
I/MultiDex( 1942): MultiDexExtractor.load(/data/app/com.zhihu.android-1.apk, false)
I/MultiDex( 1942): loading existing secondary dex files
I/MultiDex( 1942): load found 1 secondary dex files
I/MultiDex( 1942): install done
W/ActivityManager( 1551): Unable to start service Intent { cmp=com.android.email/.service.AttachmentDownloadService } U=0: not found
I/Email   ( 1923): Observing account changes for notifications
W/ActivityManager( 1551): Unable to start service Intent { cmp=com.android.email/.service.AttachmentDownloadService } U=0: not found
I/ActivityManager( 1551): Start proc com.android.exchange for service com.android.exchange/.service.EmailSyncAdapterService: pid=1960 uid=10025 gids={50025, 3003, 1028, 1015}
D/dalvikvm( 1942): GC_CONCURRENT freed 316K, 11% free 3309K/3700K, paused 6ms+17ms, total 37ms
D/dalvikvm( 1942): WAIT_FOR_CONCURRENT_GC blocked 8ms
D/dalvikvm( 1942): WAIT_FOR_CONCURRENT_GC blocked 9ms
D/dalvikvm( 1942): GC_CONCURRENT freed 169K, 7% free 3651K/3896K, paused 2ms+13ms, total 32ms
D/dalvikvm( 1942): WAIT_FOR_CONCURRENT_GC blocked 21ms
I/CrashlyticsCore( 1942): Initializing Crashlytics 2.3.6.92
W/ActivityManager( 1551): Unable to start service Intent { cmp=com.android.email/.service.AttachmentDownloadService } U=0: not found
D/dalvikvm( 1942): GC_CONCURRENT freed 271K, 9% free 3821K/4176K, paused 13ms+29ms, total 63ms
D/dalvikvm( 1942): GC_CONCURRENT freed 356K, 11% free 3873K/4308K, paused 12ms+21ms, total 45ms
W/GAV4    ( 1942): Thread[main,5,main]: bool configuration name not recognized:  ga_dryRun
W/GAV4    ( 1942): Thread[main,5,main]: int configuration name not recognized:  ga_dispatchPeriod
W/System  ( 1942): Ignoring header X-CRASHLYTICS-ADVERTISING-TOKEN because its value was null.
D//SpiceManager.java:212( 1942): 09:01:10.154 main SpiceManager started.
V//SpiceManager.java:1191( 1942): 09:01:10.158 SpiceManagerThread 0 Binding to service.
V//SpiceManager.java:1197( 1942): 09:01:10.166 SpiceManagerThread 0 Binding to service succeeded.
D//SpiceManager.java:1245( 1942): 09:01:10.167 SpiceManagerThread 0 Waiting for service to be bound.
V/fb-UnpackingSoSource( 1942): locked dso store /data/data/com.zhihu.android/lib-main
I/fb-UnpackingSoSource( 1942): dso store is up-to-date: /data/data/com.zhihu.android/lib-main
V/fb-UnpackingSoSource( 1942): releasing dso store lock for /data/data/com.zhihu.android/lib-main
I/dalvikvm( 1942): Could not find method android.widget.ImageView.<init>, referenced from method com.facebook.drawee.view.DraweeView.<init>
W/dalvikvm( 1942): VFY: unable to resolve direct method 14616: Landroid/widget/ImageView;.<init> (Landroid/content/Context;Landroid/util/AttributeSet;II)V
D/dalvikvm( 1942): VFY: replacing opcode 0x70 at 0x0000
I/dalvikvm( 1942): Could not find method com.facebook.drawee.view.DraweeView.getImageTintList, referenced from method com.facebook.drawee.view.DraweeView.a
W/dalvikvm( 1942): VFY: unable to resolve virtual method 25535: Lcom/facebook/drawee/view/DraweeView;.getImageTintList ()Landroid/content/res/ColorStateList;
D/dalvikvm( 1942): VFY: replacing opcode 0x6e at 0x0015
D/dalvikvm( 1942): GC_CONCURRENT freed 784K, 20% free 3482K/4348K, paused 3ms+7ms, total 29ms
I/===AVOS Cloud===( 1942): i->16: statistics library not started since not included
I/dalvikvm( 1942): Could not find method java.beans.Introspector.decapitalize, referenced from method com.alibaba.fastjson.util.TypeUtils.computeGetters
W/dalvikvm( 1942): VFY: unable to resolve static method 61970: Ljava/beans/Introspector;.decapitalize (Ljava/lang/String;)Ljava/lang/String;
D/dalvikvm( 1942): VFY: replacing opcode 0x71 at 0x00bc
I/dalvikvm( 1942): Could not find method java.beans.Introspector.decapitalize, referenced from method com.alibaba.fastjson.util.TypeUtils.computeGetters
W/dalvikvm( 1942): VFY: unable to resolve static method 61970: Ljava/beans/Introspector;.decapitalize (Ljava/lang/String;)Ljava/lang/String;
D/dalvikvm( 1942): VFY: replacing opcode 0x71 at 0x012a
D/dalvikvm( 1942): GC_FOR_ALLOC freed 224K, 19% free 3540K/4348K, paused 13ms, total 14ms
D/com.avos.avospush.push.AVPushServiceAppManager( 1942): Init AppManager Done, read data from cache: 4
D/com.avos.avoscloud.PushService( 1942): PushService$4->run->288: Start service
D/com.avos.avoscloud.PushService( 1942): PushService$4->run->288: Start service
D/com.avos.avoscloud.PushService( 1942): PushService$4->run->288: Start service
D/com.avos.avoscloud.PushService( 1942): PushService$4->run->288: Start service
D/dalvikvm( 1942): GC_CONCURRENT freed 188K, 12% free 3855K/4348K, paused 1ms+2ms, total 21ms
D/dalvikvm( 1942): GC_CONCURRENT freed 162K, 6% free 4101K/4348K, paused 4ms+12ms, total 38ms
I/ActivityManager( 1551): Delay finish: com.zhihu.android/com.avos.avoscloud.AVBroadcastReceiver
D/dalvikvm( 1942): GC_CONCURRENT freed 316K, 9% free 4207K/4588K, paused 6ms+7ms, total 35ms
D//SpiceService.java:134( 1942): 09:01:11.375 main SpiceService instance created.
D/com.avos.avoscloud.PushService( 1942): PushService->onCreate->88: On Create
D/com.avos.avoscloud.PushService( 1942): PushService->getConnectionManagerInstance->684: Init push manager
W/dalvikvm( 1942): VFY: unable to find class referenced in signature (Ljava/nio/file/Path;)
W/dalvikvm( 1942): VFY: unable to find class referenced in signature ([Ljava/nio/file/OpenOption;)
I/dalvikvm( 1942): Could not find method java.nio.file.Files.newOutputStream, referenced from method com.avos.avoscloud.okio.Okio.sink
W/dalvikvm( 1942): VFY: unable to resolve static method 63009: Ljava/nio/file/Files;.newOutputStream (Ljava/nio/file/Path;[Ljava/nio/file/OpenOption;)Ljava/io/OutputStream;
D/dalvikvm( 1942): VFY: replacing opcode 0x71 at 0x000a
W/dalvikvm( 1942): VFY: unable to find class referenced in signature (Ljava/nio/file/Path;)
W/dalvikvm( 1942): VFY: unable to find class referenced in signature ([Ljava/nio/file/OpenOption;)
I/dalvikvm( 1942): Could not find method java.nio.file.Files.newInputStream, referenced from method com.avos.avoscloud.okio.Okio.source
W/dalvikvm( 1942): VFY: unable to resolve static method 63008: Ljava/nio/file/Files;.newInputStream (Ljava/nio/file/Path;[Ljava/nio/file/OpenOption;)Ljava/io/InputStream;
D/dalvikvm( 1942): VFY: replacing opcode 0x71 at 0x000a
D/ConnectivityService( 1551): [CheckMp] isMobileOk: HttpURLConnection Exceptionjava.net.SocketTimeoutException: failed to connect to /74.125.23.113 (port 443) after 5000ms
D/dalvikvm( 1942): GC_CONCURRENT freed 352K, 10% free 4250K/4680K, paused 7ms+3ms, total 34ms
D/===AVOS Cloud===( 1942): LogUtil$avlog->d->28: 0 sessions recovered
I/===AVOS Cloud===( 1942): i->16: statistics library not started since not included
D/com.avos.avoscloud.PushService( 1942): PushService->onStartCommand->142: Start to connect to push server with installationId 223065ebe52df60eecf5523a090b908c
D/===AVOS Cloud===( 1942): AVPersistenceUtils->saveContentToFile->137: java.io.FileNotFoundException: /storage/sdcard/Android/data/leancloud/dontpanic.cp: open failed: ENOENT (No such file or directory)
D/===AVOS Cloud===( 1942): AVPersistenceUtils->saveContentToFile->137: java.io.FileNotFoundException: /storage/sdcard/Android/data/leancloud/dontpanic.cp: open failed: ENOENT (No such file or directory)
D/com.avos.avoscloud.PushService( 1942): PushService->onStartCommand->142: Start to connect to push server with installationId 223065ebe52df60eecf5523a090b908c
D/===AVOS Cloud===( 1942): AVPersistenceUtils->saveContentToFile->137: java.io.FileNotFoundException: /storage/sdcard/Android/data/leancloud/dontpanic.cp: open failed: ENOENT (No such file or directory)
D/com.avos.avoscloud.PushService( 1942): PushService->onStartCommand->142: Start to connect to push server with installationId 223065ebe52df60eecf5523a090b908c
D/===AVOS Cloud===( 1942): AVPersistenceUtils->saveContentToFile->137: java.io.FileNotFoundException: /storage/sdcard/Android/data/leancloud/dontpanic.cp: open failed: ENOENT (No such file or directory)
D/com.avos.avoscloud.PushService( 1942): PushService->onStartCommand->142: Start to connect to push server with installationId 223065ebe52df60eecf5523a090b908c
D/dalvikvm( 1942): GC_CONCURRENT freed 365K, 10% free 4317K/4772K, paused 6ms+11ms, total 50ms
D/com.avos.avoscloud.PushService( 1942): PushService->onStartCommand->142: Start to connect to push server with installationId 223065ebe52df60eecf5523a090b908c
D/===AVOS Cloud===( 1942): AVPersistenceUtils->saveContentToFile->137: java.io.FileNotFoundException: /storage/sdcard/Android/data/leancloud/dontpanic.cp: open failed: ENOENT (No such file or directory)
D//SpiceServiceListenerNotifier.java:33( 1942): 09:01:11.986 main Message Queue starting
D//SpiceManager.java:1088( 1942): 09:01:11.987 main Bound to service : BumblebeeService
D//SpiceManager.java:1252( 1942): 09:01:11.995 SpiceManagerThread 0 Bound ok.
I/ActivityManager( 1551): Resuming delayed broadcast
E/BluetoothAdapter( 1649): Bluetooth binder is null
D/===AVOS Cloud===( 1942): AVPersistenceUtils->saveContentToFile->137: java.io.FileNotFoundException: /storage/sdcard/Android/data/leancloud/dontpanic.cp: open failed: ENOENT (No such file or directory)
D/dalvikvm( 1942): GC_CONCURRENT freed 453K, 11% free 4346K/4876K, paused 2ms+21ms, total 61ms
E/cutils  ( 1129): Failed to mkdirat(/storage/sdcard/Android): Read-only file system
W/ContextImpl( 1942): Failed to ensure directory: /storage/sdcard/Android/data/com.zhihu.android/cache
W/Vold    ( 1129): Returning OperationFailed - no handler for errno 30
D/===AVOS Cloud===( 1942): AVPersistenceUtils->saveContentToFile->137: java.io.FileNotFoundException: /storage/sdcard/Android/data/leancloud/dontpanic.cp: open failed: ENOENT (No such file or directory)
I/ActivityManager( 1551): Delay finish: com.android.settings/.widget.SettingsAppWidgetProvider
I/ActivityManager( 1551): Resuming delayed broadcast
E/BluetoothAdapter( 1649): Bluetooth binder is null
D/dalvikvm( 1942): GC_CONCURRENT freed 375K, 10% free 4390K/4876K, paused 1ms+2ms, total 18ms
D/AlertReceiver( 1886): onReceive: a=android.intent.action.PROVIDER_CHANGED Intent { act=android.intent.action.PROVIDER_CHANGED dat=content://com.android.calendar flg=0x10 cmp=com.android.calendar/.alerts.AlertReceiver }
I/ActivityManager( 1551): Delay finish: com.android.calendar/.alerts.AlertReceiver
D/AlertService( 1886): 0 Action = android.intent.action.PROVIDER_CHANGED
D/dalvikvm( 1942): GC_CONCURRENT freed 384K, 10% free 4415K/4876K, paused 4ms+2ms, total 25ms
D/ConnectivityService( 1551): requestRouteToHostAddress ok=true
D/ConnectivityService( 1551): [CheckMp] isMobileOk: wait to establish route to hostAddr=clients3.google.com/74.125.23.138
W/GAV4    ( 1942): Thread[GAThread,5,main]: Service unavailable (code=1), will retry.
W/ActivityManager( 1551): Unable to start service Intent { act=com.google.android.gms.analytics.service.START cmp=com.google.android.gms/.analytics.service.AnalyticsService (has extras) } U=0: not found
D/ConnectivityService( 1551): [CheckMp] isMobileOk: newUrl=https://74.125.23.138/generate_204
I/GlobalDismissManager( 1886): no sender configured
D/AlertService( 1886): Beginning updateAlertNotification
D/AlertService( 1886): No fired or scheduled alerts
D/AlertService( 1886): Scheduling next alarm with AlarmScheduler. sEventReminderReceived: null
D/AlarmScheduler( 1886): No events found starting within 1 week.
I/ActivityManager( 1551): Resuming delayed broadcast
V/SmsReceiverService( 1857): onStart: #1 mResultCode: -1 = Activity.RESULT_OK
I/ActivityManager( 1551): Delay finish: com.android.mms/.transaction.SmsReceiver
I/ActivityManager( 1551): Resuming delayed broadcast
E/SoundPool( 1551): error loading /system/media/audio/ui/Effect_Tick.ogg
W/AudioService( 1551): Soundpool could not load file: /system/media/audio/ui/Effect_Tick.ogg
E/SoundPool( 1551): error loading /system/media/audio/ui/Effect_Tick.ogg
W/AudioService( 1551): Soundpool could not load file: /system/media/audio/ui/Effect_Tick.ogg
E/SoundPool( 1551): error loading /system/media/audio/ui/Effect_Tick.ogg
W/AudioService( 1551): Soundpool could not load file: /system/media/audio/ui/Effect_Tick.ogg
E/SoundPool( 1551): error loading /system/media/audio/ui/Effect_Tick.ogg
W/AudioService( 1551): Soundpool could not load file: /system/media/audio/ui/Effect_Tick.ogg
E/SoundPool( 1551): error loading /system/media/audio/ui/Effect_Tick.ogg
W/AudioService( 1551): Soundpool could not load file: /system/media/audio/ui/Effect_Tick.ogg
E/SoundPool( 1551): error loading /system/media/audio/ui/KeypressStandard.ogg
W/AudioService( 1551): Soundpool could not load file: /system/media/audio/ui/KeypressStandard.ogg
E/SoundPool( 1551): error loading /system/media/audio/ui/KeypressSpacebar.ogg
W/AudioService( 1551): Soundpool could not load file: /system/media/audio/ui/KeypressSpacebar.ogg
E/SoundPool( 1551): error loading /system/media/audio/ui/KeypressDelete.ogg
W/AudioService( 1551): Soundpool could not load file: /system/media/audio/ui/KeypressDelete.ogg
E/SoundPool( 1551): error loading /system/media/audio/ui/KeypressReturn.ogg
W/AudioService( 1551): Soundpool could not load file: /system/media/audio/ui/KeypressReturn.ogg
E/SoundPool( 1551): error loading /system/media/audio/ui/KeypressInvalid.ogg
W/AudioService( 1551): Soundpool could not load file: /system/media/audio/ui/KeypressInvalid.ogg
W/AudioService( 1551): onLoadSoundEffects(), Error -1 while loading samples
I/ActivityManager( 1551): Delay finish: com.android.providers.calendar/.CalendarProviderBroadcastReceiver
I/ActivityManager( 1551): Resuming delayed broadcast
D/dalvikvm( 1886): GC_CONCURRENT freed 295K, 11% free 3205K/3576K, paused 1ms+2ms, total 17ms
D/dalvikvm( 1942): GC_CONCURRENT freed 333K, 9% free 4497K/4908K, paused 14ms+46ms, total 123ms
D//SpiceManager.java:489( 1942): 09:01:19.226 main adding request to request queue
D//SpiceManager.java:286( 1942): 09:01:19.236 SpiceManagerThread 0 Sending request to service : a
D//RequestProcessor.java:63( 1942): 09:01:19.237 SpiceManagerThread 0 Adding request to queue -1794192176: CachedSpiceRequest [requestCacheKey=null, cacheDuration=0, spiceRequest=com.zhihu.android.bumblebee.http.b@95154da0] size is 0
D//RequestProcessor.java:85( 1942): 09:01:19.245 SpiceManagerThread 0 Adding entry for type class com.zhihu.android.api.model.SuccessStatus and cacheKey null.
D//RequestProgressManager.java:61( 1942): 09:01:19.247 SpiceManagerThread 0 Request was added to queue.
D//SpiceServiceListenerNotifier.java:146( 1942): 09:01:19.255 SpiceManagerThread 0 Message queue is Handler (android.os.Handler) {9501d7f0}
D//RequestProgressManager.java:82( 1942): 09:01:19.260 SpiceManagerThread 0 Sending progress PENDING
D//SpiceServiceListenerNotifier.java:175( 1942): 09:01:19.266 main Processing request added: CachedSpiceRequest [requestCacheKey=null, cacheDuration=0, spiceRequest=com.zhihu.android.bumblebee.http.b@95154da0]
D//SpiceServiceListenerNotifier.java:146( 1942): 09:01:19.286 SpiceManagerThread 0 Message queue is Handler (android.os.Handler) {9501d7f0}
V//DefaultRequestListenerNotifier.java:131( 1942): 09:01:19.317 main Notifying 1 listeners of progress com.octo.android.robospice.request.listener.d@95154de8
D//DefaultRequestRunner.java:83( 1942): 09:01:19.319 Thread-128 Processing request : CachedSpiceRequest [requestCacheKey=null, cacheDuration=0, spiceRequest=com.zhihu.android.bumblebee.http.b@95154da0]
D//DefaultRequestRunner.java:129( 1942): 09:01:19.337 Thread-128 Cache content not available or expired or disabled
D//DefaultRequestRunner.java:148( 1942): 09:01:19.394 Thread-128 Calling netwok request.
D//RequestProgressManager.java:82( 1942): 09:01:19.397 Thread-128 Sending progress LOADING_FROM_NETWORK
D//SpiceServiceListenerNotifier.java:146( 1942): 09:01:19.414 Thread-128 Message queue is Handler (android.os.Handler) {9501d7f0}
V//DefaultRequestListenerNotifier.java:131( 1942): 09:01:19.424 main Notifying 1 listeners of progress com.octo.android.robospice.request.listener.d@95134768
D/dalvikvm( 1942): GC_CONCURRENT freed 356K, 9% free 4545K/4984K, paused 34ms+26ms, total 94ms
D/dalvikvm( 1601): GC_FOR_ALLOC freed 18767K, 63% free 11331K/30172K, paused 20ms, total 28ms
I/Choreographer( 1677): Skipped 57 frames!  The application may be doing too much work on its main thread.
D/dalvikvm( 1601): GC_FOR_ALLOC freed 3K, 57% free 13036K/30172K, paused 27ms, total 27ms
W/GAV4    ( 1942): Thread[Service Reconnect,5,main]: Service unavailable (code=1), using local store.
W/ActivityManager( 1551): Unable to start service Intent { act=com.google.android.gms.analytics.service.START cmp=com.google.android.gms/.analytics.service.AnalyticsService (has extras) } U=0: not found
E//DefaultRequestRunner.java:154( 1942): 09:01:20.395 Thread-128 An exception occurred during request network execution :401 | Unauthorized
E//DefaultRequestRunner.java:154( 1942): com.zhihu.android.bumblebee.exception.BumblebeeException: 401 | Unauthorized
E//DefaultRequestRunner.java:154( 1942): 	at com.zhihu.android.bumblebee.http.b.a(BumblebeeRequest.java:219)
E//DefaultRequestRunner.java:154( 1942): 	at com.octo.android.robospice.request.a.a(CachedSpiceRequest.java:48)
E//DefaultRequestRunner.java:154( 1942): 	at com.octo.android.robospice.request.b.b(DefaultRequestRunner.java:150)
E//DefaultRequestRunner.java:154( 1942): 	at com.octo.android.robospice.request.b$1.run(DefaultRequestRunner.java:217)
E//DefaultRequestRunner.java:154( 1942): 	at java.util.concurrent.Executors$RunnableAdapter.call(Executors.java:422)
E//DefaultRequestRunner.java:154( 1942): 	at java.util.concurrent.FutureTask.run(FutureTask.java:237)
E//DefaultRequestRunner.java:154( 1942): 	at java.util.concurrent.ThreadPoolExecutor.runWorker(ThreadPoolExecutor.java:1112)
E//DefaultRequestRunner.java:154( 1942): 	at java.util.concurrent.ThreadPoolExecutor$Worker.run(ThreadPoolExecutor.java:587)
E//DefaultRequestRunner.java:154( 1942): 	at java.lang.Thread.run(Thread.java:841)
D//RequestProgressManager.java:82( 1942): 09:01:20.398 Thread-128 Sending progress COMPLETE
D//SpiceServiceListenerNotifier.java:146( 1942): 09:01:20.458 Thread-128 Message queue is Handler (android.os.Handler) {9501d7f0}
D//SpiceServiceListenerNotifier.java:146( 1942): 09:01:20.464 Thread-128 Message queue is Handler (android.os.Handler) {9501d7f0}
V//DefaultRequestListenerNotifier.java:131( 1942): 09:01:20.474 main Notifying 1 listeners of progress com.octo.android.robospice.request.listener.d@9511a030
V//DefaultRequestListenerNotifier.java:166( 1942): 09:01:20.509 main Notifying 1 listeners of request failure
V//DefaultRequestListenerNotifier.java:172( 1942): 09:01:20.529 main Notifying 
V//RequestProgressManager.java:161( 1942): 09:01:20.533 Thread-128 Removing CachedSpiceRequest [requestCacheKey=null, cacheDuration=0, spiceRequest=com.zhihu.android.bumblebee.http.b@95154da0]  size is 1
D//RequestProgressManager.java:91( 1942): 09:01:20.536 Thread-128 Sending all request complete.
V//SpiceService.java:495( 1942): 09:01:20.537 Thread-128 Pending requests : 0
D//SpiceServiceListenerNotifier.java:146( 1942): 09:01:20.539 Thread-128 Message queue is Handler (android.os.Handler) {9501d7f0}
D//DefaultRequestRunner.java:295( 1942): 09:01:20.548 Thread-128 It tooks 1240 ms to process request CachedSpiceRequest [requestCacheKey=null, cacheDuration=0, spiceRequest=com.zhihu.android.bumblebee.http.b@95154da0].
D/dalvikvm( 1942): GC_CONCURRENT freed 411K, 10% free 4573K/5064K, paused 16ms+2ms, total 57ms
D/dalvikvm( 1677): GC_FOR_ALLOC freed 2019K, 14% free 13298K/15412K, paused 40ms, total 46ms
D/dalvikvm( 1677): GC_FOR_ALLOC freed 44K, 7% free 14468K/15412K, paused 30ms, total 31ms
D/dalvikvm( 1677): GC_FOR_ALLOC freed 50K, 6% free 15633K/16552K, paused 61ms, total 62ms
D/dalvikvm( 1677): GC_FOR_ALLOC freed 57K, 6% free 16732K/17692K, paused 50ms, total 54ms
D/dalvikvm( 1677): GC_FOR_ALLOC freed 126K, 6% free 17527K/18548K, paused 35ms, total 35ms
D/dalvikvm( 1677): GC_FOR_ALLOC freed 40K, 6% free 18285K/19308K, paused 24ms, total 27ms
I/Choreographer( 1677): Skipped 76 frames!  The application may be doing too much work on its main thread.
D/dalvikvm( 1677): GC_FOR_ALLOC freed 96K, 6% free 19031K/20068K, paused 59ms, total 66ms
D/dalvikvm( 1677): GC_FOR_ALLOC freed 58K, 6% free 19767K/20828K, paused 26ms, total 37ms
I/ActivityManager( 1551): Waited long enough for: ServiceRecord{95231c58 u0 com.android.calendar/.alerts.InitAlarmsService}
I/Choreographer( 1677): Skipped 46 frames!  The application may be doing too much work on its main thread.
I/ActivityManager( 1551): Waited long enough for: ServiceRecord{9529e488 u0 com.zhihu.android/com.avos.avoscloud.PushService}
D/ConnectivityService( 1551): [CheckMp] isMobileOk: HttpURLConnection Exceptionjava.net.SocketTimeoutException: failed to connect to /74.125.23.138 (port 443) after 5000ms
D/ConnectivityService( 1551): requestRouteToHostAddress ok=true
D/ConnectivityService( 1551): [CheckMp] isMobileOk: wait to establish route to hostAddr=clients3.google.com/74.125.23.138
D/ConnectivityService( 1551): [CheckMp] isMobileOk: newUrl=http://74.125.23.138/generate_204
D/ConnectivityService( 1551): Sampling interval elapsed, updating statistics ..
D/ConnectivityService( 1551): Done.
D/ConnectivityService( 1551): Setting timer for 720seconds
D/InitAlarmsService( 1886): Clearing and rescheduling alarms.
D/ConnectivityService( 1551): [CheckMp] isMobileOk: HttpURLConnection Exceptionjava.net.SocketTimeoutException: failed to connect to /74.125.23.138 (port 80) after 5000ms
D/ConnectivityService( 1551): requestRouteToHostAddress ok=true
D/ConnectivityService( 1551): [CheckMp] isMobileOk: wait to establish route to hostAddr=clients3.google.com/74.125.23.139
D/ConnectivityService( 1551): [CheckMp] isMobileOk: newUrl=http://74.125.23.139/generate_204
I/MediaFocusControl( 1551):  AudioFocus  abandonAudioFocus() from android.media.AudioManager@94fceb58com.android.music.MediaPlaybackService$3@94fcda58
D/ConnectivityService( 1551): [CheckMp] isMobileOk: HttpURLConnection Exceptionjava.net.SocketTimeoutException: failed to connect to /74.125.23.139 (port 80) after 5000ms
D/ConnectivityService( 1551): [CheckMp] isMobileOk: too many loops tried - giving up
D/ConnectivityService( 1551): [CheckMp] isMobileOk: X loops|timed out result=3
D/ConnectivityService( 1551): [CheckMp] isMobileOk: F stop hipri
D/MobileDataStateTracker( 1551): default: setEnableFailFastMobileData(enabled=0)
D/ConnectivityService( 1551): stopUsingNetworkFeature: teardown net 0: enableHIPRI
D/MobileDataStateTracker( 1551): hipri: Broadcast received: android.intent.action.ANY_DATA_STATE apnType=hipri
D/MobileDataStateTracker( 1551): hipri: Received state=DISCONNECTED, old=CONNECTED, reason=dataDisabled
D/MobileDataStateTracker( 1551): hipri: setDetailed state, old =CONNECTED and new state=DISCONNECTED
D/ConnectivityService( 1551): ConnectivityChange for mobile_hipri: DISCONNECTED/DISCONNECTED
D/Nat464Xlat( 1551): requiresClat: netType=5, hasIPv4Address=true
D/dalvikvm( 1551): GC_CONCURRENT freed 610K, 11% free 6089K/6780K, paused 7ms+8ms, total 61ms
D/dalvikvm( 1551): GC_CONCURRENT freed 666K, 11% free 6062K/6808K, paused 6ms+9ms, total 64ms
D/dalvikvm( 1551): GC_CONCURRENT freed 632K, 11% free 6061K/6808K, paused 7ms+9ms, total 56ms
D/Tethering( 1551): MasterInitialState.processMessage what=3
D/CaptivePortalTracker( 1551): NoActiveNetworkState{ when=-2ms what=1 obj=NetworkInfo: type: mobile_hipri[UMTS], state: DISCONNECTED/DISCONNECTED, reason: dataDisabled, extra: epc.tmobile.com, roaming: false, failover: false, isAvailable: true, isConnectedToProvisioningNetwork: false target=com.android.internal.util.StateMachine$SmHandler }
D/CaptivePortalTracker( 1551): NoActiveNetworkState not a wifi connectivity change, ignore
D/===AVOS Cloud===( 1942): LogUtil$avlog->d->28: push connection is open
D/Tethering( 1551): MasterInitialState.processMessage what=3
D/CaptivePortalTracker( 1551): NoActiveNetworkState{ when=-3ms what=1 obj=NetworkInfo: type: mobile[UMTS], state: CONNECTED/CONNECTED, reason: connected, extra: epc.tmobile.com, roaming: false, failover: false, isAvailable: true, isConnectedToProvisioningNetwork: false target=com.android.internal.util.StateMachine$SmHandler }
D/CaptivePortalTracker( 1551): NoActiveNetworkState not a wifi connectivity change, ignore
D/===AVOS Cloud===( 1942): LogUtil$avlog->d->28: push connection is open
D/===AVOS Cloud===( 1942): AVPersistenceUtils->saveContentToFile->137: java.io.FileNotFoundException: /storage/sdcard/Android/data/leancloud/dontpanic.cp: open failed: ENOENT (No such file or directory)
D/===AVOS Cloud===( 1942): AVPersistenceUtils->saveContentToFile->137: java.io.FileNotFoundException: /storage/sdcard/Android/data/leancloud/dontpanic.cp: open failed: ENOENT (No such file or directory)
D/dalvikvm( 1551): GC_CONCURRENT freed 647K, 11% free 6071K/6808K, paused 12ms+10ms, total 59ms
D/dalvikvm( 1551): GC_CONCURRENT freed 665K, 11% free 6068K/6812K, paused 5ms+13ms, total 56ms
D/dalvikvm( 1551): GC_CONCURRENT freed 634K, 11% free 6066K/6812K, paused 7ms+4ms, total 51ms
D/ConnectivityService( 1551): [CheckMp] isMobileOk: X result=3
D/ConnectivityService( 1551): [CheckMp] onPostExecute: result=3
D/ConnectivityService( 1551): CheckMp.onComplete: result=3
D/ConnectivityService( 1551): CheckMp.onComplete: ignore, connected or no connection
D/===AVOS Cloud===( 1942): AVPersistenceUtils->saveContentToFile->137: java.io.FileNotFoundException: /storage/sdcard/Android/data/leancloud/dontpanic.cp: open failed: ENOENT (No such file or directory)
D/AndroidRuntime( 2085): 
D/AndroidRuntime( 2085): >>>>>> AndroidRuntime START com.android.internal.os.RuntimeInit <<<<<<
W/linker  ( 2085): libdvm.so has text relocations. This is wasting memory and is a security risk. Please fix.
D/AndroidRuntime( 2085): CheckJNI is ON
D/dalvikvm( 2085): Trying to load lib libjavacore.so 0x0
D/dalvikvm( 2085): Added shared lib libjavacore.so 0x0
D/dalvikvm( 2085): Trying to load lib libnativehelper.so 0x0
D/dalvikvm( 2085): Added shared lib libnativehelper.so 0x0
D/dalvikvm( 2085): No JNI_OnLoad found in libnativehelper.so 0x0, skipping init
D/dalvikvm( 2085): Note: class Landroid/app/ActivityManagerNative; has 179 unimplemented (abstract) methods
E/memtrack( 2085): Couldn't load memtrack module (No such file or directory)
E/android.os.Debug( 2085): failed to load memtrack module: -2
D/AndroidRuntime( 2085): Calling main entry com.android.commands.pm.Pm
I/ActivityManager( 1551): Start proc com.android.defcontainer for service com.android.defcontainer/.DefaultContainerService: pid=2095 uid=10003 gids={50003, 1028, 1015, 1023, 2001, 1035}
W/ActivityManager( 1551): No content provider found for permission revoke: file:///data/local/tmp/basecamp3.apk
W/ActivityManager( 1551): No content provider found for permission revoke: file:///data/local/tmp/basecamp3.apk
I/PackageManager( 1551): Copying native libraries to /data/app-lib/vmdl1003354319
D/dalvikvm( 1551): GC_CONCURRENT freed 445K, 8% free 6262K/6792K, paused 15ms+9ms, total 120ms
D/dalvikvm( 1551): GC_FOR_ALLOC freed 371K, 10% free 6435K/7128K, paused 29ms, total 30ms
D/dalvikvm( 1551): GC_FOR_ALLOC freed 292K, 11% free 6578K/7328K, paused 33ms, total 37ms
D/dalvikvm( 1551): GC_CONCURRENT freed 346K, 6% free 7000K/7424K, paused 8ms+10ms, total 133ms
D/dalvikvm( 1551): GC_CONCURRENT freed 472K, 7% free 7468K/7996K, paused 2ms+10ms, total 78ms
D/dalvikvm( 1551): GC_CONCURRENT freed 1242K, 17% free 7229K/8636K, paused 10ms+2ms, total 70ms
D/dalvikvm( 1551): WAIT_FOR_CONCURRENT_GC blocked 32ms
D/dalvikvm( 1551): GC_CONCURRENT freed 1027K, 17% free 7231K/8636K, paused 12ms+2ms, total 59ms
D/dalvikvm( 1551): WAIT_FOR_CONCURRENT_GC blocked 36ms
D/dalvikvm( 1551): GC_CONCURRENT freed 1027K, 17% free 7238K/8636K, paused 2ms+3ms, total 46ms
D/dalvikvm( 1551): WAIT_FOR_CONCURRENT_GC blocked 38ms
D/dalvikvm( 1551): GC_CONCURRENT freed 1015K, 17% free 7252K/8636K, paused 7ms+2ms, total 54ms
D/dalvikvm( 1551): WAIT_FOR_CONCURRENT_GC blocked 34ms
D/dalvikvm( 1551): GC_CONCURRENT freed 1038K, 17% free 7251K/8636K, paused 7ms+3ms, total 97ms
D/dalvikvm( 1551): WAIT_FOR_CONCURRENT_GC blocked 51ms
D/dalvikvm( 1551): GC_CONCURRENT freed 1030K, 16% free 7257K/8636K, paused 8ms+4ms, total 80ms
D/dalvikvm( 1551): WAIT_FOR_CONCURRENT_GC blocked 41ms
D/dalvikvm( 1551): GC_CONCURRENT freed 1030K, 16% free 7265K/8636K, paused 8ms+4ms, total 85ms
D/dalvikvm( 1551): WAIT_FOR_CONCURRENT_GC blocked 18ms
D/dalvikvm( 1551): GC_CONCURRENT freed 1026K, 16% free 7281K/8636K, paused 6ms+3ms, total 66ms
D/dalvikvm( 1551): WAIT_FOR_CONCURRENT_GC blocked 56ms
I/PackageManager( 1551): Running dexopt on: com.basecamp.bc3
W/linker  ( 2109): libdvm.so has text relocations. This is wasting memory and is a security risk. Please fix.
W/dalvikvm( 2109): method Landroid/support/v7/internal/widget/ListViewCompat;.lookForSelectablePosition incorrectly overrides package-private method with same name in Landroid/widget/ListView;
D/dalvikvm( 2109): DexOpt: couldn't find field Landroid/os/Message;.sendingUid
D/dalvikvm( 2109): DexOpt: load 241ms, verify+opt 1337ms, 4880548 bytes
I/ActivityManager( 1551): Force stopping com.basecamp.bc3 appid=10056 user=-1: update pkg
D/dalvikvm( 1551): GC_CONCURRENT freed 889K, 16% free 7317K/8636K, paused 28ms+29ms, total 150ms
W/PackageManager( 1551): Not granting permission android.permission.GLOBAL_SEARCH to package com.android.quicksearchbox (protectionLevel=18 flags=0x88be45)
