W/PackageParser( 1551): No actions in intent filter at /data/app/ApiDemos.apk Binary XML file line #2899
W/PackageParser( 1551): No actions in intent filter at /data/app/ApiDemos.apk Binary XML file line #2905
W/PackageManager( 1551): Package com.example.android.apis desires unavailable shared library com.example.will.never.exist; ignoring!
I/PackageParser( 1551): io.appium.settings: compat added android.permission.WRITE_EXTERNAL_STORAGE
D/dalvikvm( 1551): GC_CONCURRENT freed 202K, 6% free 4707K/4984K, paused 6ms+3ms, total 38ms
W/PackageManager( 1551): Package com.example.android.apis desires unavailable shared library com.example.will.never.exist; ignoring!
W/PackageManager( 1551): Package com.android.camera desires unavailable shared library com.google.android.media.effects; ignoring!
I/PackageManager( 1551): Time to scan packages: 3.26 seconds
W/PackageManager( 1551): Not granting permission android.permission.GLOBAL_SEARCH to package com.android.quicksearchbox (protectionLevel=18 flags=0x8be45)
W/PackageManager( 1551): Unknown permission com.android.smspush.WAPPUSH_MANAGER_BIND in package com.android.phone
W/PackageManager( 1551): Not granting permission android.permission.UPDATE_DEVICE_STATS to package io.appium.settings (protectionLevel=18 flags=0x8446)
W/PackageManager( 1551): Not granting permission android.permission.MODIFY_PHONE_STATE to package io.appium.settings (protectionLevel=18 flags=0x8446)
W/PackageManager( 1551): Not granting permission android.permission.WRITE_SECURE_SETTINGS to package io.appium.settings (protectionLevel=50 flags=0x8446)
W/PackageManager( 1551): Unknown permission com.google.android.googleapps.permission.GOOGLE_AUTH in package com.android.providers.calendar
W/PackageManager( 1551): Unknown permission com.google.android.googleapps.permission.GOOGLE_AUTH.cl in package com.android.providers.calendar
W/PackageManager( 1551): Unknown permission com.google.android.googleapps.permission.GOOGLE_AUTH.mail in package com.android.calendar
W/PackageManager( 1551): Not granting permission android.permission.ACCESS_DOWNLOAD_MANAGER to package com.android.browser (protectionLevel=18 flags=0x9be45)
W/PackageManager( 1551): Not granting permission android.permission.SEND_DOWNLOAD_COMPLETED_INTENTS to package com.android.browser (protectionLevel=2 flags=0x9be45)
W/PackageManager( 1551): Not granting permission android.permission.BIND_APPWIDGET to package com.android.widgetpreview (protectionLevel=18 flags=0x8be44)
W/PackageManager( 1551): Unknown permission android.permission.INSTALL_DRM in package com.android.mms
W/PackageManager( 1551): Unknown permission com.google.android.googleapps.permission.GOOGLE_AUTH in package com.android.settings
W/PackageManager( 1551): Unknown permission com.google.android.googleapps.permission.ACCESS_GOOGLE_PASSWORD in package com.android.development
W/PackageManager( 1551): Unknown permission com.google.android.googleapps.permission.GOOGLE_AUTH in package com.android.development
W/PackageManager( 1551): Unknown permission com.google.android.googleapps.permission.GOOGLE_AUTH.ALL_SERVICES in package com.android.development
W/PackageManager( 1551): Unknown permission com.google.android.googleapps.permission.GOOGLE_AUTH.YouTubeUser in package com.android.development
W/PackageManager( 1551): Not granting permission android.permission.DELETE_PACKAGES to package com.svox.pico (protectionLevel=18 flags=0x8be45)
W/PackageManager( 1551): Not granting permission android.permission.DEVICE_POWER to package com.android.deskclock (protectionLevel=2 flags=0x48be45)
D/dalvikvm( 1551): GC_EXPLICIT freed 388K, 10% free 4640K/5104K, paused 1ms+2ms, total 34ms
I/SystemServer( 1551): Entropy Mixer
I/EntropyMixer( 1551): Writing entropy...
I/SystemServer( 1551): User Service
I/SystemServer( 1551): Account Manager
I/SystemServer( 1551): Content Manager
I/SystemServer( 1551): System Content Providers
I/SystemServer( 1551): Lights Service
I/SystemServer( 1551): Battery Service
E/ConsumerIrService( 1551): Can't open consumer IR HW Module, error: -2
I/SystemServer( 1551): Vibrator Service
I/SystemServer( 1551): Consumer IR Service
W/libsuspend( 1551): Error writing 'on' to /sys/power/state: Invalid argument
E/libsuspend( 1551): Error opening /sys/power/autosleep: No such file or directory
I/libsuspend( 1551): Selected wakeup count
D/PermissionCache( 1134): checking android.permission.ACCESS_SURFACE_FLINGER for uid=1000 => granted (8220 us)
D/SurfaceFlinger( 1134): Screen acquired, type=0 flinger=0xb8bab820
D/SurfaceFlinger( 1134):  screen was previously acquired
D/AlarmManagerService( 1551): Kernel timezone updated to 240 minutes west of GMT
I/SystemServer( 1551): Alarm Manager
I/SystemServer( 1551): Init Watchdog
I/SystemServer( 1551): Input Manager
I/InputManager( 1551): Initializing input manager, mUseDevInputEventForAudioJack=false
I/SystemServer( 1551): Window Manager
I/WindowManager( 1551): No existing display settings /data/system/display_settings.xml; starting empty
I/WindowManager( 1551): No keyguard interface!
I/InputManager( 1551): Starting input manager
I/SystemServer( 1551): No Bluetooh Service (emulator)
I/SystemServer( 1551): Input Method Service
D/EventHub( 1551): No input device configuration file found for device 'Power Button'.
W/InputMethodManagerService( 1551): Couldn't create dir.: /data/system/inputmethod
W/EventHub( 1551): Unable to disable kernel key repeat for /dev/input/event0: Function not implemented
I/EventHub( 1551): New device: id=1, fd=91, path='/dev/input/event0', name='Power Button', classes=0x1, configuration='', keyLayout='/system/usr/keylayout/Generic.kl', keyCharacterMap='/system/usr/keychars/Generic.kcm', builtinKeyboard=false, usingSuspendBlockIoctl=true, usingClockIoctl=true
D/dalvikvm( 1551): GC_CONCURRENT freed 230K, 7% free 4847K/5160K, paused 15ms+5ms, total 118ms
W/EventHub( 1551): Unable to disable kernel key repeat for /dev/input/event1: Function not implemented
I/EventHub( 1551): New device: id=2, fd=92, path='/dev/input/event1', name='qwerty2', classes=0x15, configuration='/system/usr/idc/qwerty2.idc', keyLayout='/system/usr/keylayout/qwerty.kl', keyCharacterMap='/system/usr/keychars/qwerty2.kcm', builtinKeyboard=true, usingSuspendBlockIoctl=true, usingClockIoctl=true
E/EventHub( 1551): could not get driver version for /dev/input/mice, Not a typewriter
I/InputReader( 1551): Device added: id=-1, name='Virtual', sources=0x00000301
I/InputReader( 1551):   Touch device 'qwerty2' could not query the properties of its associated display.  The device will be inoperable until the display size becomes available.
I/InputReader( 1551): Device added: id=0, name='qwerty2', sources=0x00001103
I/InputReader( 1551): Device added: id=1, name='Power Button', sources=0x00000101
I/SystemServer( 1551): Accessibility Manager
W/ActivityManager( 1551): Unable to write /sys/module/lowmemorykiller/parameters/adj
W/ActivityManager( 1551): Unable to write /sys/module/lowmemorykiller/parameters/minfree
I/InputReader( 1551): Reconfiguring input devices.  changes=0x00000004
I/InputReader( 1551): Device reconfigured: id=0, name='qwerty2', size 1080x1920, orientation 0, mode 1, display id 0
I/ActivityManager( 1551): Config changes=1df8 {1.0 ?mcc?mnc en_US ldltr sw360dp w360dp h640dp 480dpi nrml long port ?uimode ?night -touch -keyb/v/h -nav/h s.2}
I/ActivityManager( 1551): Config changes=508 {1.0 ?mcc?mnc en_US ldltr sw360dp w360dp h567dp 480dpi nrml port ?uimode ?night finger -keyb/v/h -nav/h s.3}
I/SystemServer( 1551): Mount Service
D/MountService( 1551): got storage path: /storage/sdcard description: USB storage primary: true removable: false emulated: false mtpReserve: 0 allowMassStorage: false maxFileSize: 0
D/MountService( 1551): addVolumeLocked() StorageVolume:
D/MountService( 1551):     mStorageId=0 mPath=/storage/sdcard mDescriptionId=17040664 mPrimary=true 
D/MountService( 1551):     mRemovable=false mEmulated=false mMtpReserveSpace=0 
D/MountService( 1551):     mAllowMassStorage=false mMaxFileSize=0 mOwner=null mUuid=null 
D/MountService( 1551):     mUserLabel=null mState=null 
I/SystemServer( 1551): LockSettingsService
I/SystemServer( 1551): Device Policy
I/SystemServer( 1551): Status Bar
I/SystemServer( 1551): Clipboard Service
I/SystemServer( 1551): NetworkManagement Service
I/SystemServer( 1551): Text Service Manager Service
I/SystemServer( 1551): NetworkStats Service
I/SystemServer( 1551): NetworkPolicy Service
E/MountService( 1551): Error processing initial volume state
E/MountService( 1551): java.lang.Exception: Unexpected state 2
E/MountService( 1551): 	at com.android.server.MountService$4.run(MountService.java:752)
D/MountService( 1551): volume state changed for /storage/sdcard (unmounted -> removed)
W/MountService( 1551): getSecureContainerList() called when storage not mounted
I/PackageManager( 1551): No secure containers on sdcard
I/SystemServer( 1551): Wi-Fi P2pService
W/PackageManager( 1551): Not granting permission android.permission.GLOBAL_SEARCH to package com.android.quicksearchbox (protectionLevel=18 flags=0x8be45)
W/PackageManager( 1551): Unknown permission com.android.smspush.WAPPUSH_MANAGER_BIND in package com.android.phone
W/PackageManager( 1551): Not granting permission android.permission.UPDATE_DEVICE_STATS to package io.appium.settings (protectionLevel=18 flags=0x8446)
W/PackageManager( 1551): Not granting permission android.permission.MODIFY_PHONE_STATE to package io.appium.settings (protectionLevel=18 flags=0x8446)
W/PackageManager( 1551): Not granting permission android.permission.WRITE_SECURE_SETTINGS to package io.appium.settings (protectionLevel=50 flags=0x8446)
W/PackageManager( 1551): Unknown permission com.google.android.googleapps.permission.GOOGLE_AUTH in package com.android.providers.calendar
W/PackageManager( 1551): Unknown permission com.google.android.googleapps.permission.GOOGLE_AUTH.cl in package com.android.providers.calendar
W/PackageManager( 1551): Unknown permission com.google.android.googleapps.permission.GOOGLE_AUTH.mail in package com.android.calendar
W/PackageManager( 1551): Not granting permission android.permission.ACCESS_DOWNLOAD_MANAGER to package com.android.browser (protectionLevel=18 flags=0x9be45)
W/PackageManager( 1551): Not granting permission android.permission.SEND_DOWNLOAD_COMPLETED_INTENTS to package com.android.browser (protectionLevel=2 flags=0x9be45)
W/PackageManager( 1551): Not granting permission android.permission.BIND_APPWIDGET to package com.android.widgetpreview (protectionLevel=18 flags=0x8be44)
W/PackageManager( 1551): Unknown permission android.permission.INSTALL_DRM in package com.android.mms
W/PackageManager( 1551): Unknown permission com.google.android.googleapps.permission.GOOGLE_AUTH in package com.android.settings
W/PackageManager( 1551): Unknown permission com.google.android.googleapps.permission.ACCESS_GOOGLE_PASSWORD in package com.android.development
W/PackageManager( 1551): Unknown permission com.google.android.googleapps.permission.GOOGLE_AUTH in package com.android.development
W/PackageManager( 1551): Unknown permission com.google.android.googleapps.permission.GOOGLE_AUTH.ALL_SERVICES in package com.android.development
W/PackageManager( 1551): Unknown permission com.google.android.googleapps.permission.GOOGLE_AUTH.YouTubeUser in package com.android.development
W/PackageManager( 1551): Not granting permission android.permission.DELETE_PACKAGES to package com.svox.pico (protectionLevel=18 flags=0x8be45)
W/PackageManager( 1551): Not granting permission android.permission.DEVICE_POWER to package com.android.deskclock (protectionLevel=2 flags=0x48be45)
D/dalvikvm( 1551): GC_CONCURRENT freed 315K, 8% free 4961K/5356K, paused 3ms+4ms, total 58ms
I/SystemServer( 1551): Wi-Fi Service
I/SystemServer( 1551): Connectivity Service
D/ConnectivityService( 1551): ConnectivityService starting up
D/ConnectivityService( 1551): wifiOnly=false
E/MobileDataStateTracker( 1551): default: Ignoring feature request because could not acquire PhoneService
E/MobileDataStateTracker( 1551): default: Could not enable APN type "default"
I/WifiService( 1551): WifiService starting up with Wi-Fi disabled
I/SystemServer( 1551): Network Service Discovery Service
D/NsdService( 1551): Network service discovery enabled true
I/SystemServer( 1551): UpdateLock Service
I/SystemServer( 1551): Notification Manager
I/SystemServer( 1551): Device Storage Monitor
I/SystemServer( 1551): Location Manager
I/SystemServer( 1551): Country Detector
I/SystemServer( 1551): Search Service
I/SystemServer( 1551): DropBox Service
I/SystemServer( 1551): Wallpaper Service
D/dalvikvm( 1551): GC_CONCURRENT freed 282K, 7% free 5129K/5496K, paused 1ms+3ms, total 85ms
I/SystemServer( 1551): Audio Service
E/AudioPolicyManagerBase( 1137): getDeviceForStrategy() speaker device not found for STRATEGY_SONIFICATION
E/AudioPolicyManagerBase( 1137): getDeviceForStrategy() speaker device not found for STRATEGY_SONIFICATION
E/AudioPolicyManagerBase( 1137): getDeviceForStrategy() speaker device not found for STRATEGY_SONIFICATION
E/AudioPolicyManagerBase( 1137): getDeviceForStrategy() speaker device not found for STRATEGY_SONIFICATION
E/AudioPolicyManagerBase( 1137): getDeviceForStrategy() speaker device not found for STRATEGY_SONIFICATION
I/MediaFocusControl( 1551):   Remote Control   registerMediaButtonIntent() for PendingIntent{9514bb28: PendingIntentRecord{95166360 android broadcastIntent}}
E/AudioPolicyManagerBase( 1137): getDeviceForStrategy() speaker device not found for STRATEGY_SONIFICATION
E/AudioPolicyManagerBase( 1137): getDeviceForStrategy() speaker device not found for STRATEGY_SONIFICATION
E/AudioPolicyManagerBase( 1137): getDeviceForStrategy() speaker device not found for STRATEGY_SONIFICATION
I/SystemServer( 1551): Dock Observer
W/DockObserver( 1551): This kernel does not have dock station support
I/SystemServer( 1551): Wired Accessory Manager
W/WiredAccessoryManager( 1551): This kernel does not have wired headset support
W/WiredAccessoryManager( 1551): This kernel does not have usb audio support
W/WiredAccessoryManager( 1551): This kernel does not have HDMI audio support
I/SystemServer( 1551): USB Service
I/SystemServer( 1551): Serial Service
I/SystemServer( 1551): Twilight Service
I/SystemServer( 1551): UI Mode Manager Service
I/SystemServer( 1551): Backup Service
V/BackupManagerService( 1551): Initializing package tracking
D/dalvikvm( 1551): GC_CONCURRENT freed 122K, 5% free 5393K/5672K, paused 7ms+1ms, total 60ms
V/BackupManagerService( 1551): addPackageParticipantsLocked: all
I/BackupManagerService( 1551): Scheduling backup for new app com.android.calendar
D/BackupManagerService( 1551): Now staging backup of com.android.calendar
I/BackupManagerService( 1551): Scheduling backup for new app com.android.browser
D/BackupManagerService( 1551): Now staging backup of com.android.browser
I/BackupManagerService( 1551): Scheduling backup for new app com.android.providers.userdictionary
D/BackupManagerService( 1551): Now staging backup of com.android.providers.userdictionary
I/BackupManagerService( 1551): Scheduling backup for new app com.android.sharedstoragebackup
D/BackupManagerService( 1551): Now staging backup of com.android.sharedstoragebackup
I/BackupManagerService( 1551): Scheduling backup for new app android
D/BackupManagerService( 1551): Now staging backup of android
I/BackupManagerService( 1551): Scheduling backup for new app com.android.dialer
D/BackupManagerService( 1551): Now staging backup of com.android.dialer
I/BackupManagerService( 1551): Scheduling backup for new app com.android.providers.settings
D/BackupManagerService( 1551): Now staging backup of com.android.providers.settings
V/BackupManagerService( 1551): Starting with transport android/com.android.internal.backup.LocalTransport
V/BackupManagerService( 1551): Found transports: 1
I/BackupManagerService( 1551): Binding to transport host ComponentInfo{android/com.android.internal.backup.LocalTransportService}
I/BackupManagerService( 1551): Found stale backup journal, scheduling
I/BackupManagerService( 1551):   android
I/BackupManagerService( 1551): Backup enabled => true
I/SystemServer( 1551): AppWidget Service
I/SystemServer( 1551): Recognition Service
I/SystemServer( 1551): DiskStats Service
I/SystemServer( 1551): SamplingProfiler Service
I/SystemServer( 1551): NetworkTimeUpdateService
I/SystemServer( 1551): CommonTimeManagementService
I/SystemServer( 1551): CertBlacklister
I/SystemServer( 1551): Dreams Service
I/SystemServer( 1551): Assets Atlas Service
D/Atlas   ( 1551): Loaded configuration: SliceMinArea (768x768) flags=0x2 count=24
I/SystemServer( 1551): IdleMaintenanceService
I/SystemServer( 1551): Print Service
D/        ( 1134): HostConnection::get() New Host Connection established 0xb8bb36e0, tid 1464
I/SystemServer( 1551): Media Router Service
I/WindowManager( 1551): SAFE MODE not enabled
D/        ( 1551): HostConnection::get() New Host Connection established 0xb92239d0, tid 1599
D/dalvikvm( 1551): JIT started for system_server
I/Zygote  ( 1551): Process: zygote socket opened
I/ActivityManager( 1551): Start proc com.android.systemui for service com.android.keyguard/.KeyguardService: pid=1601 uid=10007 gids={50007, 1028, 1015, 1035, 3002, 3001}
V/KeyguardServiceDelegate( 1551): *** Keyguard started
V/KeyguardServiceDelegate( 1551): onSystemReady() called before keyguard service was ready
I/ActivityManager( 1551): System now ready
I/SystemServer( 1551): Making services ready
D/NetworkManagementService( 1551): not enabling bandwidth control
W/NetworkStats( 1551): bandwidth controls disabled, unable to track stats
W/NetworkPolicy( 1551): bandwidth controls disabled, unable to enforce policy
I/ActivityManager( 1551): Config changes=200 {1.0 ?mcc?mnc en_US ldltr sw360dp w360dp h567dp 480dpi nrml port finger -keyb/v/h -nav/h s.4}
W/RecognitionManagerService( 1551): no available voice recognition services found for user 0
E/SoundPool( 1601): error loading /system/media/audio/ui/Lock.ogg
W/KeyguardViewMediator( 1601): failed to load lock sound from /system/media/audio/ui/Lock.ogg
E/SoundPool( 1601): error loading /system/media/audio/ui/Unlock.ogg
W/KeyguardViewMediator( 1601): failed to load unlock sound from /system/media/audio/ui/Unlock.ogg
V/KeyguardService( 1601): onCreate()
D/        ( 1551): HostConnection::get() New Host Connection established 0xb9281590, tid 1565
D/dalvikvm( 1551): GC_CONCURRENT freed 337K, 7% free 5627K/6040K, paused 94ms+24ms, total 290ms
W/InputMethodManagerService( 1551): Ignoring setImeWindowStatus of uid 1000 token: null
D/SystemUIService( 1601): loading: class com.android.systemui.recent.Recents
D/SystemUIService( 1601): running: com.android.systemui.recent.Recents@9500bf70
D/SystemUIService( 1601): loading: class com.android.systemui.statusbar.SystemBars
D/SystemUIService( 1601): running: com.android.systemui.statusbar.SystemBars@9500c510
D/SystemUIService( 1601): loading: class com.android.systemui.usb.StorageNotification
D/SystemUIService( 1601): running: com.android.systemui.usb.StorageNotification@9500e928
D/SystemUIService( 1601): loading: class com.android.systemui.power.PowerUI
D/SystemUIService( 1601): running: com.android.systemui.power.PowerUI@95010150
I/ActivityManager( 1551): Start proc com.android.inputmethod.latin for service com.android.inputmethod.latin/.LatinIME: pid=1636 uid=10029 gids={50029, 1028, 1015}
D/Atlas   ( 1551): Rendered atlas in 1968.29ms (9.35+1958.93ms)
D/SystemUIService( 1601): loading: class com.android.systemui.media.RingtonePlayer
D/SystemUIService( 1601): running: com.android.systemui.media.RingtonePlayer@95010dc0
D/SystemUIService( 1601): loading: class com.android.systemui.settings.SettingsUI
D/SystemUIService( 1601): running: com.android.systemui.settings.SettingsUI@95012028
V/InputMethodManagerService( 1551): Adding window token: android.os.Binder@951b9308
W/GpsLocationProvider( 1551): Could not open GPS configuration file /etc/gps.conf
W/ServiceWatcher( 1551): com.google.android.location not found
W/ServiceWatcher( 1551): com.google.android.location not found
W/LocationManagerService( 1551): no network location provider found
D/dalvikvm( 1601): GC_CONCURRENT freed 295K, 11% free 3199K/3564K, paused 5ms+1ms, total 14ms
W/ServiceWatcher( 1551): com.google.android.location not found
D/PhoneStatusBar( 1601): mSettingsPanelGravity = 55
I/StatusBarManagerService( 1551): registerStatusBar bar=com.android.internal.statusbar.IStatusBar$Stub$Proxy@950feea0
W/ServiceWatcher( 1551): com.google.android.location not found
E/LocationManagerService( 1551): no geocoder provider found
E/FlpHardwareProvider( 1551): Error hw_get_module 'flp': -2
W/ServiceWatcher( 1551): com.google.android.location not found
E/FlpHardwareProvider( 1551): Error hw_get_module 'flp': -2
E/LocationManagerService( 1551): No FusedProvider found.
W/ServiceWatcher( 1551): com.google.android.location not found
E/LocationManagerService( 1551): no geofence provider found
I/ActivityManager( 1551): Start proc com.android.settings for broadcast com.android.settings/.widget.SettingsAppWidgetProvider: pid=1649 uid=1000 gids={41000, 1028, 1015, 3002, 3001, 3003}
I/CommonTimeManagementService( 1551): No common time service detected on this platform.  Common time services will be unavailable.
I/InputReader( 1551): Reconfiguring input devices.  changes=0x00000020
I/InputReader( 1551): Reconfiguring input devices.  changes=0x00000010
W/SocketClient( 1131): write error (Broken pipe)
I/ActivityManager( 1551): Start proc com.android.phone for added application com.android.phone: pid=1657 uid=1001 gids={41001, 3002, 3001, 3003, 1028, 1015}
I/ActivityManager( 1551): START u0 {act=android.intent.action.MAIN cat=[android.intent.category.HOME] flg=0x10000000 cmp=com.android.launcher/com.android.launcher2.Launcher} from pid 0
I/ActivityManager( 1551): Start proc com.android.launcher for activity com.android.launcher/com.android.launcher2.Launcher: pid=1677 uid=10008 gids={50008}
I/SystemServer( 1551): Enabled StrictMode for system server main thread.
D/dalvikvm( 1601): GC_CONCURRENT freed 44K, 5% free 3576K/3744K, paused 28ms+1ms, total 54ms
I/ActivityManager( 1551): Start proc com.android.printspooler for service com.android.printspooler/.PrintSpoolerService: pid=1691 uid=10039 gids={50039}
I/LatinIME( 1636): Hardware accelerated drawing: true
I/Choreographer( 1551): Skipped 162 frames!  The application may be doing too much work on its main thread.
D/dalvikvm( 1601): GC_FOR_ALLOC freed 12K, 5% free 3877K/4048K, paused 17ms, total 22ms
I/dalvikvm-heap( 1601): Grow heap (frag case) to 6.269MB for 2536932-byte allocation
D/dalvikvm( 1601): GC_CONCURRENT freed 1K, 3% free 6352K/6528K, paused 6ms+0ms, total 43ms
W/InputMethodManagerService( 1551): Focus gain on non-focused client android.view.inputmethod.InputMethodManager$1@951a9100 (uid=1000 pid=1551)
V/KeyguardServiceDelegate( 1551): *** Keyguard connected (yay!)
I/PrintSpoolerService( 1691): No existing print spooler state.
E/BluetoothAdapter( 1649): Bluetooth binder is null
W/InputAttributes( 1636): No editor info for this field. Bug?
D/dalvikvm( 1551): GC_CONCURRENT freed 480K, 9% free 5779K/6336K, paused 7ms+27ms, total 332ms
D/dalvikvm( 1551): WAIT_FOR_CONCURRENT_GC blocked 93ms
I/ResourceUtils( 1636): Found default value: resource=keypress_vibration_durations build=[HARDWARE=ranchu MODEL=Android SDK built for x86 BRAND=generic_x86 MANUFACTURER=unknown] default=-1
I/ResourceUtils( 1636): Found default value: resource=keypress_volumes build=[HARDWARE=ranchu MODEL=Android SDK built for x86 BRAND=generic_x86 MANUFACTURER=unknown] default=-1.0f
I/ActivityManager( 1551): Start proc android.process.acore for content provider com.android.providers.userdictionary/.UserDictionaryProvider: pid=1715 uid=10002 gids={50002, 3003, 1028, 1015}
D/dalvikvm( 1636): GC_CONCURRENT freed 241K, 9% free 3318K/3628K, paused 9ms+2ms, total 278ms
I/LatinIME:LogUtils( 1636): Dictionary info: dictionary = userunigram.en_US.dict ; version = ? ; date = ?
I/LatinIME:LogUtils( 1636): Dictionary info: dictionary = main:en ; version = 42 ; date = 1381226429
D/dalvikvm( 1677): GC_CONCURRENT freed 152K, 7% free 3386K/3608K, paused 4ms+1ms, total 110ms
D/dalvikvm( 1601): GC_CONCURRENT freed 20K, 2% free 7371K/7480K, paused 62ms+2ms, total 234ms
D/dalvikvm( 1601): WAIT_FOR_CONCURRENT_GC blocked 105ms
D/dalvikvm( 1551): GC_CONCURRENT freed 585K, 11% free 5772K/6440K, paused 4ms+49ms, total 501ms
D/dalvikvm( 1715): GC_CONCURRENT freed 197K, 8% free 3341K/3608K, paused 13ms+96ms, total 153ms
I/PackageManager( 1551):   Action: "android.intent.action.SENDTO"
I/PackageManager( 1551):   Category: "android.intent.category.DEFAULT"
I/PackageManager( 1551):   Scheme: "sms"
I/PackageManager( 1551): Adding preferred activity ComponentInfo{com.android.mms/com.android.mms.ui.ComposeMessageActivity} for user 0 :
D/dalvikvm( 1677): GC_CONCURRENT freed 112K, 5% free 3737K/3920K, paused 26ms+48ms, total 113ms
V/PhoneStatusBar/NavigationBarView( 1601): touchEnabled:false
I/PackageManager( 1551):   Action: "android.intent.action.SENDTO"
I/PackageManager( 1551):   Category: "android.intent.category.DEFAULT"
I/PackageManager( 1551):   Scheme: "smsto"
I/PackageManager( 1551): Adding preferred activity ComponentInfo{com.android.mms/com.android.mms.ui.ComposeMessageActivity} for user 0 :
I/PackageManager( 1551):   Action: "android.intent.action.SENDTO"
I/PackageManager( 1551):   Category: "android.intent.category.DEFAULT"
I/PackageManager( 1551):   Scheme: "mms"
I/PackageManager( 1551): Adding preferred activity ComponentInfo{com.android.mms/com.android.mms.ui.ComposeMessageActivity} for user 0 :
I/PackageManager( 1551):   Action: "android.intent.action.SENDTO"
I/PackageManager( 1551):   Category: "android.intent.category.DEFAULT"
I/PackageManager( 1551):   Scheme: "mmsto"
I/PackageManager( 1551): Adding preferred activity ComponentInfo{com.android.mms/com.android.mms.ui.ComposeMessageActivity} for user 0 :
D/dalvikvm( 1657): GC_CONCURRENT freed 167K, 7% free 3330K/3568K, paused 12ms+2ms, total 117ms
I/LatinIME:LogUtils( 1636): Dictionary info: dictionary = UserHistoryDictionary.en_US.dic ; version = ? ; date = 1467542900
I/LatinIME:LogUtils( 1636): Dictionary info: dictionary = personalization.en_US.dict ; version = ? ; date = 1462534665
I/LatinIME:LogUtils( 1636): Dictionary info: dictionary = PersonalizationPredictionDictio ; version = ? ; date = 1462633088
E/BluetoothAdapter( 1601): Bluetooth binder is null
E/BluetoothAdapter( 1601): Bluetooth binder is null
D/dalvikvm( 1677): GC_CONCURRENT freed 20K, 3% free 4119K/4232K, paused 46ms+92ms, total 216ms
E/BluetoothAdapter( 1657): Bluetooth binder is null
E/BluetoothAdapter( 1601): Bluetooth binder is null
E/BluetoothAdapter( 1657): Bluetooth binder is null
D/dalvikvm( 1601): GC_FOR_ALLOC freed 95K, 2% free 8405K/8568K, paused 22ms, total 26ms
W/AudioPolicyManagerBase( 1137): getOutput() could not find output for stream 0, samplingRate 0,format 0, channels 3, flags 0
E/ToneGenerator( 1657): Unable to marshal AudioFlinger
E/ToneGenerator( 1657): ToneGenerator init failed
W/CallNotifier( 1657): CallNotifier: Exception caught while creating mSignalInfoToneGenerator: java.lang.RuntimeException: Init failed
E/BluetoothAdapter( 1657): Bluetooth binder is null
E/BluetoothAdapter( 1601): Bluetooth binder is null
D/dalvikvm( 1551): GC_CONCURRENT freed 609K, 11% free 5833K/6520K, paused 81ms+11ms, total 346ms
D/dalvikvm( 1551): WAIT_FOR_CONCURRENT_GC blocked 190ms
D/dalvikvm( 1551): WAIT_FOR_CONCURRENT_GC blocked 193ms
D/dalvikvm( 1551): WAIT_FOR_CONCURRENT_GC blocked 59ms
D/dalvikvm( 1677): GC_FOR_ALLOC freed 208K, 7% free 4256K/4532K, paused 23ms, total 104ms
D/dalvikvm( 1677): GC_FOR_ALLOC freed 11K, 6% free 4454K/4736K, paused 10ms, total 10ms
D/dalvikvm( 1677): GC_FOR_ALLOC freed 9K, 6% free 4753K/5024K, paused 9ms, total 10ms
D/dalvikvm( 1677): GC_FOR_ALLOC freed 172K, 8% free 4955K/5360K, paused 69ms, total 74ms
D/PhoneStatusBar( 1601): disable: < expand icons alerts ticker system_info back home recent clock search >
D/dalvikvm( 1677): GC_FOR_ALLOC freed 262K, 9% free 5156K/5612K, paused 14ms, total 19ms
I/MediaFocusControl( 1551):   Remote Control   registerMediaButtonIntent() for PendingIntent{95190650: PendingIntentRecord{95166360 android broadcastIntent}}
D/TelephonyDebugService( 1657): TelephonyDebugService()
E/AudioPolicyManagerBase( 1137): getDeviceForStrategy() speaker device not found for STRATEGY_SONIFICATION
E/AudioPolicyManagerBase( 1137): getDeviceForStrategy() speaker device not found for STRATEGY_SONIFICATION
E/AudioPolicyManagerBase( 1137): getDeviceForStrategy() speaker device not found for STRATEGY_SONIFICATION
E/AudioPolicyManagerBase( 1137): getDeviceForStrategy() speaker device not found for STRATEGY_SONIFICATION
V/BackupManagerService( 1551): Connected to transport ComponentInfo{android/com.android.internal.backup.LocalTransportService}
V/BackupManagerService( 1551): Registering transport android/com.android.internal.backup.LocalTransportService::android/com.android.internal.backup.LocalTransport = com.android.internal.backup.LocalTransport@952502f8
D/MobileDataStateTracker( 1551): fota: Broadcast received: android.intent.action.ANY_DATA_STATE apnType=fota
D/MobileDataStateTracker( 1551): fota: Received state=DISCONNECTED, old=DISCONNECTED, reason=radioTurnedOff
D/MobileDataStateTracker( 1551): ia: Broadcast received: android.intent.action.ANY_DATA_STATE apnType=ia
D/MobileDataStateTracker( 1551): ia: Received state=DISCONNECTED, old=DISCONNECTED, reason=radioTurnedOff
D/MobileDataStateTracker( 1551): supl: Broadcast received: android.intent.action.ANY_DATA_STATE apnType=supl
D/MobileDataStateTracker( 1551): supl: Received state=DISCONNECTED, old=DISCONNECTED, reason=radioTurnedOff
D/MobileDataStateTracker( 1551): hipri: Broadcast received: android.intent.action.ANY_DATA_STATE apnType=hipri
D/MobileDataStateTracker( 1551): hipri: Received state=DISCONNECTED, old=DISCONNECTED, reason=radioTurnedOff
D/MobileDataStateTracker( 1551): ims: Broadcast received: android.intent.action.ANY_DATA_STATE apnType=ims
D/MobileDataStateTracker( 1551): ims: Received state=DISCONNECTED, old=DISCONNECTED, reason=radioTurnedOff
D/MobileDataStateTracker( 1551): default: Broadcast received: android.intent.action.ANY_DATA_STATE apnType=default
D/MobileDataStateTracker( 1551): default: Received state=DISCONNECTED, old=DISCONNECTED, reason=radioTurnedOff
D/MobileDataStateTracker( 1551): mms: Broadcast received: android.intent.action.ANY_DATA_STATE apnType=mms
D/MobileDataStateTracker( 1551): mms: Received state=DISCONNECTED, old=DISCONNECTED, reason=radioTurnedOff
D/MobileDataStateTracker( 1551): cbs: Broadcast received: android.intent.action.ANY_DATA_STATE apnType=cbs
D/MobileDataStateTracker( 1551): cbs: Received state=DISCONNECTED, old=DISCONNECTED, reason=radioTurnedOff
D/dalvikvm( 1601): GC_FOR_ALLOC freed 138K, 3% free 9765K/9972K, paused 47ms, total 106ms
D/MobileDataStateTracker( 1551): fota: Broadcast received: android.intent.action.ANY_DATA_STATE apnType=fota
D/MobileDataStateTracker( 1551): fota: Received state=DISCONNECTED, old=DISCONNECTED, reason=radioTurnedOff
D/MobileDataStateTracker( 1551): ia: Broadcast received: android.intent.action.ANY_DATA_STATE apnType=ia
D/MobileDataStateTracker( 1551): ia: Received state=DISCONNECTED, old=DISCONNECTED, reason=radioTurnedOff
D/dalvikvm( 1657): GC_CONCURRENT freed 284K, 10% free 3430K/3784K, paused 27ms+1ms, total 86ms
D/MobileDataStateTracker( 1551): supl: Broadcast received: android.intent.action.ANY_DATA_STATE apnType=supl
D/MobileDataStateTracker( 1551): supl: Received state=DISCONNECTED, old=DISCONNECTED, reason=radioTurnedOff
D/MobileDataStateTracker( 1551): hipri: Broadcast received: android.intent.action.ANY_DATA_STATE apnType=hipri
D/MobileDataStateTracker( 1551): hipri: Received state=DISCONNECTED, old=DISCONNECTED, reason=radioTurnedOff
D/MobileDataStateTracker( 1551): ims: Broadcast received: android.intent.action.ANY_DATA_STATE apnType=ims
E/BluetoothAdapter( 1601): Bluetooth binder is null
D/MobileDataStateTracker( 1551): ims: Received state=DISCONNECTED, old=DISCONNECTED, reason=radioTurnedOff
D/PhoneStatusBar( 1601): heads up is disabled
D/MobileDataStateTracker( 1551): default: Broadcast received: android.intent.action.ANY_DATA_STATE apnType=default
D/MobileDataStateTracker( 1551): default: Received state=DISCONNECTED, old=DISCONNECTED, reason=radioTurnedOff
D/MobileDataStateTracker( 1551): mms: Broadcast received: android.intent.action.ANY_DATA_STATE apnType=mms
D/MobileDataStateTracker( 1551): mms: Received state=DISCONNECTED, old=DISCONNECTED, reason=radioTurnedOff
D/MobileDataStateTracker( 1551): cbs: Broadcast received: android.intent.action.ANY_DATA_STATE apnType=cbs
D/MobileDataStateTracker( 1551): cbs: Received state=DISCONNECTED, old=DISCONNECTED, reason=radioTurnedOff
D/MobileDataStateTracker( 1551): fota: Broadcast received: android.intent.action.ANY_DATA_STATE apnType=fota
D/MobileDataStateTracker( 1551): fota: Received state=DISCONNECTED, old=DISCONNECTED, reason=dataDetached
D/MobileDataStateTracker( 1551): ia: Broadcast received: android.intent.action.ANY_DATA_STATE apnType=ia
D/MobileDataStateTracker( 1551): ia: Received state=DISCONNECTED, old=DISCONNECTED, reason=dataDetached
D/MobileDataStateTracker( 1551): supl: Broadcast received: android.intent.action.ANY_DATA_STATE apnType=supl
D/MobileDataStateTracker( 1551): supl: Received state=DISCONNECTED, old=DISCONNECTED, reason=dataDetached
D/MobileDataStateTracker( 1551): hipri: Broadcast received: android.intent.action.ANY_DATA_STATE apnType=hipri
D/MobileDataStateTracker( 1551): hipri: Received state=DISCONNECTED, old=DISCONNECTED, reason=dataDetached
D/MobileDataStateTracker( 1551): ims: Broadcast received: android.intent.action.ANY_DATA_STATE apnType=ims
D/MobileDataStateTracker( 1551): ims: Received state=DISCONNECTED, old=DISCONNECTED, reason=dataDetached
D/dalvikvm( 1551): GC_CONCURRENT freed 525K, 10% free 5993K/6596K, paused 10ms+4ms, total 321ms
D/dalvikvm( 1551): WAIT_FOR_CONCURRENT_GC blocked 222ms
D/MobileDataStateTracker( 1551): default: Broadcast received: android.intent.action.ANY_DATA_STATE apnType=default
D/MobileDataStateTracker( 1551): default: Received state=DISCONNECTED, old=DISCONNECTED, reason=dataDetached
D/MobileDataStateTracker( 1551): mms: Broadcast received: android.intent.action.ANY_DATA_STATE apnType=mms
D/MobileDataStateTracker( 1551): mms: Received state=DISCONNECTED, old=DISCONNECTED, reason=dataDetached
D/MobileDataStateTracker( 1551): cbs: Broadcast received: android.intent.action.ANY_DATA_STATE apnType=cbs
D/MobileDataStateTracker( 1551): cbs: Received state=DISCONNECTED, old=DISCONNECTED, reason=dataDetached
D/MobileDataStateTracker( 1551): fota: Broadcast received: android.intent.action.ANY_DATA_STATE apnType=fota
D/MobileDataStateTracker( 1551): fota: Received state=DISCONNECTED, old=DISCONNECTED, reason=roamingOff
D/MobileDataStateTracker( 1551): ia: Broadcast received: android.intent.action.ANY_DATA_STATE apnType=ia
D/dalvikvm( 1601): GC_FOR_ALLOC freed 32K, 2% free 10215K/10384K, paused 65ms, total 77ms
I/ContactLocale( 1715): AddressBook Labels [en_US]: [, A, B, C, D, E, F, G, H, I, J, K, L, M, N, O, P, Q, R, S, T, U, V, W, X, Y, Z, , , , , , , , , , , , , , , , , , , , , , , , , , , , , , , , , , , , , , , , , , , , , , , , , , , , , , , , , , , , , , , , , , , , , , , , , , , , , , , , , , , , , , , , , , , , , , , , , , , , , , , , , , , , , , , , , , , , , , , , , , , , , , , , , , , , , , , , , , , , , , , , , , , , , , , , , , , , , , , , , , , , , , , , , , , , , , , , , , , , , , #, ]
I/dalvikvm-heap( 1601): Grow heap (frag case) to 12.969MB for 3072012-byte allocation
D/MobileDataStateTracker( 1551): ia: Received state=DISCONNECTED, old=DISCONNECTED, reason=roamingOff
D/MobileDataStateTracker( 1551): supl: Broadcast received: android.intent.action.ANY_DATA_STATE apnType=supl
D/MobileDataStateTracker( 1551): supl: Received state=DISCONNECTED, old=DISCONNECTED, reason=roamingOff
D/MobileDataStateTracker( 1551): hipri: Broadcast received: android.intent.action.ANY_DATA_STATE apnType=hipri
D/MobileDataStateTracker( 1551): hipri: Received state=DISCONNECTED, old=DISCONNECTED, reason=roamingOff
D/MobileDataStateTracker( 1551): ims: Broadcast received: android.intent.action.ANY_DATA_STATE apnType=ims
D/dalvikvm( 1601): GC_CONCURRENT freed 1K, 2% free 13214K/13388K, paused 29ms+2ms, total 141ms
D/        ( 1677): HostConnection::get() New Host Connection established 0xb91e8310, tid 1677
D/MobileDataStateTracker( 1551): ims: Received state=DISCONNECTED, old=DISCONNECTED, reason=roamingOff
D/MobileDataStateTracker( 1551): default: Broadcast received: android.intent.action.ANY_DATA_STATE apnType=default
D/MobileDataStateTracker( 1551): default: Received state=DISCONNECTED, old=DISCONNECTED, reason=roamingOff
D/MobileDataStateTracker( 1551): mms: Broadcast received: android.intent.action.ANY_DATA_STATE apnType=mms
D/MobileDataStateTracker( 1551): mms: Received state=DISCONNECTED, old=DISCONNECTED, reason=roamingOff
D/MobileDataStateTracker( 1551): cbs: Broadcast received: android.intent.action.ANY_DATA_STATE apnType=cbs
D/MobileDataStateTracker( 1551): cbs: Received state=DISCONNECTED, old=DISCONNECTED, reason=roamingOff
D/MobileDataStateTracker( 1551): fota: Broadcast received: android.intent.action.ANY_DATA_STATE apnType=fota
D/MobileDataStateTracker( 1551): fota: Received state=DISCONNECTED, old=DISCONNECTED, reason=roamingOff
D/MobileDataStateTracker( 1551): ia: Broadcast received: android.intent.action.ANY_DATA_STATE apnType=ia
D/MobileDataStateTracker( 1551): ia: Received state=DISCONNECTED, old=DISCONNECTED, reason=roamingOff
D/MobileDataStateTracker( 1551): supl: Broadcast received: android.intent.action.ANY_DATA_STATE apnType=supl
D/MobileDataStateTracker( 1551): supl: Received state=DISCONNECTED, old=DISCONNECTED, reason=roamingOff
D/MobileDataStateTracker( 1551): hipri: Broadcast received: android.intent.action.ANY_DATA_STATE apnType=hipri
D/MobileDataStateTracker( 1551): hipri: Received state=DISCONNECTED, old=DISCONNECTED, reason=roamingOff
D/OpenGLRenderer( 1677): Enabling debug mode 0
D/dalvikvm( 1601): GC_FOR_ALLOC freed <1K, 2% free 13214K/13388K, paused 13ms, total 14ms
D/MobileDataStateTracker( 1551): ims: Broadcast received: android.intent.action.ANY_DATA_STATE apnType=ims
I/Choreographer( 1677): Skipped 51 frames!  The application may be doing too much work on its main thread.
I/dalvikvm-heap( 1601): Grow heap (frag case) to 27.690MB for 15436812-byte allocation
D/MobileDataStateTracker( 1551): ims: Received state=DISCONNECTED, old=DISCONNECTED, reason=roamingOff
D/MobileDataStateTracker( 1551): default: Broadcast received: android.intent.action.ANY_DATA_STATE apnType=default
D/MobileDataStateTracker( 1551): default: Received state=DISCONNECTED, old=DISCONNECTED, reason=roamingOff
D/MobileDataStateTracker( 1551): mms: Broadcast received: android.intent.action.ANY_DATA_STATE apnType=mms
D/MobileDataStateTracker( 1551): mms: Received state=DISCONNECTED, old=DISCONNECTED, reason=roamingOff
D/MobileDataStateTracker( 1551): cbs: Broadcast received: android.intent.action.ANY_DATA_STATE apnType=cbs
D/MobileDataStateTracker( 1551): cbs: Received state=DISCONNECTED, old=DISCONNECTED, reason=roamingOff
D/dalvikvm( 1677): GC_FOR_ALLOC freed 120K, 8% free 5384K/5840K, paused 17ms, total 66ms
D/dalvikvm( 1601): GC_CONCURRENT freed 0K, 1% free 28289K/28464K, paused 27ms+40ms, total 161ms
D/dalvikvm( 1601): WAIT_FOR_CONCURRENT_GC blocked 131ms
D/dalvikvm( 1601): WAIT_FOR_CONCURRENT_GC blocked 79ms
D/dalvikvm( 1601): WAIT_FOR_CONCURRENT_GC blocked 22ms
W/BroadcastQueue( 1551): Permission Denial: broadcasting Intent { act=android.intent.action.USER_PRESENT flg=0x24000010 } from com.android.keyguard (pid=1601, uid=10007) is not exported from uid 10052 due to receiver com.zhihu.android/com.avos.avoscloud.AVBroadcastReceiver
I/ActivityManager( 1551): Start proc com.android.music for broadcast com.android.music/.MediaButtonIntentReceiver: pid=1760 uid=10032 gids={50032, 3003, 1028, 1015}
I/FusedLocation( 1551): engine stopped (com.android.location.fused)
I/FusedLocation( 1551): engine started (com.android.location.fused)
I/FusedLocation( 1551): engine started (com.android.location.fused)
D/MobileDataStateTracker( 1551): fota: Broadcast received: android.intent.action.ANY_DATA_STATE apnType=fota
I/ActivityManager( 1551): Displayed com.android.launcher/com.android.launcher2.Launcher: +10s50ms
D/MobileDataStateTracker( 1551): fota: Received state=DISCONNECTED, old=DISCONNECTED, reason=dataAttached
D/MobileDataStateTracker( 1551): ia: Broadcast received: android.intent.action.ANY_DATA_STATE apnType=ia
I/dalvikvm( 1760): CheckJNI enabled: not enabling JNI app bug workarounds.
D/MobileDataStateTracker( 1551): ia: Received state=DISCONNECTED, old=DISCONNECTED, reason=dataAttached
D/MobileDataStateTracker( 1551): supl: Broadcast received: android.intent.action.ANY_DATA_STATE apnType=supl
D/MobileDataStateTracker( 1551): supl: Received state=DISCONNECTED, old=DISCONNECTED, reason=dataAttached
D/MobileDataStateTracker( 1551): hipri: Broadcast received: android.intent.action.ANY_DATA_STATE apnType=hipri
D/MobileDataStateTracker( 1551): hipri: Received state=DISCONNECTED, old=DISCONNECTED, reason=dataAttached
D/MobileDataStateTracker( 1551): ims: Broadcast received: android.intent.action.ANY_DATA_STATE apnType=ims
I/Choreographer( 1677): Skipped 57 frames!  The application may be doing too much work on its main thread.
D/MobileDataStateTracker( 1551): ims: Received state=DISCONNECTED, old=DISCONNECTED, reason=dataAttached
D/MobileDataStateTracker( 1551): mms: Broadcast received: android.intent.action.ANY_DATA_STATE apnType=mms
D/MobileDataStateTracker( 1551): mms: Received state=DISCONNECTED, old=DISCONNECTED, reason=dataAttached
D/MobileDataStateTracker( 1551): cbs: Broadcast received: android.intent.action.ANY_DATA_STATE apnType=cbs
D/MobileDataStateTracker( 1551): cbs: Received state=DISCONNECTED, old=DISCONNECTED, reason=dataAttached
D/MobileDataStateTracker( 1551): fota: Broadcast received: android.intent.action.ANY_DATA_STATE apnType=fota
D/MobileDataStateTracker( 1551): fota: Received state=DISCONNECTED, old=DISCONNECTED, reason=dataAttached
D/MobileDataStateTracker( 1551): ia: Broadcast received: android.intent.action.ANY_DATA_STATE apnType=ia
D/MobileDataStateTracker( 1551): ia: Received state=DISCONNECTED, old=DISCONNECTED, reason=dataAttached
D/MobileDataStateTracker( 1551): supl: Broadcast received: android.intent.action.ANY_DATA_STATE apnType=supl
W/WindowManager( 1551): Window freeze timeout expired.
W/WindowManager( 1551): Force clearing orientation change: Window{95264d78 u0 com.android.systemui.ImageWallpaper}
D/MobileDataStateTracker( 1551): supl: Received state=DISCONNECTED, old=DISCONNECTED, reason=dataAttached
D/MobileDataStateTracker( 1551): hipri: Broadcast received: android.intent.action.ANY_DATA_STATE apnType=hipri
D/MobileDataStateTracker( 1551): hipri: Received state=DISCONNECTED, old=DISCONNECTED, reason=dataAttached
D/MobileDataStateTracker( 1551): ims: Broadcast received: android.intent.action.ANY_DATA_STATE apnType=ims
D/MobileDataStateTracker( 1551): ims: Received state=DISCONNECTED, old=DISCONNECTED, reason=dataAttached
D/MobileDataStateTracker( 1551): mms: Broadcast received: android.intent.action.ANY_DATA_STATE apnType=mms
D/MobileDataStateTracker( 1551): mms: Received state=DISCONNECTED, old=DISCONNECTED, reason=dataAttached
D/MobileDataStateTracker( 1551): cbs: Broadcast received: android.intent.action.ANY_DATA_STATE apnType=cbs
D/MobileDataStateTracker( 1551): cbs: Received state=DISCONNECTED, old=DISCONNECTED, reason=dataAttached
D/        ( 1601): HostConnection::get() New Host Connection established 0xb91ccca0, tid 1601
I/MediaFocusControl( 1551):   Remote Control   registerMediaButtonIntent() for PendingIntent{952b1538: PendingIntentRecord{952db548 com.android.music broadcastIntent}}
D/dalvikvm( 1657): GC_CONCURRENT freed 286K, 10% free 3533K/3888K, paused 2ms+2ms, total 76ms
D/MccTable( 1657): updateMccMncConfiguration: mcc=310, mnc=260
D/MccTable( 1657): getLocaleFromMcc to en_us mcc=310
D/MccTable( 1657): getLocaleForLanguageCountry: skipping already persisted
D/MccTable( 1657): getLocaleForLanguageCountry: X locale=null
D/MccTable( 1657): WIFI_COUNTRY_CODE set to us
I/WifiService( 1551): WifiService trying to set country code to us with persist set to true
D/MccTable( 1657): updateMccMncConfiguration updateConfig config={1.0 310mcc260mnc ?locale ?layoutDir ?swdp ?wdp ?hdp ?density ?lsize ?long ?orien ?uimode ?night ?touch ?keyb/?/? ?nav/?}
D/dalvikvm( 1677): GC_FOR_ALLOC freed 21K, 7% free 5554K/5968K, paused 42ms, total 67ms
I/dalvikvm-heap( 1677): Grow heap (frag case) to 7.465MB for 2073612-byte allocation
I/ActivityManager( 1551): Start proc android.process.media for content provider com.android.providers.media/.MediaProvider: pid=1777 uid=10005 gids={50005, 1028, 1015, 1023, 1024, 2001, 3003, 3007}
I/ActivityManager( 1551): Config changes=3 {1.0 310mcc260mnc en_US ldltr sw360dp w360dp h567dp 480dpi nrml port finger -keyb/v/h -nav/h s.5}
D/dalvikvm( 1677): GC_CONCURRENT freed <1K, 6% free 7579K/7996K, paused 36ms+48ms, total 129ms
D/dalvikvm( 1677): WAIT_FOR_CONCURRENT_GC blocked 66ms
D/PermissionCache( 1134): checking android.permission.READ_FRAME_BUFFER for uid=1000 => granted (41392 us)
D/dalvikvm( 1135): GC_EXPLICIT freed 39K, 4% free 3113K/3224K, paused 1ms+1ms, total 211ms
D/        ( 1134): HostConnection::get() New Host Connection established 0xb8bbae40, tid 1756
D/dalvikvm( 1677): GC_FOR_ALLOC freed <1K, 6% free 7580K/7996K, paused 51ms, total 53ms
I/dalvikvm-heap( 1677): Grow heap (frag case) to 9.443MB for 2073612-byte allocation
D/dalvikvm( 1135): GC_EXPLICIT freed <1K, 4% free 3113K/3224K, paused 38ms+2ms, total 136ms
D/dalvikvm( 1677): GC_CONCURRENT freed <1K, 5% free 9604K/10024K, paused 6ms+7ms, total 58ms
D/dalvikvm( 1135): GC_EXPLICIT freed <1K, 4% free 3113K/3224K, paused 8ms+48ms, total 241ms
E/BluetoothAdapter( 1649): Bluetooth binder is null
D/dalvikvm( 1677): GC_FOR_ALLOC freed <1K, 5% free 9606K/10024K, paused 199ms, total 201ms
I/dalvikvm-heap( 1677): Grow heap (frag case) to 11.422MB for 2073612-byte allocation
D/dalvikvm( 1677): GC_FOR_ALLOC freed <1K, 4% free 11631K/12052K, paused 55ms, total 56ms
D/dalvikvm( 1677): GC_CONCURRENT freed 0K, 4% free 11635K/12052K, paused 50ms+3ms, total 175ms
I/Choreographer( 1677): Skipped 211 frames!  The application may be doing too much work on its main thread.
D/MccTable( 1657): updateMccMncConfiguration: mcc=310, mnc=260
D/MccTable( 1657): getLocaleFromMcc to en_us mcc=310
D/MccTable( 1657): getLocaleForLanguageCountry: skipping already persisted
D/MccTable( 1657): getLocaleForLanguageCountry: X locale=null
D/MccTable( 1657): WIFI_COUNTRY_CODE set to us
I/WifiService( 1551): WifiService trying to set country code to us with persist set to true
D/MccTable( 1657): updateMccMncConfiguration updateConfig config={1.0 310mcc260mnc ?locale ?layoutDir ?swdp ?wdp ?hdp ?density ?lsize ?long ?orien ?uimode ?night ?touch ?keyb/?/? ?nav/?}
W/WindowManager( 1551): Window freeze timeout expired.
W/WindowManager( 1551): Force clearing orientation change: Window{95280928 u0 com.android.launcher/com.android.launcher2.Launcher}
W/WindowManager( 1551): Force clearing orientation change: Window{95264d78 u0 com.android.systemui.ImageWallpaper}
D/dalvikvm( 1657): GC_CONCURRENT freed 371K, 11% free 3673K/4112K, paused 55ms+2ms, total 132ms
D/dalvikvm( 1657): WAIT_FOR_CONCURRENT_GC blocked 54ms
D/dalvikvm( 1551): GC_CONCURRENT freed 664K, 13% free 5951K/6772K, paused 76ms+61ms, total 582ms
D/dalvikvm( 1551): WAIT_FOR_CONCURRENT_GC blocked 544ms
W/WindowManager( 1551): App freeze timeout expired.
W/WindowManager( 1551): Force clearing freeze: AppWindowToken{95244e08 token=Token{95269948 ActivityRecord{952696d0 u0 com.android.launcher/com.android.launcher2.Launcher t1}}}
D/MobileDataStateTracker( 1551): fota: Broadcast received: android.intent.action.ANY_DATA_STATE apnType=fota
D/MobileDataStateTracker( 1551): fota: Received state=DISCONNECTED, old=DISCONNECTED, reason=simLoaded
D/MobileDataStateTracker( 1551): ia: Broadcast received: android.intent.action.ANY_DATA_STATE apnType=ia
D/MobileDataStateTracker( 1551): ia: Received state=DISCONNECTED, old=DISCONNECTED, reason=simLoaded
D/MobileDataStateTracker( 1551): supl: Broadcast received: android.intent.action.ANY_DATA_STATE apnType=supl
D/MobileDataStateTracker( 1551): supl: Received state=DISCONNECTED, old=DISCONNECTED, reason=simLoaded
D/MobileDataStateTracker( 1551): hipri: Broadcast received: android.intent.action.ANY_DATA_STATE apnType=hipri
D/MobileDataStateTracker( 1551): hipri: Received state=DISCONNECTED, old=DISCONNECTED, reason=simLoaded
D/MobileDataStateTracker( 1551): ims: Broadcast received: android.intent.action.ANY_DATA_STATE apnType=ims
D/MobileDataStateTracker( 1551): ims: Received state=DISCONNECTED, old=DISCONNECTED, reason=simLoaded
D/MobileDataStateTracker( 1551): mms: Broadcast received: android.intent.action.ANY_DATA_STATE apnType=mms
D/MobileDataStateTracker( 1551): mms: Received state=DISCONNECTED, old=DISCONNECTED, reason=simLoaded
D/MobileDataStateTracker( 1551): cbs: Broadcast received: android.intent.action.ANY_DATA_STATE apnType=cbs
