W/PackageManager( 1551): Unknown permission com.android.smspush.WAPPUSH_MANAGER_BIND in package com.android.phone
W/PackageManager( 1551): Not granting permission android.permission.UPDATE_DEVICE_STATS to package io.appium.settings (protectionLevel=18 flags=0x8446)
W/PackageManager( 1551): Not granting permission android.permission.MODIFY_PHONE_STATE to package io.appium.settings (protectionLevel=18 flags=0x8446)
W/PackageManager( 1551): Not granting permission android.permission.WRITE_SECURE_SETTINGS to package io.appium.settings (protectionLevel=50 flags=0x8446)
W/PackageManager( 1551): Unknown permission com.google.android.googleapps.permission.GOOGLE_AUTH in package com.android.providers.calendar
W/PackageManager( 1551): Unknown permission com.google.android.googleapps.permission.GOOGLE_AUTH.cl in package com.android.providers.calendar
W/PackageManager( 1551): Unknown permission com.google.android.googleapps.permission.GOOGLE_AUTH.mail in package com.android.calendar
W/PackageManager( 1551): Not granting permission android.permission.ACCESS_DOWNLOAD_MANAGER to package com.android.browser (protectionLevel=18 flags=0x89be45)
W/PackageManager( 1551): Not granting permission android.permission.SEND_DOWNLOAD_COMPLETED_INTENTS to package com.android.browser (protectionLevel=2 flags=0x89be45)
W/PackageManager( 1551): Not granting permission android.permission.BIND_APPWIDGET to package com.android.widgetpreview (protectionLevel=18 flags=0x8be44)
W/PackageManager( 1551): Unknown permission android.permission.INSTALL_DRM in package com.android.mms
W/PackageManager( 1551): Unknown permission com.google.android.googleapps.permission.GOOGLE_AUTH in package com.android.settings
W/PackageManager( 1551): Unknown permission com.google.android.googleapps.permission.ACCESS_GOOGLE_PASSWORD in package com.android.development
W/PackageManager( 1551): Unknown permission com.google.android.googleapps.permission.GOOGLE_AUTH in package com.android.development
W/PackageManager( 1551): Unknown permission com.google.android.googleapps.permission.GOOGLE_AUTH.ALL_SERVICES in package com.android.development
W/PackageManager( 1551): Unknown permission com.google.android.googleapps.permission.GOOGLE_AUTH.YouTubeUser in package com.android.development
W/PackageManager( 1551): Not granting permission android.permission.DELETE_PACKAGES to package com.svox.pico (protectionLevel=18 flags=0x88be45)
W/PackageManager( 1551): Not granting permission android.permission.DEVICE_POWER to package com.android.deskclock (protectionLevel=2 flags=0xc8be45)
W/PackageManager( 1551): Unknown permission com.google.android.c2dm.permission.RECEIVE in package com.basecamp.bc3
D/dalvikvm( 1551): WAIT_FOR_CONCURRENT_GC blocked 3ms
D/BackupManagerService( 1551): Received broadcast Intent { act=android.intent.action.PACKAGE_ADDED dat=package:com.basecamp.bc3 flg=0x4000010 (has extras) }
V/BackupManagerService( 1551): addPackageParticipantsLocked: #1
I/ActivityManager( 1551): Start proc com.svox.pico for broadcast com.svox.pico/.VoiceDataInstallerReceiver: pid=2110 uid=10037 gids={50037, 1028, 1015}
I/PackageManager( 1551):   Action: "android.intent.action.SENDTO"
I/PackageManager( 1551):   Category: "android.intent.category.DEFAULT"
I/PackageManager( 1551):   Scheme: "sms"
I/PackageManager( 1551): Adding preferred activity ComponentInfo{com.android.mms/com.android.mms.ui.ComposeMessageActivity} for user 0 :
I/InputReader( 1551): Reconfiguring input devices.  changes=0x00000010
I/PackageManager( 1551):   Action: "android.intent.action.SENDTO"
I/PackageManager( 1551):   Category: "android.intent.category.DEFAULT"
I/PackageManager( 1551):   Scheme: "smsto"
I/PackageManager( 1551): Adding preferred activity ComponentInfo{com.android.mms/com.android.mms.ui.ComposeMessageActivity} for user 0 :
D/dalvikvm( 1657): GC_CONCURRENT freed 322K, 11% free 3744K/4180K, paused 17ms+2ms, total 97ms
I/PackageManager( 1551):   Action: "android.intent.action.SENDTO"
I/PackageManager( 1551):   Category: "android.intent.category.DEFAULT"
I/PackageManager( 1551):   Scheme: "mms"
I/PackageManager( 1551): Adding preferred activity ComponentInfo{com.android.mms/com.android.mms.ui.ComposeMessageActivity} for user 0 :
I/PackageManager( 1551):   Action: "android.intent.action.SENDTO"
I/PackageManager( 1551):   Category: "android.intent.category.DEFAULT"
I/PackageManager( 1551):   Scheme: "mmsto"
D/dalvikvm( 1551): GC_EXPLICIT freed 1934K, 28% free 6255K/8636K, paused 7ms+30ms, total 420ms
I/PackageManager( 1551): Adding preferred activity ComponentInfo{com.android.mms/com.android.mms.ui.ComposeMessageActivity} for user 0 :
D/AndroidRuntime( 2085): Shutting down VM
D/dalvikvm( 2085): GC_CONCURRENT freed 93K, 15% free 551K/648K, paused 1ms+0ms, total 58ms
I/PackageManager( 1551):   Action: "android.intent.action.SENDTO"
I/PackageManager( 1551):   Category: "android.intent.category.DEFAULT"
I/PackageManager( 1551):   Scheme: "sms"
I/PackageManager( 1551): Adding preferred activity ComponentInfo{com.android.mms/com.android.mms.ui.ComposeMessageActivity} for user 0 :
I/PackageManager( 1551):   Action: "android.intent.action.SENDTO"
I/PackageManager( 1551):   Category: "android.intent.category.DEFAULT"
I/PackageManager( 1551):   Scheme: "smsto"
I/PackageManager( 1551): Adding preferred activity ComponentInfo{com.android.mms/com.android.mms.ui.ComposeMessageActivity} for user 0 :
I/PackageManager( 1551):   Action: "android.intent.action.SENDTO"
I/PackageManager( 1551):   Category: "android.intent.category.DEFAULT"
I/PackageManager( 1551):   Scheme: "mms"
I/PackageManager( 1551): Adding preferred activity ComponentInfo{com.android.mms/com.android.mms.ui.ComposeMessageActivity} for user 0 :
W/RecognitionManagerService( 1551): no available voice recognition services found for user 0
I/PackageManager( 1551):   Action: "android.intent.action.SENDTO"
I/PackageManager( 1551):   Category: "android.intent.category.DEFAULT"
I/PackageManager( 1551):   Scheme: "mmsto"
D/dalvikvm( 1657): GC_CONCURRENT freed 447K, 14% free 3741K/4308K, paused 26ms+6ms, total 40ms
I/PackageManager( 1551): Adding preferred activity ComponentInfo{com.android.mms/com.android.mms.ui.ComposeMessageActivity} for user 0 :
I/Choreographer( 1677): Skipped 45 frames!  The application may be doing too much work on its main thread.
D/dalvikvm( 1551): GC_CONCURRENT freed 771K, 29% free 6198K/8636K, paused 34ms+8ms, total 72ms
D/dalvikvm( 1677): GC_CONCURRENT freed 1470K, 8% free 20252K/21792K, paused 7ms+3ms, total 66ms
D/AndroidRuntime( 2129): 
D/AndroidRuntime( 2129): >>>>>> AndroidRuntime START com.android.internal.os.RuntimeInit <<<<<<
W/linker  ( 2129): libdvm.so has text relocations. This is wasting memory and is a security risk. Please fix.
D/AndroidRuntime( 2129): CheckJNI is ON
D/dalvikvm( 2129): Trying to load lib libjavacore.so 0x0
D/dalvikvm( 2129): Added shared lib libjavacore.so 0x0
D/dalvikvm( 2129): Trying to load lib libnativehelper.so 0x0
D/dalvikvm( 2129): Added shared lib libnativehelper.so 0x0
D/dalvikvm( 2129): No JNI_OnLoad found in libnativehelper.so 0x0, skipping init
D/dalvikvm( 2129): Note: class Landroid/app/ActivityManagerNative; has 179 unimplemented (abstract) methods
E/memtrack( 2129): Couldn't load memtrack module (No such file or directory)
E/android.os.Debug( 2129): failed to load memtrack module: -2
D/AndroidRuntime( 2129): Calling main entry com.android.commands.pm.Pm
W/PackageManager( 1551): Package named 'android.basecamp.bc3' doesn't exist.
D/dalvikvm( 1551): GC_EXPLICIT freed 275K, 28% free 6128K/8448K, paused 1ms+5ms, total 38ms
D/AndroidRuntime( 2129): Shutting down VM
D/dalvikvm( 2129): GC_CONCURRENT freed 92K, 15% free 549K/644K, paused 0ms+0ms, total 3ms
D/===AVOS Cloud===( 1942): AVPersistenceUtils->saveContentToFile->137: java.io.FileNotFoundException: /storage/sdcard/Android/data/leancloud/dontpanic.cp: open failed: ENOENT (No such file or directory)
D/AndroidRuntime( 2142): 
D/AndroidRuntime( 2142): >>>>>> AndroidRuntime START com.android.internal.os.RuntimeInit <<<<<<
W/linker  ( 2142): libdvm.so has text relocations. This is wasting memory and is a security risk. Please fix.
D/AndroidRuntime( 2142): CheckJNI is ON
D/dalvikvm( 2142): Trying to load lib libjavacore.so 0x0
D/dalvikvm( 2142): Added shared lib libjavacore.so 0x0
D/dalvikvm( 2142): Trying to load lib libnativehelper.so 0x0
D/dalvikvm( 2142): Added shared lib libnativehelper.so 0x0
D/dalvikvm( 2142): No JNI_OnLoad found in libnativehelper.so 0x0, skipping init
D/dalvikvm( 2142): Note: class Landroid/app/ActivityManagerNative; has 179 unimplemented (abstract) methods
E/memtrack( 2142): Couldn't load memtrack module (No such file or directory)
E/android.os.Debug( 2142): failed to load memtrack module: -2
D/AndroidRuntime( 2142): Calling main entry com.android.commands.pm.Pm
I/ActivityManager( 1551): Force stopping com.basecamp.bc3 appid=10056 user=-1: uninstall pkg
W/PackageManager( 1551): Couldn't delete native library directory /data/app-lib/com.basecamp.bc3
I/PackageManager( 1551): Removing old permission: com.basecamp.bc3.gcm.permission.C2D_MESSAGE from package com.basecamp.bc3
W/PackageManager( 1551): Not granting permission android.permission.GLOBAL_SEARCH to package com.android.quicksearchbox (protectionLevel=18 flags=0x88be45)
W/PackageManager( 1551): Unknown permission com.android.smspush.WAPPUSH_MANAGER_BIND in package com.android.phone
W/PackageManager( 1551): Not granting permission android.permission.UPDATE_DEVICE_STATS to package io.appium.settings (protectionLevel=18 flags=0x8446)
W/PackageManager( 1551): Not granting permission android.permission.MODIFY_PHONE_STATE to package io.appium.settings (protectionLevel=18 flags=0x8446)
W/PackageManager( 1551): Not granting permission android.permission.WRITE_SECURE_SETTINGS to package io.appium.settings (protectionLevel=50 flags=0x8446)
W/PackageManager( 1551): Unknown permission com.google.android.googleapps.permission.GOOGLE_AUTH in package com.android.providers.calendar
W/PackageManager( 1551): Unknown permission com.google.android.googleapps.permission.GOOGLE_AUTH.cl in package com.android.providers.calendar
W/PackageManager( 1551): Unknown permission com.google.android.googleapps.permission.GOOGLE_AUTH.mail in package com.android.calendar
W/PackageManager( 1551): Not granting permission android.permission.ACCESS_DOWNLOAD_MANAGER to package com.android.browser (protectionLevel=18 flags=0x89be45)
W/PackageManager( 1551): Not granting permission android.permission.SEND_DOWNLOAD_COMPLETED_INTENTS to package com.android.browser (protectionLevel=2 flags=0x89be45)
W/PackageManager( 1551): Not granting permission android.permission.BIND_APPWIDGET to package com.android.widgetpreview (protectionLevel=18 flags=0x8be44)
W/PackageManager( 1551): Unknown permission android.permission.INSTALL_DRM in package com.android.mms
W/PackageManager( 1551): Unknown permission com.google.android.googleapps.permission.GOOGLE_AUTH in package com.android.settings
W/PackageManager( 1551): Unknown permission com.google.android.googleapps.permission.ACCESS_GOOGLE_PASSWORD in package com.android.development
W/PackageManager( 1551): Unknown permission com.google.android.googleapps.permission.GOOGLE_AUTH in package com.android.development
W/PackageManager( 1551): Unknown permission com.google.android.googleapps.permission.GOOGLE_AUTH.ALL_SERVICES in package com.android.development
W/PackageManager( 1551): Unknown permission com.google.android.googleapps.permission.GOOGLE_AUTH.YouTubeUser in package com.android.development
W/PackageManager( 1551): Not granting permission android.permission.DELETE_PACKAGES to package com.svox.pico (protectionLevel=18 flags=0x88be45)
W/PackageManager( 1551): Not granting permission android.permission.DEVICE_POWER to package com.android.deskclock (protectionLevel=2 flags=0xc8be45)
D/keystore( 1139): calling clear_uid in state: 3
I/ActivityManager( 1551): Force stopping com.basecamp.bc3 appid=10056 user=0: pkg removed
D/dalvikvm( 1677): WAIT_FOR_CONCURRENT_GC blocked 1ms
D/dalvikvm( 1677): GC_EXPLICIT freed 180K, 8% free 20100K/21792K, paused 1ms+9ms, total 32ms
I/InputReader( 1551): Reconfiguring input devices.  changes=0x00000010
D/BackupManagerService( 1551): Received broadcast Intent { act=android.intent.action.PACKAGE_REMOVED dat=package:com.basecamp.bc3 flg=0x4000010 (has extras) }
V/BackupManagerService( 1551): removePackageParticipantsLocked: uid=10056 #1
I/PackageManager( 1551):   Action: "android.intent.action.SENDTO"
I/PackageManager( 1551):   Category: "android.intent.category.DEFAULT"
I/PackageManager( 1551):   Scheme: "sms"
I/PackageManager( 1551): Adding preferred activity ComponentInfo{com.android.mms/com.android.mms.ui.ComposeMessageActivity} for user 0 :
I/LatinIME:LogUtils( 1636): Dictionary info: dictionary = main:en ; version = 42 ; date = 1381226429
I/PackageManager( 1551):   Action: "android.intent.action.SENDTO"
I/PackageManager( 1551):   Category: "android.intent.category.DEFAULT"
I/PackageManager( 1551):   Scheme: "smsto"
I/PackageManager( 1551): Adding preferred activity ComponentInfo{com.android.mms/com.android.mms.ui.ComposeMessageActivity} for user 0 :
D/dalvikvm( 1551): GC_EXPLICIT freed 632K, 27% free 6201K/8448K, paused 8ms+10ms, total 225ms
D/AndroidRuntime( 2142): Shutting down VM
D/dalvikvm( 2142): GC_CONCURRENT freed 92K, 15% free 549K/644K, paused 24ms+1ms, total 30ms
D/VoicemailCleanupService( 1715): Cleaning up data for package: com.basecamp.bc3
I/PackageManager( 1551):   Action: "android.intent.action.SENDTO"
I/PackageManager( 1551):   Category: "android.intent.category.DEFAULT"
I/PackageManager( 1551):   Scheme: "mms"
I/PackageManager( 1551): Adding preferred activity ComponentInfo{com.android.mms/com.android.mms.ui.ComposeMessageActivity} for user 0 :
I/PackageManager( 1551):   Action: "android.intent.action.SENDTO"
I/PackageManager( 1551):   Category: "android.intent.category.DEFAULT"
I/PackageManager( 1551):   Scheme: "mmsto"
I/PackageManager( 1551): Adding preferred activity ComponentInfo{com.android.mms/com.android.mms.ui.ComposeMessageActivity} for user 0 :
I/PackageManager( 1551):   Action: "android.intent.action.SENDTO"
I/PackageManager( 1551):   Category: "android.intent.category.DEFAULT"
I/PackageManager( 1551):   Scheme: "sms"
I/PackageManager( 1551): Adding preferred activity ComponentInfo{com.android.mms/com.android.mms.ui.ComposeMessageActivity} for user 0 :
D/dalvikvm( 1657): GC_CONCURRENT freed 410K, 13% free 3732K/4264K, paused 1ms+6ms, total 47ms
I/PackageManager( 1551):   Action: "android.intent.action.SENDTO"
I/PackageManager( 1551):   Category: "android.intent.category.DEFAULT"
I/PackageManager( 1551):   Scheme: "smsto"
I/PackageManager( 1551): Adding preferred activity ComponentInfo{com.android.mms/com.android.mms.ui.ComposeMessageActivity} for user 0 :
I/PackageManager( 1551):   Action: "android.intent.action.SENDTO"
I/PackageManager( 1551):   Category: "android.intent.category.DEFAULT"
I/PackageManager( 1551):   Scheme: "mms"
I/PackageManager( 1551): Adding preferred activity ComponentInfo{com.android.mms/com.android.mms.ui.ComposeMessageActivity} for user 0 :
I/PackageManager( 1551):   Action: "android.intent.action.SENDTO"
I/PackageManager( 1551):   Category: "android.intent.category.DEFAULT"
I/PackageManager( 1551):   Scheme: "mmsto"
I/PackageManager( 1551): Adding preferred activity ComponentInfo{com.android.mms/com.android.mms.ui.ComposeMessageActivity} for user 0 :
I/Choreographer( 1677): Skipped 44 frames!  The application may be doing too much work on its main thread.
D/dalvikvm( 1551): GC_CONCURRENT freed 679K, 27% free 6196K/8448K, paused 8ms+12ms, total 65ms
D/dalvikvm( 1135): WAIT_FOR_CONCURRENT_GC blocked 1ms
I/ActivityManager( 1551): Start proc com.android.keychain for broadcast com.android.keychain/.KeyChainBroadcastReceiver: pid=2156 uid=1000 gids={41000, 1028, 1015, 3002, 3001, 3003}
D/dalvikvm( 1135): GC_EXPLICIT freed 39K, 4% free 3113K/3228K, paused 1ms+1ms, total 19ms
D/dalvikvm( 1135): WAIT_FOR_CONCURRENT_GC blocked 3ms
D/dalvikvm( 1135): GC_EXPLICIT freed <1K, 4% free 3113K/3228K, paused 1ms+1ms, total 25ms
D/dalvikvm( 1135): GC_EXPLICIT freed <1K, 4% free 3113K/3228K, paused 7ms+1ms, total 26ms
W/ContextImpl( 2156): Calling a method in the system process without a qualified user: android.app.ContextImpl.startService:1479 android.content.ContextWrapper.startService:494 android.content.ContextWrapper.startService:494 com.android.keychain.KeyChainBroadcastReceiver.onReceive:12 android.app.ActivityThread.handleReceiver:2419 
I/ActivityManager( 1551): Start proc com.android.documentsui for broadcast com.android.documentsui/.PackageReceiver: pid=2170 uid=10023 gids={50023}
D/Documents( 2170): Loading roots for com.android.providers.downloads.documents
D/Documents( 2170): Loading roots for com.android.externalstorage.documents
D/dalvikvm( 2170): GC_CONCURRENT freed 389K, 13% free 3237K/3700K, paused 4ms+0ms, total 34ms
D/dalvikvm( 2170): WAIT_FOR_CONCURRENT_GC blocked 37ms
I/ActivityManager( 1551): Start proc com.android.externalstorage for content provider com.android.externalstorage/.ExternalStorageProvider: pid=2184 uid=10006 gids={50006, 1028, 1015, 1023}
D/ExternalStorage( 2184): After updating volumes, found 0 active roots
I/ActivityManager( 1551): Killing 1760:com.android.music/u0a32 (adj 15): empty #17
W/MediaFocusControl( 1551):   RemoteControlClient died
D/Documents( 2170): Loading roots for com.android.providers.media.documents
D/Documents( 2170): Updating roots due to change at content://com.android.externalstorage.documents/root
D/Documents( 2170): Update found 5 roots in 421ms
D/Documents( 2170): Used cached roots for com.android.providers.downloads.documents
D/Documents( 2170): Loading roots for com.android.externalstorage.documents
D/Documents( 2170): Used cached roots for com.android.providers.media.documents
D/Documents( 2170): Update found 5 roots in 17ms
D/dalvikvm( 1551): GC_FOR_ALLOC freed 695K, 26% free 6242K/8432K, paused 37ms, total 38ms
D/dalvikvm( 1551): GC_CONCURRENT freed 2K, 26% free 6310K/8432K, paused 8ms+2ms, total 58ms
D/===AVOS Cloud===( 1942): AVPersistenceUtils->saveContentToFile->137: java.io.FileNotFoundException: /storage/sdcard/Android/data/leancloud/dontpanic.cp: open failed: ENOENT (No such file or directory)
D/AndroidRuntime( 2202): 
D/AndroidRuntime( 2202): >>>>>> AndroidRuntime START com.android.internal.os.RuntimeInit <<<<<<
W/linker  ( 2202): libdvm.so has text relocations. This is wasting memory and is a security risk. Please fix.
D/AndroidRuntime( 2202): CheckJNI is ON
D/dalvikvm( 2202): Trying to load lib libjavacore.so 0x0
D/dalvikvm( 2202): Added shared lib libjavacore.so 0x0
D/dalvikvm( 2202): Trying to load lib libnativehelper.so 0x0
D/dalvikvm( 2202): Added shared lib libnativehelper.so 0x0
D/dalvikvm( 2202): No JNI_OnLoad found in libnativehelper.so 0x0, skipping init
D/dalvikvm( 2202): Note: class Landroid/app/ActivityManagerNative; has 179 unimplemented (abstract) methods
E/memtrack( 2202): Couldn't load memtrack module (No such file or directory)
E/android.os.Debug( 2202): failed to load memtrack module: -2
D/AndroidRuntime( 2202): Calling main entry com.android.commands.pm.Pm
W/ActivityManager( 1551): No content provider found for permission revoke: file:///data/local/tmp/basecamp3.apk
W/ActivityManager( 1551): No content provider found for permission revoke: file:///data/local/tmp/basecamp3.apk
I/PackageManager( 1551): Copying native libraries to /data/app-lib/vmdl133865572
D/dalvikvm( 1551): GC_FOR_ALLOC freed 516K, 23% free 6521K/8432K, paused 34ms, total 35ms
D/dalvikvm( 1551): GC_CONCURRENT freed 617K, 21% free 6665K/8432K, paused 11ms+2ms, total 114ms
D/dalvikvm( 1551): GC_CONCURRENT freed 334K, 15% free 7224K/8432K, paused 2ms+2ms, total 57ms
D/dalvikvm( 1551): WAIT_FOR_CONCURRENT_GC blocked 20ms
D/dalvikvm( 1551): GC_CONCURRENT freed 1005K, 15% free 7248K/8432K, paused 2ms+2ms, total 41ms
D/dalvikvm( 1551): WAIT_FOR_CONCURRENT_GC blocked 29ms
D/dalvikvm( 1551): GC_FOR_ALLOC freed 829K, 14% free 7253K/8432K, paused 32ms, total 33ms
D/dalvikvm( 1551): GC_FOR_ALLOC freed 825K, 14% free 7258K/8432K, paused 36ms, total 37ms
D/dalvikvm( 1551): GC_FOR_ALLOC freed 828K, 14% free 7263K/8432K, paused 39ms, total 40ms
D/dalvikvm( 1551): GC_FOR_ALLOC freed 838K, 14% free 7269K/8432K, paused 33ms, total 36ms
D/dalvikvm( 1551): GC_FOR_ALLOC freed 834K, 14% free 7275K/8432K, paused 32ms, total 33ms
D/dalvikvm( 1551): GC_FOR_ALLOC freed 832K, 14% free 7280K/8432K, paused 31ms, total 32ms
D/dalvikvm( 1551): GC_FOR_ALLOC freed 832K, 14% free 7285K/8432K, paused 34ms, total 36ms
D/dalvikvm( 1551): GC_FOR_ALLOC freed 841K, 14% free 7292K/8432K, paused 51ms, total 54ms
D/dalvikvm( 1551): GC_FOR_ALLOC freed 869K, 14% free 7306K/8432K, paused 36ms, total 37ms
D/dalvikvm( 1551): GC_FOR_ALLOC freed 869K, 14% free 7311K/8432K, paused 32ms, total 32ms
I/PackageManager( 1551): Running dexopt on: com.basecamp.bc3
W/linker  ( 2213): libdvm.so has text relocations. This is wasting memory and is a security risk. Please fix.
W/dalvikvm( 2213): method Landroid/support/v7/internal/widget/ListViewCompat;.lookForSelectablePosition incorrectly overrides package-private method with same name in Landroid/widget/ListView;
D/dalvikvm( 2213): DexOpt: couldn't find field Landroid/os/Message;.sendingUid
D/dalvikvm( 2213): DexOpt: load 260ms, verify+opt 1318ms, 4880548 bytes
I/ActivityManager( 1551): Force stopping com.basecamp.bc3 appid=10057 user=-1: update pkg
W/PackageManager( 1551): Not granting permission android.permission.GLOBAL_SEARCH to package com.android.quicksearchbox (protectionLevel=18 flags=0x88be45)
W/PackageManager( 1551): Unknown permission com.android.smspush.WAPPUSH_MANAGER_BIND in package com.android.phone
W/PackageManager( 1551): Not granting permission android.permission.UPDATE_DEVICE_STATS to package io.appium.settings (protectionLevel=18 flags=0x8446)
W/PackageManager( 1551): Not granting permission android.permission.MODIFY_PHONE_STATE to package io.appium.settings (protectionLevel=18 flags=0x8446)
W/PackageManager( 1551): Not granting permission android.permission.WRITE_SECURE_SETTINGS to package io.appium.settings (protectionLevel=50 flags=0x8446)
W/PackageManager( 1551): Unknown permission com.google.android.googleapps.permission.GOOGLE_AUTH in package com.android.providers.calendar
W/PackageManager( 1551): Unknown permission com.google.android.googleapps.permission.GOOGLE_AUTH.cl in package com.android.providers.calendar
W/PackageManager( 1551): Unknown permission com.google.android.googleapps.permission.GOOGLE_AUTH.mail in package com.android.calendar
W/PackageManager( 1551): Not granting permission android.permission.ACCESS_DOWNLOAD_MANAGER to package com.android.browser (protectionLevel=18 flags=0x89be45)
W/PackageManager( 1551): Not granting permission android.permission.SEND_DOWNLOAD_COMPLETED_INTENTS to package com.android.browser (protectionLevel=2 flags=0x89be45)
W/PackageManager( 1551): Not granting permission android.permission.BIND_APPWIDGET to package com.android.widgetpreview (protectionLevel=18 flags=0x8be44)
W/PackageManager( 1551): Unknown permission android.permission.INSTALL_DRM in package com.android.mms
W/PackageManager( 1551): Unknown permission com.google.android.googleapps.permission.GOOGLE_AUTH in package com.android.settings
W/PackageManager( 1551): Unknown permission com.google.android.googleapps.permission.ACCESS_GOOGLE_PASSWORD in package com.android.development
W/PackageManager( 1551): Unknown permission com.google.android.googleapps.permission.GOOGLE_AUTH in package com.android.development
W/PackageManager( 1551): Unknown permission com.google.android.googleapps.permission.GOOGLE_AUTH.ALL_SERVICES in package com.android.development
W/PackageManager( 1551): Unknown permission com.google.android.googleapps.permission.GOOGLE_AUTH.YouTubeUser in package com.android.development
W/PackageManager( 1551): Not granting permission android.permission.DELETE_PACKAGES to package com.svox.pico (protectionLevel=18 flags=0x88be45)
W/PackageManager( 1551): Not granting permission android.permission.DEVICE_POWER to package com.android.deskclock (protectionLevel=2 flags=0xc8be45)
W/PackageManager( 1551): Unknown permission com.google.android.c2dm.permission.RECEIVE in package com.basecamp.bc3
D/dalvikvm( 1551): WAIT_FOR_CONCURRENT_GC blocked 1ms
I/InputReader( 1551): Reconfiguring input devices.  changes=0x00000010
D/Documents( 2170): Used cached roots for com.android.providers.downloads.documents
D/Documents( 2170): Loading roots for com.android.externalstorage.documents
I/PackageManager( 1551):   Action: "android.intent.action.SENDTO"
I/PackageManager( 1551):   Category: "android.intent.category.DEFAULT"
I/PackageManager( 1551):   Scheme: "sms"
I/PackageManager( 1551): Adding preferred activity ComponentInfo{com.android.mms/com.android.mms.ui.ComposeMessageActivity} for user 0 :
D/dalvikvm( 1551): GC_EXPLICIT freed 759K, 13% free 7377K/8432K, paused 14ms+18ms, total 210ms
D/BackupManagerService( 1551): Received broadcast Intent { act=android.intent.action.PACKAGE_ADDED dat=package:com.basecamp.bc3 flg=0x4000010 (has extras) }
V/BackupManagerService( 1551): addPackageParticipantsLocked: #1
D/AndroidRuntime( 2202): Shutting down VM
D/dalvikvm( 2202): GC_CONCURRENT freed 93K, 15% free 551K/648K, paused 1ms+1ms, total 4ms
D/dalvikvm( 1657): GC_CONCURRENT freed 433K, 14% free 3690K/4248K, paused 10ms+2ms, total 50ms
I/PackageManager( 1551):   Action: "android.intent.action.SENDTO"
I/PackageManager( 1551):   Category: "android.intent.category.DEFAULT"
I/PackageManager( 1551):   Scheme: "smsto"
I/PackageManager( 1551): Adding preferred activity ComponentInfo{com.android.mms/com.android.mms.ui.ComposeMessageActivity} for user 0 :
D/Documents( 2170): Used cached roots for com.android.providers.media.documents
D/Documents( 2170): Update found 5 roots in 313ms
I/PackageManager( 1551):   Action: "android.intent.action.SENDTO"
I/PackageManager( 1551):   Category: "android.intent.category.DEFAULT"
I/PackageManager( 1551):   Scheme: "mms"
I/PackageManager( 1551): Adding preferred activity ComponentInfo{com.android.mms/com.android.mms.ui.ComposeMessageActivity} for user 0 :
I/PackageManager( 1551):   Action: "android.intent.action.SENDTO"
I/PackageManager( 1551): Adding preferred activity ComponentInfo{com.android.mms/com.android.mms.ui.ComposeMessageActivity} for user 0 :
I/PackageManager( 1551):   Category: "android.intent.category.DEFAULT"
I/PackageManager( 1551):   Scheme: "mmsto"
I/PackageManager( 1551):   Action: "android.intent.action.SENDTO"
I/PackageManager( 1551):   Category: "android.intent.category.DEFAULT"
I/PackageManager( 1551):   Scheme: "sms"
I/PackageManager( 1551): Adding preferred activity ComponentInfo{com.android.mms/com.android.mms.ui.ComposeMessageActivity} for user 0 :
I/PackageManager( 1551):   Action: "android.intent.action.SENDTO"
I/PackageManager( 1551):   Category: "android.intent.category.DEFAULT"
I/PackageManager( 1551):   Scheme: "smsto"
I/PackageManager( 1551): Adding preferred activity ComponentInfo{com.android.mms/com.android.mms.ui.ComposeMessageActivity} for user 0 :
I/PackageManager( 1551):   Action: "android.intent.action.SENDTO"
I/PackageManager( 1551):   Category: "android.intent.category.DEFAULT"
I/PackageManager( 1551):   Scheme: "mms"
I/PackageManager( 1551): Adding preferred activity ComponentInfo{com.android.mms/com.android.mms.ui.ComposeMessageActivity} for user 0 :
W/RecognitionManagerService( 1551): no available voice recognition services found for user 0
D/dalvikvm( 1677): GC_CONCURRENT freed 5209K, 24% free 16816K/22104K, paused 5ms+19ms, total 73ms
I/PackageManager( 1551):   Action: "android.intent.action.SENDTO"
I/PackageManager( 1551):   Category: "android.intent.category.DEFAULT"
I/PackageManager( 1551):   Scheme: "mmsto"
I/PackageManager( 1551): Adding preferred activity ComponentInfo{com.android.mms/com.android.mms.ui.ComposeMessageActivity} for user 0 :
D/dalvikvm( 1657): GC_CONCURRENT freed 404K, 13% free 3730K/4260K, paused 5ms+1ms, total 46ms
I/Choreographer( 1677): Skipped 41 frames!  The application may be doing too much work on its main thread.
D/dalvikvm( 1677): GC_FOR_ALLOC freed 1081K, 21% free 17561K/22104K, paused 19ms, total 19ms
D/dalvikvm( 1677): GC_CONCURRENT freed 138K, 13% free 19434K/22104K, paused 2ms+3ms, total 77ms
D/dalvikvm( 1677): WAIT_FOR_CONCURRENT_GC blocked 51ms
D/AndroidRuntime( 2221): 
D/AndroidRuntime( 2221): >>>>>> AndroidRuntime START com.android.internal.os.RuntimeInit <<<<<<
W/linker  ( 2221): libdvm.so has text relocations. This is wasting memory and is a security risk. Please fix.
D/AndroidRuntime( 2221): CheckJNI is ON
D/dalvikvm( 2221): Trying to load lib libjavacore.so 0x0
D/dalvikvm( 2221): Added shared lib libjavacore.so 0x0
D/dalvikvm( 2221): Trying to load lib libnativehelper.so 0x0
D/dalvikvm( 2221): Added shared lib libnativehelper.so 0x0
D/dalvikvm( 2221): No JNI_OnLoad found in libnativehelper.so 0x0, skipping init
D/dalvikvm( 2221): Note: class Landroid/app/ActivityManagerNative; has 179 unimplemented (abstract) methods
E/memtrack( 2221): Couldn't load memtrack module (No such file or directory)
E/android.os.Debug( 2221): failed to load memtrack module: -2
D/AndroidRuntime( 2221): Calling main entry com.android.commands.pm.Pm
I/ActivityManager( 1551): Force stopping com.basecamp.bc3 appid=10057 user=-1: uninstall pkg
W/PackageManager( 1551): Couldn't delete native library directory /data/app-lib/com.basecamp.bc3
I/PackageManager( 1551): Removing old permission: com.basecamp.bc3.gcm.permission.C2D_MESSAGE from package com.basecamp.bc3
W/PackageManager( 1551): Not granting permission android.permission.GLOBAL_SEARCH to package com.android.quicksearchbox (protectionLevel=18 flags=0x88be45)
W/PackageManager( 1551): Unknown permission com.android.smspush.WAPPUSH_MANAGER_BIND in package com.android.phone
W/PackageManager( 1551): Not granting permission android.permission.UPDATE_DEVICE_STATS to package io.appium.settings (protectionLevel=18 flags=0x8446)
W/PackageManager( 1551): Not granting permission android.permission.MODIFY_PHONE_STATE to package io.appium.settings (protectionLevel=18 flags=0x8446)
W/PackageManager( 1551): Not granting permission android.permission.WRITE_SECURE_SETTINGS to package io.appium.settings (protectionLevel=50 flags=0x8446)
W/PackageManager( 1551): Unknown permission com.google.android.googleapps.permission.GOOGLE_AUTH in package com.android.providers.calendar
W/PackageManager( 1551): Unknown permission com.google.android.googleapps.permission.GOOGLE_AUTH.cl in package com.android.providers.calendar
W/PackageManager( 1551): Unknown permission com.google.android.googleapps.permission.GOOGLE_AUTH.mail in package com.android.calendar
W/PackageManager( 1551): Not granting permission android.permission.ACCESS_DOWNLOAD_MANAGER to package com.android.browser (protectionLevel=18 flags=0x89be45)
W/PackageManager( 1551): Not granting permission android.permission.SEND_DOWNLOAD_COMPLETED_INTENTS to package com.android.browser (protectionLevel=2 flags=0x89be45)
W/PackageManager( 1551): Not granting permission android.permission.BIND_APPWIDGET to package com.android.widgetpreview (protectionLevel=18 flags=0x8be44)
W/PackageManager( 1551): Unknown permission android.permission.INSTALL_DRM in package com.android.mms
W/PackageManager( 1551): Unknown permission com.google.android.googleapps.permission.GOOGLE_AUTH in package com.android.settings
W/PackageManager( 1551): Unknown permission com.google.android.googleapps.permission.ACCESS_GOOGLE_PASSWORD in package com.android.development
W/PackageManager( 1551): Unknown permission com.google.android.googleapps.permission.GOOGLE_AUTH in package com.android.development
W/PackageManager( 1551): Unknown permission com.google.android.googleapps.permission.GOOGLE_AUTH.ALL_SERVICES in package com.android.development
W/PackageManager( 1551): Unknown permission com.google.android.googleapps.permission.GOOGLE_AUTH.YouTubeUser in package com.android.development
W/PackageManager( 1551): Not granting permission android.permission.DELETE_PACKAGES to package com.svox.pico (protectionLevel=18 flags=0x88be45)
W/PackageManager( 1551): Not granting permission android.permission.DEVICE_POWER to package com.android.deskclock (protectionLevel=2 flags=0xc8be45)
D/dalvikvm( 1551): GC_CONCURRENT freed 2188K, 27% free 6220K/8496K, paused 8ms+9ms, total 93ms
D/keystore( 1139): calling clear_uid in state: 3
I/ActivityManager( 1551): Force stopping com.basecamp.bc3 appid=10057 user=0: pkg removed
D/Documents( 2170): Used cached roots for com.android.providers.downloads.documents
D/Documents( 2170): Loading roots for com.android.externalstorage.documents
I/PackageManager( 1551):   Action: "android.intent.action.SENDTO"
I/PackageManager( 1551):   Category: "android.intent.category.DEFAULT"
I/PackageManager( 1551):   Scheme: "sms"
I/PackageManager( 1551): Adding preferred activity ComponentInfo{com.android.mms/com.android.mms.ui.ComposeMessageActivity} for user 0 :
I/InputReader( 1551): Reconfiguring input devices.  changes=0x00000010
D/dalvikvm( 1677): GC_EXPLICIT freed 186K, 10% free 20082K/22100K, paused 26ms+2ms, total 52ms
I/PackageManager( 1551):   Action: "android.intent.action.SENDTO"
I/PackageManager( 1551):   Category: "android.intent.category.DEFAULT"
I/PackageManager( 1551):   Scheme: "smsto"
D/BackupManagerService( 1551): Received broadcast Intent { act=android.intent.action.PACKAGE_REMOVED dat=package:com.basecamp.bc3 flg=0x4000010 (has extras) }
V/BackupManagerService( 1551): removePackageParticipantsLocked: uid=10057 #1
I/PackageManager( 1551): Adding preferred activity ComponentInfo{com.android.mms/com.android.mms.ui.ComposeMessageActivity} for user 0 :
I/LatinIME:LogUtils( 1636): Dictionary info: dictionary = main:en ; version = 42 ; date = 1381226429
I/PackageManager( 1551):   Action: "android.intent.action.SENDTO"
I/PackageManager( 1551):   Category: "android.intent.category.DEFAULT"
I/PackageManager( 1551):   Scheme: "mms"
I/PackageManager( 1551): Adding preferred activity ComponentInfo{com.android.mms/com.android.mms.ui.ComposeMessageActivity} for user 0 :
D/Documents( 2170): Used cached roots for com.android.providers.media.documents
D/Documents( 2170): Update found 5 roots in 212ms
I/PackageManager( 1551):   Action: "android.intent.action.SENDTO"
I/PackageManager( 1551):   Category: "android.intent.category.DEFAULT"
I/PackageManager( 1551):   Scheme: "mmsto"
I/PackageManager( 1551): Adding preferred activity ComponentInfo{com.android.mms/com.android.mms.ui.ComposeMessageActivity} for user 0 :
I/PackageManager( 1551):   Action: "android.intent.action.SENDTO"
I/PackageManager( 1551):   Category: "android.intent.category.DEFAULT"
I/PackageManager( 1551):   Scheme: "sms"
I/PackageManager( 1551): Adding preferred activity ComponentInfo{com.android.mms/com.android.mms.ui.ComposeMessageActivity} for user 0 :
D/dalvikvm( 1657): GC_CONCURRENT freed 391K, 13% free 3732K/4248K, paused 1ms+1ms, total 33ms
D/VoicemailCleanupService( 1715): Cleaning up data for package: com.basecamp.bc3
I/PackageManager( 1551):   Action: "android.intent.action.SENDTO"
I/PackageManager( 1551):   Category: "android.intent.category.DEFAULT"
I/PackageManager( 1551):   Scheme: "smsto"
D/dalvikvm( 1715): GC_CONCURRENT freed 246K, 9% free 3480K/3796K, paused 1ms+18ms, total 32ms
I/PackageManager( 1551): Adding preferred activity ComponentInfo{com.android.mms/com.android.mms.ui.ComposeMessageActivity} for user 0 :
D/dalvikvm( 1551): GC_CONCURRENT freed 739K, 26% free 6342K/8496K, paused 4ms+9ms, total 101ms
D/dalvikvm( 1551): WAIT_FOR_CONCURRENT_GC blocked 25ms
I/PackageManager( 1551):   Action: "android.intent.action.SENDTO"
I/PackageManager( 1551):   Category: "android.intent.category.DEFAULT"
I/PackageManager( 1551):   Scheme: "mms"
I/PackageManager( 1551): Adding preferred activity ComponentInfo{com.android.mms/com.android.mms.ui.ComposeMessageActivity} for user 0 :
I/PackageManager( 1551):   Action: "android.intent.action.SENDTO"
I/PackageManager( 1551):   Category: "android.intent.category.DEFAULT"
I/PackageManager( 1551):   Scheme: "mmsto"
I/PackageManager( 1551): Adding preferred activity ComponentInfo{com.android.mms/com.android.mms.ui.ComposeMessageActivity} for user 0 :
D/dalvikvm( 1551): GC_EXPLICIT freed 243K, 26% free 6308K/8496K, paused 2ms+10ms, total 179ms
D/AndroidRuntime( 2221): Shutting down VM
D/dalvikvm( 2221): GC_CONCURRENT freed 92K, 15% free 549K/644K, paused 0ms+0ms, total 2ms
I/Choreographer( 1677): Skipped 37 frames!  The application may be doing too much work on its main thread.
W/ContextImpl( 2156): Calling a method in the system process without a qualified user: android.app.ContextImpl.startService:1479 android.content.ContextWrapper.startService:494 android.content.ContextWrapper.startService:494 com.android.keychain.KeyChainBroadcastReceiver.onReceive:12 android.app.ActivityThread.handleReceiver:2419 
D/===AVOS Cloud===( 1942): AVPersistenceUtils->saveContentToFile->137: java.io.FileNotFoundException: /storage/sdcard/Android/data/leancloud/dontpanic.cp: open failed: ENOENT (No such file or directory)
D/AndroidRuntime( 2239): 
D/AndroidRuntime( 2239): >>>>>> AndroidRuntime START com.android.internal.os.RuntimeInit <<<<<<
W/linker  ( 2239): libdvm.so has text relocations. This is wasting memory and is a security risk. Please fix.
D/AndroidRuntime( 2239): CheckJNI is ON
D/dalvikvm( 2239): Trying to load lib libjavacore.so 0x0
D/dalvikvm( 2239): Added shared lib libjavacore.so 0x0
D/dalvikvm( 2239): Trying to load lib libnativehelper.so 0x0
D/dalvikvm( 2239): Added shared lib libnativehelper.so 0x0
D/dalvikvm( 2239): No JNI_OnLoad found in libnativehelper.so 0x0, skipping init
D/dalvikvm( 2239): Note: class Landroid/app/ActivityManagerNative; has 179 unimplemented (abstract) methods
E/memtrack( 2239): Couldn't load memtrack module (No such file or directory)
E/android.os.Debug( 2239): failed to load memtrack module: -2
D/AndroidRuntime( 2239): Calling main entry com.android.commands.pm.Pm
W/ActivityManager( 1551): No content provider found for permission revoke: file:///data/local/tmp/basecamp3.apk
W/ActivityManager( 1551): No content provider found for permission revoke: file:///data/local/tmp/basecamp3.apk
I/PackageManager( 1551): Copying native libraries to /data/app-lib/vmdl-824979455
D/dalvikvm( 1551): GC_CONCURRENT freed 525K, 24% free 6511K/8476K, paused 7ms+3ms, total 40ms
D/dalvikvm( 1551): WAIT_FOR_CONCURRENT_GC blocked 22ms
I/dalvikvm-heap( 1551): Grow heap (frag case) to 6.558MB for 129036-byte allocation
D/dalvikvm( 1551): GC_FOR_ALLOC freed 92K, 24% free 6545K/8604K, paused 49ms, total 49ms
D/dalvikvm( 1551): GC_FOR_ALLOC freed 194K, 24% free 6561K/8604K, paused 27ms, total 27ms
D/dalvikvm( 1551): GC_FOR_ALLOC freed 249K, 23% free 6641K/8604K, paused 32ms, total 33ms
D/dalvikvm( 1551): GC_FOR_ALLOC freed 62K, 23% free 6705K/8604K, paused 36ms, total 36ms
I/dalvikvm-heap( 1551): Grow heap (frag case) to 6.708MB for 89465-byte allocation
D/dalvikvm( 1551): GC_FOR_ALLOC freed 127K, 24% free 6665K/8692K, paused 48ms, total 48ms
D/dalvikvm( 1551): GC_CONCURRENT freed 328K, 17% free 7229K/8692K, paused 14ms+3ms, total 54ms
D/dalvikvm( 1551): WAIT_FOR_CONCURRENT_GC blocked 28ms
D/dalvikvm( 1551): GC_CONCURRENT freed 1008K, 17% free 7252K/8692K, paused 6ms+2ms, total 47ms
D/dalvikvm( 1551): WAIT_FOR_CONCURRENT_GC blocked 30ms
D/dalvikvm( 1551): GC_CONCURRENT freed 1025K, 17% free 7261K/8692K, paused 8ms+5ms, total 49ms
D/dalvikvm( 1551): WAIT_FOR_CONCURRENT_GC blocked 22ms
D/dalvikvm( 1551): GC_CONCURRENT freed 1028K, 17% free 7268K/8692K, paused 6ms+2ms, total 60ms
D/dalvikvm( 1551): WAIT_FOR_CONCURRENT_GC blocked 43ms
D/dalvikvm( 1551): GC_CONCURRENT freed 1033K, 17% free 7274K/8692K, paused 9ms+4ms, total 49ms
D/dalvikvm( 1551): WAIT_FOR_CONCURRENT_GC blocked 30ms
D/dalvikvm( 1551): GC_CONCURRENT freed 1035K, 17% free 7279K/8692K, paused 8ms+5ms, total 50ms
D/dalvikvm( 1551): WAIT_FOR_CONCURRENT_GC blocked 27ms
D/dalvikvm( 1551): GC_CONCURRENT freed 1040K, 17% free 7286K/8692K, paused 6ms+4ms, total 46ms
D/dalvikvm( 1551): WAIT_FOR_CONCURRENT_GC blocked 28ms
D/dalvikvm( 1551): GC_CONCURRENT freed 1041K, 17% free 7292K/8692K, paused 10ms+6ms, total 56ms
D/dalvikvm( 1551): WAIT_FOR_CONCURRENT_GC blocked 40ms
D/dalvikvm( 1551): GC_CONCURRENT freed 1019K, 16% free 7320K/8692K, paused 7ms+2ms, total 43ms
D/dalvikvm( 1551): WAIT_FOR_CONCURRENT_GC blocked 18ms
D/dalvikvm( 1551): GC_CONCURRENT freed 1059K, 16% free 7317K/8692K, paused 6ms+4ms, total 49ms
D/dalvikvm( 1551): WAIT_FOR_CONCURRENT_GC blocked 30ms
I/PackageManager( 1551): Running dexopt on: com.basecamp.bc3
W/linker  ( 2250): libdvm.so has text relocations. This is wasting memory and is a security risk. Please fix.
W/dalvikvm( 2250): method Landroid/support/v7/internal/widget/ListViewCompat;.lookForSelectablePosition incorrectly overrides package-private method with same name in Landroid/widget/ListView;
D/dalvikvm( 2250): DexOpt: couldn't find field Landroid/os/Message;.sendingUid
D/dalvikvm( 2250): DexOpt: load 225ms, verify+opt 1268ms, 4880548 bytes
I/ActivityManager( 1551): Force stopping com.basecamp.bc3 appid=10058 user=-1: update pkg
W/PackageManager( 1551): Not granting permission android.permission.GLOBAL_SEARCH to package com.android.quicksearchbox (protectionLevel=18 flags=0x88be45)
W/PackageManager( 1551): Unknown permission com.android.smspush.WAPPUSH_MANAGER_BIND in package com.android.phone
W/PackageManager( 1551): Not granting permission android.permission.UPDATE_DEVICE_STATS to package io.appium.settings (protectionLevel=18 flags=0x8446)
W/PackageManager( 1551): Not granting permission android.permission.MODIFY_PHONE_STATE to package io.appium.settings (protectionLevel=18 flags=0x8446)
W/PackageManager( 1551): Not granting permission android.permission.WRITE_SECURE_SETTINGS to package io.appium.settings (protectionLevel=50 flags=0x8446)
W/PackageManager( 1551): Unknown permission com.google.android.googleapps.permission.GOOGLE_AUTH in package com.android.providers.calendar
W/PackageManager( 1551): Unknown permission com.google.android.googleapps.permission.GOOGLE_AUTH.cl in package com.android.providers.calendar
W/PackageManager( 1551): Unknown permission com.google.android.googleapps.permission.GOOGLE_AUTH.mail in package com.android.calendar
W/PackageManager( 1551): Not granting permission android.permission.ACCESS_DOWNLOAD_MANAGER to package com.android.browser (protectionLevel=18 flags=0x89be45)
W/PackageManager( 1551): Not granting permission android.permission.SEND_DOWNLOAD_COMPLETED_INTENTS to package com.android.browser (protectionLevel=2 flags=0x89be45)
W/PackageManager( 1551): Not granting permission android.permission.BIND_APPWIDGET to package com.android.widgetpreview (protectionLevel=18 flags=0x8be44)
W/PackageManager( 1551): Unknown permission android.permission.INSTALL_DRM in package com.android.mms
W/PackageManager( 1551): Unknown permission com.google.android.googleapps.permission.GOOGLE_AUTH in package com.android.settings
W/PackageManager( 1551): Unknown permission com.google.android.googleapps.permission.ACCESS_GOOGLE_PASSWORD in package com.android.development
W/PackageManager( 1551): Unknown permission com.google.android.googleapps.permission.GOOGLE_AUTH in package com.android.development
W/PackageManager( 1551): Unknown permission com.google.android.googleapps.permission.GOOGLE_AUTH.ALL_SERVICES in package com.android.development
W/PackageManager( 1551): Unknown permission com.google.android.googleapps.permission.GOOGLE_AUTH.YouTubeUser in package com.android.development
W/PackageManager( 1551): Not granting permission android.permission.DELETE_PACKAGES to package com.svox.pico (protectionLevel=18 flags=0x88be45)
W/PackageManager( 1551): Not granting permission android.permission.DEVICE_POWER to package com.android.deskclock (protectionLevel=2 flags=0xc8be45)
W/PackageManager( 1551): Unknown permission com.google.android.c2dm.permission.RECEIVE in package com.basecamp.bc3
I/PackageManager( 1551):   Action: "android.intent.action.SENDTO"
I/PackageManager( 1551):   Category: "android.intent.category.DEFAULT"
I/PackageManager( 1551):   Scheme: "sms"
I/PackageManager( 1551): Adding preferred activity ComponentInfo{com.android.mms/com.android.mms.ui.ComposeMessageActivity} for user 0 :
D/Documents( 2170): Used cached roots for com.android.providers.downloads.documents
D/Documents( 2170): Loading roots for com.android.externalstorage.documents
I/InputReader( 1551): Reconfiguring input devices.  changes=0x00000010
D/BackupManagerService( 1551): Received broadcast Intent { act=android.intent.action.PACKAGE_ADDED dat=package:com.basecamp.bc3 flg=0x4000010 (has extras) }
I/PackageManager( 1551):   Action: "android.intent.action.SENDTO"
I/PackageManager( 1551):   Category: "android.intent.category.DEFAULT"
I/PackageManager( 1551):   Scheme: "smsto"
I/PackageManager( 1551): Adding preferred activity ComponentInfo{com.android.mms/com.android.mms.ui.ComposeMessageActivity} for user 0 :
D/dalvikvm( 1551): GC_EXPLICIT freed 906K, 15% free 7444K/8692K, paused 13ms+39ms, total 192ms
D/AndroidRuntime( 2239): Shutting down VM
V/BackupManagerService( 1551): addPackageParticipantsLocked: #1
D/Documents( 2170): Used cached roots for com.android.providers.media.documents
D/Documents( 2170): Update found 5 roots in 190ms
D/dalvikvm( 2239): GC_CONCURRENT freed 93K, 15% free 551K/648K, paused 1ms+0ms, total 13ms
I/PackageManager( 1551):   Action: "android.intent.action.SENDTO"
I/PackageManager( 1551):   Category: "android.intent.category.DEFAULT"
I/PackageManager( 1551):   Scheme: "mms"
I/PackageManager( 1551): Adding preferred activity ComponentInfo{com.android.mms/com.android.mms.ui.ComposeMessageActivity} for user 0 :
D/dalvikvm( 1657): GC_CONCURRENT freed 484K, 14% free 3706K/4296K, paused 1ms+1ms, total 92ms
I/PackageManager( 1551):   Action: "android.intent.action.SENDTO"
I/PackageManager( 1551):   Category: "android.intent.category.DEFAULT"
I/PackageManager( 1551):   Scheme: "mmsto"
I/PackageManager( 1551): Adding preferred activity ComponentInfo{com.android.mms/com.android.mms.ui.ComposeMessageActivity} for user 0 :
I/PackageManager( 1551):   Action: "android.intent.action.SENDTO"
I/PackageManager( 1551):   Category: "android.intent.category.DEFAULT"
I/PackageManager( 1551):   Scheme: "sms"
I/PackageManager( 1551): Adding preferred activity ComponentInfo{com.android.mms/com.android.mms.ui.ComposeMessageActivity} for user 0 :
I/PackageManager( 1551):   Action: "android.intent.action.SENDTO"
I/PackageManager( 1551):   Category: "android.intent.category.DEFAULT"
I/PackageManager( 1551):   Scheme: "smsto"
I/PackageManager( 1551): Adding preferred activity ComponentInfo{com.android.mms/com.android.mms.ui.ComposeMessageActivity} for user 0 :
I/PackageManager( 1551):   Action: "android.intent.action.SENDTO"
I/PackageManager( 1551):   Category: "android.intent.category.DEFAULT"
I/PackageManager( 1551):   Scheme: "mms"
I/PackageManager( 1551): Adding preferred activity ComponentInfo{com.android.mms/com.android.mms.ui.ComposeMessageActivity} for user 0 :
I/PackageManager( 1551):   Action: "android.intent.action.SENDTO"
I/PackageManager( 1551):   Category: "android.intent.category.DEFAULT"
I/PackageManager( 1551):   Scheme: "mmsto"
I/PackageManager( 1551): Adding preferred activity ComponentInfo{com.android.mms/com.android.mms.ui.ComposeMessageActivity} for user 0 :
D/dalvikvm( 1657): GC_CONCURRENT freed 354K, 14% free 3736K/4296K, paused 4ms+1ms, total 25ms
I/Choreographer( 1677): Skipped 33 frames!  The application may be doing too much work on its main thread.
W/RecognitionManagerService( 1551): no available voice recognition services found for user 0
D/dalvikvm( 1677): GC_CONCURRENT freed 4370K, 21% free 17685K/22132K, paused 20ms+21ms, total 89ms
D/dalvikvm( 1677): GC_CONCURRENT freed 1015K, 16% free 18682K/22132K, paused 8ms+5ms, total 71ms
D/===AVOS Cloud===( 1942): AVPersistenceUtils->saveContentToFile->137: java.io.FileNotFoundException: /storage/sdcard/Android/data/leancloud/dontpanic.cp: open failed: ENOENT (No such file or directory)
D/===AVOS Cloud===( 1942): AVPersistenceUtils->saveContentToFile->137: java.io.FileNotFoundException: /storage/sdcard/Android/data/leancloud/dontpanic.cp: open failed: ENOENT (No such file or directory)
D/===AVOS Cloud===( 1942): AVPersistenceUtils->saveContentToFile->137: java.io.FileNotFoundException: /storage/sdcard/Android/data/leancloud/dontpanic.cp: open failed: ENOENT (No such file or directory)
D/===AVOS Cloud===( 1942): AVPersistenceUtils->saveContentToFile->137: java.io.FileNotFoundException: /storage/sdcard/Android/data/leancloud/dontpanic.cp: open failed: ENOENT (No such file or directory)
D/===AVOS Cloud===( 1942): AVPersistenceUtils->saveContentToFile->137: java.io.FileNotFoundException: /storage/sdcard/Android/data/leancloud/dontpanic.cp: open failed: ENOENT (No such file or directory)
D/===AVOS Cloud===( 1942): AVPersistenceUtils->saveContentToFile->137: java.io.FileNotFoundException: /storage/sdcard/Android/data/leancloud/dontpanic.cp: open failed: ENOENT (No such file or directory)
D/===AVOS Cloud===( 1942): AVPersistenceUtils->saveContentToFile->137: java.io.FileNotFoundException: /storage/sdcard/Android/data/leancloud/dontpanic.cp: open failed: ENOENT (No such file or directory)
